ARM Linker, 5.03 [Build 76] [MDK-ARM Standard]

==============================================================================

Section Cross References

    startup_stm32f10x_md.o(RESET) refers to startup_stm32f10x_md.o(STACK) for __initial_sp
    startup_stm32f10x_md.o(RESET) refers to startup_stm32f10x_md.o(.text) for Reset_Handler
    startup_stm32f10x_md.o(.text) refers to system_stm32f10x.o(.text) for SystemInit
    startup_stm32f10x_md.o(.text) refers to entry.o(.ARM.Collect$$$$00000000) for __main
    system_stm32f10x.o(.text) refers to system_stm32f10x.o(.data) for SystemCoreClock
    stm32f10x_rcc.o(.text) refers to stm32f10x_rcc.o(.data) for APBAHBPrescTable
    stm32f10x_gpio.o(.text) refers to stm32f10x_rcc.o(.text) for RCC_APB2PeriphResetCmd
    stm32f10x_tim.o(.text) refers to stm32f10x_rcc.o(.text) for RCC_APB2PeriphResetCmd
    experiment_stm32f1.o(.text) refers to stm32f10x_rcc.o(.text) for RCC_APB1PeriphClockCmd
    experiment_stm32f1.o(.text) refers to stm32f10x_gpio.o(.text) for GPIO_Init
    experiment_stm32f1.o(.text) refers to stm32f10x_tim.o(.text) for TIM_DeInit
    experiment_stm32f1.o(.text) refers to stm32f1_delay.o(.text) for Delay_1ms
    entry.o(.ARM.Collect$$$$00000000) refers (Special) to entry10a.o(.ARM.Collect$$$$0000000D) for __rt_final_cpp
    entry.o(.ARM.Collect$$$$00000000) refers (Special) to entry11a.o(.ARM.Collect$$$$0000000F) for __rt_final_exit
    entry.o(.ARM.Collect$$$$00000000) refers (Special) to entry7b.o(.ARM.Collect$$$$00000008) for _main_clock
    entry.o(.ARM.Collect$$$$00000000) refers (Special) to entry8b.o(.ARM.Collect$$$$0000000A) for _main_cpp_init
    entry.o(.ARM.Collect$$$$00000000) refers (Special) to entry9a.o(.ARM.Collect$$$$0000000B) for _main_init
    entry.o(.ARM.Collect$$$$00000000) refers (Special) to entry5.o(.ARM.Collect$$$$00000004) for _main_scatterload
    entry.o(.ARM.Collect$$$$00000000) refers (Special) to entry2.o(.ARM.Collect$$$$00000001) for _main_stk
    entry2.o(.ARM.Collect$$$$00000001) refers to entry2.o(.ARM.Collect$$$$00002712) for __lit__00000000
    entry2.o(.ARM.Collect$$$$00002712) refers to startup_stm32f10x_md.o(STACK) for __initial_sp
    entry2.o(__vectab_stack_and_reset_area) refers to startup_stm32f10x_md.o(STACK) for __initial_sp
    entry2.o(__vectab_stack_and_reset_area) refers to entry.o(.ARM.Collect$$$$00000000) for __main
    entry5.o(.ARM.Collect$$$$00000004) refers to init.o(.text) for __scatterload
    entry9a.o(.ARM.Collect$$$$0000000B) refers to experiment_stm32f1.o(.text) for main
    entry9b.o(.ARM.Collect$$$$0000000C) refers to experiment_stm32f1.o(.text) for main
    init.o(.text) refers to entry5.o(.ARM.Collect$$$$00000004) for __main_after_scatterload


==============================================================================

Removing Unused input sections from the image.

    Removing startup_stm32f10x_md.o(HEAP), (512 bytes).

1 unused section(s) (total 512 bytes) removed from the image.

==============================================================================

Image Symbol Table

    Local Symbols

    Symbol Name                              Value     Ov Type        Size  Object(Section)

    ../clib/microlib/init/entry.s            0x00000000   Number         0  entry.o ABSOLUTE
    ../clib/microlib/init/entry.s            0x00000000   Number         0  entry11b.o ABSOLUTE
    ../clib/microlib/init/entry.s            0x00000000   Number         0  entry11a.o ABSOLUTE
    ../clib/microlib/init/entry.s            0x00000000   Number         0  entry10b.o ABSOLUTE
    ../clib/microlib/init/entry.s            0x00000000   Number         0  entry10a.o ABSOLUTE
    ../clib/microlib/init/entry.s            0x00000000   Number         0  entry9b.o ABSOLUTE
    ../clib/microlib/init/entry.s            0x00000000   Number         0  entry9a.o ABSOLUTE
    ../clib/microlib/init/entry.s            0x00000000   Number         0  entry8b.o ABSOLUTE
    ../clib/microlib/init/entry.s            0x00000000   Number         0  entry8a.o ABSOLUTE
    ../clib/microlib/init/entry.s            0x00000000   Number         0  entry7b.o ABSOLUTE
    ../clib/microlib/init/entry.s            0x00000000   Number         0  entry7a.o ABSOLUTE
    ../clib/microlib/init/entry.s            0x00000000   Number         0  entry5.o ABSOLUTE
    ../clib/microlib/init/entry.s            0x00000000   Number         0  entry2.o ABSOLUTE
    ..\Libraries\CMSIS\startup_stm32f10x_md.s 0x00000000   Number         0  startup_stm32f10x_md.o ABSOLUTE
    ..\Libraries\CMSIS\system_stm32f10x.c    0x00000000   Number         0  system_stm32f10x.o ABSOLUTE
    ..\Libraries\STM32F10x_StdPeriph_Driver\src\stm32f10x_gpio.c 0x00000000   Number         0  stm32f10x_gpio.o ABSOLUTE
    ..\Libraries\STM32F10x_StdPeriph_Driver\src\stm32f10x_rcc.c 0x00000000   Number         0  stm32f10x_rcc.o ABSOLUTE
    ..\Libraries\STM32F10x_StdPeriph_Driver\src\stm32f10x_tim.c 0x00000000   Number         0  stm32f10x_tim.o ABSOLUTE
    ..\Program\experiment_stm32f1.c          0x00000000   Number         0  experiment_stm32f1.o ABSOLUTE
    ..\Program\stm32f1_delay.c               0x00000000   Number         0  stm32f1_delay.o ABSOLUTE
    ..\Program\stm32f1_system.c              0x00000000   Number         0  stm32f1_system.o ABSOLUTE
    dc.s                                     0x00000000   Number         0  dc.o ABSOLUTE
    handlers.s                               0x00000000   Number         0  handlers.o ABSOLUTE
    init.s                                   0x00000000   Number         0  init.o ABSOLUTE
    RESET                                    0x08000000   Section      236  startup_stm32f10x_md.o(RESET)
    .ARM.Collect$$$$00000000                 0x080000ec   Section        0  entry.o(.ARM.Collect$$$$00000000)
    .ARM.Collect$$$$00000001                 0x080000ec   Section        4  entry2.o(.ARM.Collect$$$$00000001)
    .ARM.Collect$$$$00000004                 0x080000f0   Section        4  entry5.o(.ARM.Collect$$$$00000004)
    .ARM.Collect$$$$00000008                 0x080000f4   Section        0  entry7b.o(.ARM.Collect$$$$00000008)
    .ARM.Collect$$$$0000000A                 0x080000f4   Section        0  entry8b.o(.ARM.Collect$$$$0000000A)
    .ARM.Collect$$$$0000000B                 0x080000f4   Section        8  entry9a.o(.ARM.Collect$$$$0000000B)
    .ARM.Collect$$$$0000000D                 0x080000fc   Section        0  entry10a.o(.ARM.Collect$$$$0000000D)
    .ARM.Collect$$$$0000000F                 0x080000fc   Section        0  entry11a.o(.ARM.Collect$$$$0000000F)
    .ARM.Collect$$$$00002712                 0x080000fc   Section        4  entry2.o(.ARM.Collect$$$$00002712)
    __lit__00000000                          0x080000fc   Data           4  entry2.o(.ARM.Collect$$$$00002712)
    .text                                    0x08000100   Section       36  startup_stm32f10x_md.o(.text)
    .text                                    0x08000124   Section        0  system_stm32f10x.o(.text)
    SetSysClockTo72                          0x08000125   Thumb Code   212  system_stm32f10x.o(.text)
    SetSysClock                              0x080001f9   Thumb Code     8  system_stm32f10x.o(.text)
    .text                                    0x08000300   Section        0  stm32f10x_rcc.o(.text)
    .text                                    0x080006a4   Section        0  stm32f10x_gpio.o(.text)
    .text                                    0x080009fc   Section        0  stm32f10x_tim.o(.text)
    TI4_Config                               0x08000ea3   Thumb Code   130  stm32f10x_tim.o(.text)
    TI3_Config                               0x08000f37   Thumb Code   122  stm32f10x_tim.o(.text)
    TI2_Config                               0x08000fcb   Thumb Code   130  stm32f10x_tim.o(.text)
    TI1_Config                               0x0800105f   Thumb Code   108  stm32f10x_tim.o(.text)
    .text                                    0x08001818   Section        0  stm32f1_delay.o(.text)
    .text                                    0x080018ac   Section        0  experiment_stm32f1.o(.text)
    .text                                    0x08001a8c   Section       36  init.o(.text)
    i.__scatterload_copy                     0x08001ab0   Section       14  handlers.o(i.__scatterload_copy)
    i.__scatterload_null                     0x08001abe   Section        2  handlers.o(i.__scatterload_null)
    i.__scatterload_zeroinit                 0x08001ac0   Section       14  handlers.o(i.__scatterload_zeroinit)
    .data                                    0x20000000   Section       20  system_stm32f10x.o(.data)
    .data                                    0x20000014   Section       20  stm32f10x_rcc.o(.data)
    APBAHBPrescTable                         0x20000014   Data          16  stm32f10x_rcc.o(.data)
    ADCPrescTable                            0x20000024   Data           4  stm32f10x_rcc.o(.data)
    STACK                                    0x20000028   Section     1024  startup_stm32f10x_md.o(STACK)

    Global Symbols

    Symbol Name                              Value     Ov Type        Size  Object(Section)

    BuildAttributes$$THM_ISAv4$P$D$K$B$S$PE$A:L22UL41UL21$X:L11$S22US41US21$IEEE1$IW$USESV6$~STKCKD$USESV7$~SHL$OSPACE$EBA8$MICROLIB$REQ8$PRES8$EABIv2 0x00000000   Number         0  anon$$obj.o ABSOLUTE
    __ARM_use_no_argv                        0x00000000   Number         0  experiment_stm32f1.o ABSOLUTE
    __cpp_initialize__aeabi_                  - Undefined Weak Reference
    __cxa_finalize                            - Undefined Weak Reference
    __decompress                              - Undefined Weak Reference
    _clock_init                               - Undefined Weak Reference
    _microlib_exit                            - Undefined Weak Reference
    __Vectors_Size                           0x000000ec   Number         0  startup_stm32f10x_md.o ABSOLUTE
    __Vectors                                0x08000000   Data           4  startup_stm32f10x_md.o(RESET)
    __Vectors_End                            0x080000ec   Data           0  startup_stm32f10x_md.o(RESET)
    __main                                   0x080000ed   Thumb Code     0  entry.o(.ARM.Collect$$$$00000000)
    _main_stk                                0x080000ed   Thumb Code     0  entry2.o(.ARM.Collect$$$$00000001)
    _main_scatterload                        0x080000f1   Thumb Code     0  entry5.o(.ARM.Collect$$$$00000004)
    __main_after_scatterload                 0x080000f5   Thumb Code     0  entry5.o(.ARM.Collect$$$$00000004)
    _main_clock                              0x080000f5   Thumb Code     0  entry7b.o(.ARM.Collect$$$$00000008)
    _main_cpp_init                           0x080000f5   Thumb Code     0  entry8b.o(.ARM.Collect$$$$0000000A)
    _main_init                               0x080000f5   Thumb Code     0  entry9a.o(.ARM.Collect$$$$0000000B)
    __rt_final_cpp                           0x080000fd   Thumb Code     0  entry10a.o(.ARM.Collect$$$$0000000D)
    __rt_final_exit                          0x080000fd   Thumb Code     0  entry11a.o(.ARM.Collect$$$$0000000F)
    Reset_Handler                            0x08000101   Thumb Code     8  startup_stm32f10x_md.o(.text)
    NMI_Handler                              0x08000109   Thumb Code     2  startup_stm32f10x_md.o(.text)
    HardFault_Handler                        0x0800010b   Thumb Code     2  startup_stm32f10x_md.o(.text)
    MemManage_Handler                        0x0800010d   Thumb Code     2  startup_stm32f10x_md.o(.text)
    BusFault_Handler                         0x0800010f   Thumb Code     2  startup_stm32f10x_md.o(.text)
    UsageFault_Handler                       0x08000111   Thumb Code     2  startup_stm32f10x_md.o(.text)
    SVC_Handler                              0x08000113   Thumb Code     2  startup_stm32f10x_md.o(.text)
    DebugMon_Handler                         0x08000115   Thumb Code     2  startup_stm32f10x_md.o(.text)
    PendSV_Handler                           0x08000117   Thumb Code     2  startup_stm32f10x_md.o(.text)
    SysTick_Handler                          0x08000119   Thumb Code     2  startup_stm32f10x_md.o(.text)
    ADC1_2_IRQHandler                        0x0800011b   Thumb Code     0  startup_stm32f10x_md.o(.text)
    CAN1_RX1_IRQHandler                      0x0800011b   Thumb Code     0  startup_stm32f10x_md.o(.text)
    CAN1_SCE_IRQHandler                      0x0800011b   Thumb Code     0  startup_stm32f10x_md.o(.text)
    DMA1_Channel1_IRQHandler                 0x0800011b   Thumb Code     0  startup_stm32f10x_md.o(.text)
    DMA1_Channel2_IRQHandler                 0x0800011b   Thumb Code     0  startup_stm32f10x_md.o(.text)
    DMA1_Channel3_IRQHandler                 0x0800011b   Thumb Code     0  startup_stm32f10x_md.o(.text)
    DMA1_Channel4_IRQHandler                 0x0800011b   Thumb Code     0  startup_stm32f10x_md.o(.text)
    DMA1_Channel5_IRQHandler                 0x0800011b   Thumb Code     0  startup_stm32f10x_md.o(.text)
    DMA1_Channel6_IRQHandler                 0x0800011b   Thumb Code     0  startup_stm32f10x_md.o(.text)
    DMA1_Channel7_IRQHandler                 0x0800011b   Thumb Code     0  startup_stm32f10x_md.o(.text)
    EXTI0_IRQHandler                         0x0800011b   Thumb Code     0  startup_stm32f10x_md.o(.text)
    EXTI15_10_IRQHandler                     0x0800011b   Thumb Code     0  startup_stm32f10x_md.o(.text)
    EXTI1_IRQHandler                         0x0800011b   Thumb Code     0  startup_stm32f10x_md.o(.text)
    EXTI2_IRQHandler                         0x0800011b   Thumb Code     0  startup_stm32f10x_md.o(.text)
    EXTI3_IRQHandler                         0x0800011b   Thumb Code     0  startup_stm32f10x_md.o(.text)
    EXTI4_IRQHandler                         0x0800011b   Thumb Code     0  startup_stm32f10x_md.o(.text)
    EXTI9_5_IRQHandler                       0x0800011b   Thumb Code     0  startup_stm32f10x_md.o(.text)
    FLASH_IRQHandler                         0x0800011b   Thumb Code     0  startup_stm32f10x_md.o(.text)
    I2C1_ER_IRQHandler                       0x0800011b   Thumb Code     0  startup_stm32f10x_md.o(.text)
    I2C1_EV_IRQHandler                       0x0800011b   Thumb Code     0  startup_stm32f10x_md.o(.text)
    I2C2_ER_IRQHandler                       0x0800011b   Thumb Code     0  startup_stm32f10x_md.o(.text)
    I2C2_EV_IRQHandler                       0x0800011b   Thumb Code     0  startup_stm32f10x_md.o(.text)
    PVD_IRQHandler                           0x0800011b   Thumb Code     0  startup_stm32f10x_md.o(.text)
    RCC_IRQHandler                           0x0800011b   Thumb Code     0  startup_stm32f10x_md.o(.text)
    RTCAlarm_IRQHandler                      0x0800011b   Thumb Code     0  startup_stm32f10x_md.o(.text)
    RTC_IRQHandler                           0x0800011b   Thumb Code     0  startup_stm32f10x_md.o(.text)
    SPI1_IRQHandler                          0x0800011b   Thumb Code     0  startup_stm32f10x_md.o(.text)
    SPI2_IRQHandler                          0x0800011b   Thumb Code     0  startup_stm32f10x_md.o(.text)
    TAMPER_IRQHandler                        0x0800011b   Thumb Code     0  startup_stm32f10x_md.o(.text)
    TIM1_BRK_IRQHandler                      0x0800011b   Thumb Code     0  startup_stm32f10x_md.o(.text)
    TIM1_CC_IRQHandler                       0x0800011b   Thumb Code     0  startup_stm32f10x_md.o(.text)
    TIM1_TRG_COM_IRQHandler                  0x0800011b   Thumb Code     0  startup_stm32f10x_md.o(.text)
    TIM1_UP_IRQHandler                       0x0800011b   Thumb Code     0  startup_stm32f10x_md.o(.text)
    TIM2_IRQHandler                          0x0800011b   Thumb Code     0  startup_stm32f10x_md.o(.text)
    TIM3_IRQHandler                          0x0800011b   Thumb Code     0  startup_stm32f10x_md.o(.text)
    TIM4_IRQHandler                          0x0800011b   Thumb Code     0  startup_stm32f10x_md.o(.text)
    USART1_IRQHandler                        0x0800011b   Thumb Code     0  startup_stm32f10x_md.o(.text)
    USART2_IRQHandler                        0x0800011b   Thumb Code     0  startup_stm32f10x_md.o(.text)
    USART3_IRQHandler                        0x0800011b   Thumb Code     0  startup_stm32f10x_md.o(.text)
    USBWakeUp_IRQHandler                     0x0800011b   Thumb Code     0  startup_stm32f10x_md.o(.text)
    USB_HP_CAN1_TX_IRQHandler                0x0800011b   Thumb Code     0  startup_stm32f10x_md.o(.text)
    USB_LP_CAN1_RX0_IRQHandler               0x0800011b   Thumb Code     0  startup_stm32f10x_md.o(.text)
    WWDG_IRQHandler                          0x0800011b   Thumb Code     0  startup_stm32f10x_md.o(.text)
    SystemInit                               0x08000201   Thumb Code    78  system_stm32f10x.o(.text)
    SystemCoreClockUpdate                    0x0800024f   Thumb Code   142  system_stm32f10x.o(.text)
    RCC_DeInit                               0x08000301   Thumb Code    64  stm32f10x_rcc.o(.text)
    RCC_HSEConfig                            0x08000341   Thumb Code    70  stm32f10x_rcc.o(.text)
    RCC_GetFlagStatus                        0x08000387   Thumb Code    56  stm32f10x_rcc.o(.text)
    RCC_WaitForHSEStartUp                    0x080003bf   Thumb Code    56  stm32f10x_rcc.o(.text)
    RCC_AdjustHSICalibrationValue            0x080003f7   Thumb Code    20  stm32f10x_rcc.o(.text)
    RCC_HSICmd                               0x0800040b   Thumb Code     6  stm32f10x_rcc.o(.text)
    RCC_PLLConfig                            0x08000411   Thumb Code    24  stm32f10x_rcc.o(.text)
    RCC_PLLCmd                               0x08000429   Thumb Code     6  stm32f10x_rcc.o(.text)
    RCC_SYSCLKConfig                         0x0800042f   Thumb Code    18  stm32f10x_rcc.o(.text)
    RCC_GetSYSCLKSource                      0x08000441   Thumb Code    10  stm32f10x_rcc.o(.text)
    RCC_HCLKConfig                           0x0800044b   Thumb Code    18  stm32f10x_rcc.o(.text)
    RCC_PCLK1Config                          0x0800045d   Thumb Code    18  stm32f10x_rcc.o(.text)
    RCC_PCLK2Config                          0x0800046f   Thumb Code    20  stm32f10x_rcc.o(.text)
    RCC_ITConfig                             0x08000483   Thumb Code    26  stm32f10x_rcc.o(.text)
    RCC_USBCLKConfig                         0x0800049d   Thumb Code     6  stm32f10x_rcc.o(.text)
    RCC_ADCCLKConfig                         0x080004a3   Thumb Code    18  stm32f10x_rcc.o(.text)
    RCC_LSEConfig                            0x080004b5   Thumb Code    44  stm32f10x_rcc.o(.text)
    RCC_LSICmd                               0x080004e1   Thumb Code     6  stm32f10x_rcc.o(.text)
    RCC_RTCCLKConfig                         0x080004e7   Thumb Code    12  stm32f10x_rcc.o(.text)
    RCC_RTCCLKCmd                            0x080004f3   Thumb Code     8  stm32f10x_rcc.o(.text)
    RCC_GetClocksFreq                        0x080004fb   Thumb Code   192  stm32f10x_rcc.o(.text)
    RCC_AHBPeriphClockCmd                    0x080005bb   Thumb Code    26  stm32f10x_rcc.o(.text)
    RCC_APB2PeriphClockCmd                   0x080005d5   Thumb Code    26  stm32f10x_rcc.o(.text)
    RCC_APB1PeriphClockCmd                   0x080005ef   Thumb Code    26  stm32f10x_rcc.o(.text)
    RCC_APB2PeriphResetCmd                   0x08000609   Thumb Code    26  stm32f10x_rcc.o(.text)
    RCC_APB1PeriphResetCmd                   0x08000623   Thumb Code    26  stm32f10x_rcc.o(.text)
    RCC_BackupResetCmd                       0x0800063d   Thumb Code     8  stm32f10x_rcc.o(.text)
    RCC_ClockSecuritySystemCmd               0x08000645   Thumb Code     6  stm32f10x_rcc.o(.text)
    RCC_MCOConfig                            0x0800064b   Thumb Code     6  stm32f10x_rcc.o(.text)
    RCC_ClearFlag                            0x08000651   Thumb Code    14  stm32f10x_rcc.o(.text)
    RCC_GetITStatus                          0x0800065f   Thumb Code    20  stm32f10x_rcc.o(.text)
    RCC_ClearITPendingBit                    0x08000673   Thumb Code     6  stm32f10x_rcc.o(.text)
    GPIO_DeInit                              0x080006a5   Thumb Code   172  stm32f10x_gpio.o(.text)
    GPIO_AFIODeInit                          0x08000751   Thumb Code    20  stm32f10x_gpio.o(.text)
    GPIO_Init                                0x08000765   Thumb Code   274  stm32f10x_gpio.o(.text)
    GPIO_StructInit                          0x08000877   Thumb Code    16  stm32f10x_gpio.o(.text)
    GPIO_ReadInputDataBit                    0x08000887   Thumb Code    18  stm32f10x_gpio.o(.text)
    GPIO_ReadInputData                       0x08000899   Thumb Code     8  stm32f10x_gpio.o(.text)
    GPIO_ReadOutputDataBit                   0x080008a1   Thumb Code    18  stm32f10x_gpio.o(.text)
    GPIO_ReadOutputData                      0x080008b3   Thumb Code     8  stm32f10x_gpio.o(.text)
    GPIO_SetBits                             0x080008bb   Thumb Code     4  stm32f10x_gpio.o(.text)
    GPIO_ResetBits                           0x080008bf   Thumb Code     4  stm32f10x_gpio.o(.text)
    GPIO_WriteBit                            0x080008c3   Thumb Code    10  stm32f10x_gpio.o(.text)
    GPIO_Write                               0x080008cd   Thumb Code     4  stm32f10x_gpio.o(.text)
    GPIO_PinLockConfig                       0x080008d1   Thumb Code    18  stm32f10x_gpio.o(.text)
    GPIO_EventOutputConfig                   0x080008e3   Thumb Code    26  stm32f10x_gpio.o(.text)
    GPIO_EventOutputCmd                      0x080008fd   Thumb Code     6  stm32f10x_gpio.o(.text)
    GPIO_PinRemapConfig                      0x08000903   Thumb Code   138  stm32f10x_gpio.o(.text)
    GPIO_EXTILineConfig                      0x0800098d   Thumb Code    66  stm32f10x_gpio.o(.text)
    GPIO_ETH_MediaInterfaceConfig            0x080009cf   Thumb Code     6  stm32f10x_gpio.o(.text)
    TIM_DeInit                               0x080009fd   Thumb Code   424  stm32f10x_tim.o(.text)
    TIM_TimeBaseInit                         0x08000ba5   Thumb Code   122  stm32f10x_tim.o(.text)
    TIM_OC1Init                              0x08000c1f   Thumb Code   132  stm32f10x_tim.o(.text)
    TIM_OC2Init                              0x08000ca3   Thumb Code   154  stm32f10x_tim.o(.text)
    TIM_OC3Init                              0x08000d3d   Thumb Code   150  stm32f10x_tim.o(.text)
    TIM_OC4Init                              0x08000dd3   Thumb Code   182  stm32f10x_tim.o(.text)
    TIM_SetIC4Prescaler                      0x08000e89   Thumb Code    26  stm32f10x_tim.o(.text)
    TIM_SetIC3Prescaler                      0x08000f25   Thumb Code    18  stm32f10x_tim.o(.text)
    TIM_SetIC2Prescaler                      0x08000fb1   Thumb Code    26  stm32f10x_tim.o(.text)
    TIM_SetIC1Prescaler                      0x0800104d   Thumb Code    18  stm32f10x_tim.o(.text)
    TIM_ICInit                               0x080010cb   Thumb Code   150  stm32f10x_tim.o(.text)
    TIM_PWMIConfig                           0x08001161   Thumb Code   124  stm32f10x_tim.o(.text)
    TIM_BDTRConfig                           0x080011dd   Thumb Code    32  stm32f10x_tim.o(.text)
    TIM_TimeBaseStructInit                   0x080011fd   Thumb Code    18  stm32f10x_tim.o(.text)
    TIM_OCStructInit                         0x0800120f   Thumb Code    20  stm32f10x_tim.o(.text)
    TIM_ICStructInit                         0x08001223   Thumb Code    18  stm32f10x_tim.o(.text)
    TIM_BDTRStructInit                       0x08001235   Thumb Code    40  stm32f10x_tim.o(.text)
    TIM_Cmd                                  0x0800125d   Thumb Code    24  stm32f10x_tim.o(.text)
    TIM_CtrlPWMOutputs                       0x08001275   Thumb Code    30  stm32f10x_tim.o(.text)
    TIM_ITConfig                             0x08001293   Thumb Code    18  stm32f10x_tim.o(.text)
    TIM_GenerateEvent                        0x080012a5   Thumb Code     4  stm32f10x_tim.o(.text)
    TIM_DMAConfig                            0x080012a9   Thumb Code    10  stm32f10x_tim.o(.text)
    TIM_DMACmd                               0x080012b3   Thumb Code    18  stm32f10x_tim.o(.text)
    TIM_InternalClockConfig                  0x080012c5   Thumb Code    12  stm32f10x_tim.o(.text)
    TIM_SelectInputTrigger                   0x080012d1   Thumb Code    18  stm32f10x_tim.o(.text)
    TIM_ITRxExternalClockConfig              0x080012e3   Thumb Code    24  stm32f10x_tim.o(.text)
    TIM_TIxExternalClockConfig               0x080012fb   Thumb Code    62  stm32f10x_tim.o(.text)
    TIM_ETRConfig                            0x08001339   Thumb Code    28  stm32f10x_tim.o(.text)
    TIM_ETRClockMode1Config                  0x08001355   Thumb Code    54  stm32f10x_tim.o(.text)
    TIM_ETRClockMode2Config                  0x0800138b   Thumb Code    32  stm32f10x_tim.o(.text)
    TIM_PrescalerConfig                      0x080013ab   Thumb Code     6  stm32f10x_tim.o(.text)
    TIM_CounterModeConfig                    0x080013b1   Thumb Code    18  stm32f10x_tim.o(.text)
    TIM_EncoderInterfaceConfig               0x080013c3   Thumb Code    66  stm32f10x_tim.o(.text)
    TIM_ForcedOC1Config                      0x08001405   Thumb Code    18  stm32f10x_tim.o(.text)
    TIM_ForcedOC2Config                      0x08001417   Thumb Code    26  stm32f10x_tim.o(.text)
    TIM_ForcedOC3Config                      0x08001431   Thumb Code    18  stm32f10x_tim.o(.text)
    TIM_ForcedOC4Config                      0x08001443   Thumb Code    26  stm32f10x_tim.o(.text)
    TIM_ARRPreloadConfig                     0x0800145d   Thumb Code    24  stm32f10x_tim.o(.text)
    TIM_SelectCOM                            0x08001475   Thumb Code    24  stm32f10x_tim.o(.text)
    TIM_SelectCCDMA                          0x0800148d   Thumb Code    24  stm32f10x_tim.o(.text)
    TIM_CCPreloadControl                     0x080014a5   Thumb Code    24  stm32f10x_tim.o(.text)
    TIM_OC1PreloadConfig                     0x080014bd   Thumb Code    18  stm32f10x_tim.o(.text)
    TIM_OC2PreloadConfig                     0x080014cf   Thumb Code    26  stm32f10x_tim.o(.text)
    TIM_OC3PreloadConfig                     0x080014e9   Thumb Code    18  stm32f10x_tim.o(.text)
    TIM_OC4PreloadConfig                     0x080014fb   Thumb Code    26  stm32f10x_tim.o(.text)
    TIM_OC1FastConfig                        0x08001515   Thumb Code    18  stm32f10x_tim.o(.text)
    TIM_OC2FastConfig                        0x08001527   Thumb Code    26  stm32f10x_tim.o(.text)
    TIM_OC3FastConfig                        0x08001541   Thumb Code    18  stm32f10x_tim.o(.text)
    TIM_OC4FastConfig                        0x08001553   Thumb Code    26  stm32f10x_tim.o(.text)
    TIM_ClearOC1Ref                          0x0800156d   Thumb Code    18  stm32f10x_tim.o(.text)
    TIM_ClearOC2Ref                          0x0800157f   Thumb Code    24  stm32f10x_tim.o(.text)
    TIM_ClearOC3Ref                          0x08001597   Thumb Code    18  stm32f10x_tim.o(.text)
    TIM_ClearOC4Ref                          0x080015a9   Thumb Code    24  stm32f10x_tim.o(.text)
    TIM_OC1PolarityConfig                    0x080015c1   Thumb Code    18  stm32f10x_tim.o(.text)
    TIM_OC1NPolarityConfig                   0x080015d3   Thumb Code    18  stm32f10x_tim.o(.text)
    TIM_OC2PolarityConfig                    0x080015e5   Thumb Code    26  stm32f10x_tim.o(.text)
    TIM_OC2NPolarityConfig                   0x080015ff   Thumb Code    26  stm32f10x_tim.o(.text)
    TIM_OC3PolarityConfig                    0x08001619   Thumb Code    26  stm32f10x_tim.o(.text)
    TIM_OC3NPolarityConfig                   0x08001633   Thumb Code    26  stm32f10x_tim.o(.text)
    TIM_OC4PolarityConfig                    0x0800164d   Thumb Code    26  stm32f10x_tim.o(.text)
    TIM_CCxCmd                               0x08001667   Thumb Code    30  stm32f10x_tim.o(.text)
    TIM_CCxNCmd                              0x08001685   Thumb Code    30  stm32f10x_tim.o(.text)
    TIM_SelectOCxM                           0x080016a3   Thumb Code    82  stm32f10x_tim.o(.text)
    TIM_UpdateDisableConfig                  0x080016f5   Thumb Code    24  stm32f10x_tim.o(.text)
    TIM_UpdateRequestConfig                  0x0800170d   Thumb Code    24  stm32f10x_tim.o(.text)
    TIM_SelectHallSensor                     0x08001725   Thumb Code    24  stm32f10x_tim.o(.text)
    TIM_SelectOnePulseMode                   0x0800173d   Thumb Code    18  stm32f10x_tim.o(.text)
    TIM_SelectOutputTrigger                  0x0800174f   Thumb Code    18  stm32f10x_tim.o(.text)
    TIM_SelectSlaveMode                      0x08001761   Thumb Code    18  stm32f10x_tim.o(.text)
    TIM_SelectMasterSlaveMode                0x08001773   Thumb Code    18  stm32f10x_tim.o(.text)
    TIM_SetCounter                           0x08001785   Thumb Code     4  stm32f10x_tim.o(.text)
    TIM_SetAutoreload                        0x08001789   Thumb Code     4  stm32f10x_tim.o(.text)
    TIM_SetCompare1                          0x0800178d   Thumb Code     4  stm32f10x_tim.o(.text)
    TIM_SetCompare2                          0x08001791   Thumb Code     4  stm32f10x_tim.o(.text)
    TIM_SetCompare3                          0x08001795   Thumb Code     4  stm32f10x_tim.o(.text)
    TIM_SetCompare4                          0x08001799   Thumb Code     6  stm32f10x_tim.o(.text)
    TIM_SetClockDivision                     0x0800179f   Thumb Code    18  stm32f10x_tim.o(.text)
    TIM_GetCapture1                          0x080017b1   Thumb Code     6  stm32f10x_tim.o(.text)
    TIM_GetCapture2                          0x080017b7   Thumb Code     6  stm32f10x_tim.o(.text)
    TIM_GetCapture3                          0x080017bd   Thumb Code     6  stm32f10x_tim.o(.text)
    TIM_GetCapture4                          0x080017c3   Thumb Code     8  stm32f10x_tim.o(.text)
    TIM_GetCounter                           0x080017cb   Thumb Code     6  stm32f10x_tim.o(.text)
    TIM_GetPrescaler                         0x080017d1   Thumb Code     6  stm32f10x_tim.o(.text)
    TIM_GetFlagStatus                        0x080017d7   Thumb Code    18  stm32f10x_tim.o(.text)
    TIM_ClearFlag                            0x080017e9   Thumb Code     6  stm32f10x_tim.o(.text)
    TIM_GetITStatus                          0x080017ef   Thumb Code    34  stm32f10x_tim.o(.text)
    TIM_ClearITPendingBit                    0x08001811   Thumb Code     6  stm32f10x_tim.o(.text)
    Delay_nop                                0x08001819   Thumb Code    16  stm32f1_delay.o(.text)
    Delay_1us                                0x08001829   Thumb Code    28  stm32f1_delay.o(.text)
    Delay_1ms                                0x08001845   Thumb Code    30  stm32f1_delay.o(.text)
    Delay_10ms                               0x08001863   Thumb Code    28  stm32f1_delay.o(.text)
    Delay_20ms                               0x0800187f   Thumb Code    38  stm32f1_delay.o(.text)
    PWM_Config                               0x080018ad   Thumb Code   150  experiment_stm32f1.o(.text)
    GPIO_Config                              0x08001943   Thumb Code    94  experiment_stm32f1.o(.text)
    main                                     0x080019a1   Thumb Code   200  experiment_stm32f1.o(.text)
    __scatterload                            0x08001a8d   Thumb Code    28  init.o(.text)
    __scatterload_rt2                        0x08001a8d   Thumb Code     0  init.o(.text)
    __scatterload_copy                       0x08001ab1   Thumb Code    14  handlers.o(i.__scatterload_copy)
    __scatterload_null                       0x08001abf   Thumb Code     2  handlers.o(i.__scatterload_null)
    __scatterload_zeroinit                   0x08001ac1   Thumb Code    14  handlers.o(i.__scatterload_zeroinit)
    Region$$Table$$Base                      0x08001ad0   Number         0  anon$$obj.o(Region$$Table)
    Region$$Table$$Limit                     0x08001af0   Number         0  anon$$obj.o(Region$$Table)
    SystemCoreClock                          0x20000000   Data           4  system_stm32f10x.o(.data)
    AHBPrescTable                            0x20000004   Data          16  system_stm32f10x.o(.data)
    __initial_sp                             0x20000428   Data           0  startup_stm32f10x_md.o(STACK)



==============================================================================

Memory Map of the image

  Image Entry point : 0x080000ed

  Load Region LR_IROM1 (Base: 0x08000000, Size: 0x00001b18, Max: 0x00010000, ABSOLUTE)

    Execution Region ER_IROM1 (Base: 0x08000000, Size: 0x00001af0, Max: 0x00010000, ABSOLUTE)

    Base Addr    Size         Type   Attr      Idx    E Section Name        Object

    0x08000000   0x000000ec   Data   RO            3    RESET               startup_stm32f10x_md.o
    0x080000ec   0x00000000   Code   RO          129  * .ARM.Collect$$$$00000000  mc_w.l(entry.o)
    0x080000ec   0x00000004   Code   RO          132    .ARM.Collect$$$$00000001  mc_w.l(entry2.o)
    0x080000f0   0x00000004   Code   RO          135    .ARM.Collect$$$$00000004  mc_w.l(entry5.o)
    0x080000f4   0x00000000   Code   RO          137    .ARM.Collect$$$$00000008  mc_w.l(entry7b.o)
    0x080000f4   0x00000000   Code   RO          139    .ARM.Collect$$$$0000000A  mc_w.l(entry8b.o)
    0x080000f4   0x00000008   Code   RO          140    .ARM.Collect$$$$0000000B  mc_w.l(entry9a.o)
    0x080000fc   0x00000000   Code   RO          142    .ARM.Collect$$$$0000000D  mc_w.l(entry10a.o)
    0x080000fc   0x00000000   Code   RO          144    .ARM.Collect$$$$0000000F  mc_w.l(entry11a.o)
    0x080000fc   0x00000004   Code   RO          133    .ARM.Collect$$$$00002712  mc_w.l(entry2.o)
    0x08000100   0x00000024   Code   RO            4    .text               startup_stm32f10x_md.o
    0x08000124   0x000001dc   Code   RO           10    .text               system_stm32f10x.o
    0x08000300   0x000003a4   Code   RO           51    .text               stm32f10x_rcc.o
    0x080006a4   0x00000358   Code   RO           69    .text               stm32f10x_gpio.o
    0x080009fc   0x00000e1a   Code   RO           81    .text               stm32f10x_tim.o
    0x08001816   0x00000002   PAD
    0x08001818   0x00000094   Code   RO          105    .text               stm32f1_delay.o
    0x080018ac   0x000001e0   Code   RO          117    .text               experiment_stm32f1.o
    0x08001a8c   0x00000024   Code   RO          146    .text               mc_w.l(init.o)
    0x08001ab0   0x0000000e   Code   RO          150    i.__scatterload_copy  mc_w.l(handlers.o)
    0x08001abe   0x00000002   Code   RO          151    i.__scatterload_null  mc_w.l(handlers.o)
    0x08001ac0   0x0000000e   Code   RO          152    i.__scatterload_zeroinit  mc_w.l(handlers.o)
    0x08001ace   0x00000002   PAD
    0x08001ad0   0x00000020   Data   RO          148    Region$$Table       anon$$obj.o


    Execution Region RW_IRAM1 (Base: 0x20000000, Size: 0x00000428, Max: 0x00005000, ABSOLUTE)

    Base Addr    Size         Type   Attr      Idx    E Section Name        Object

    0x20000000   0x00000014   Data   RW           11    .data               system_stm32f10x.o
    0x20000014   0x00000014   Data   RW           52    .data               stm32f10x_rcc.o
    0x20000028   0x00000400   Zero   RW            1    STACK               startup_stm32f10x_md.o


==============================================================================

Image component sizes


      Code (inc. data)   RO Data    RW Data    ZI Data      Debug   Object Name

       480         36          0          0          0       1118   experiment_stm32f1.o
        36          8        236          0       1024        796   startup_stm32f10x_md.o
       856         40          0          0          0       5657   stm32f10x_gpio.o
       932         44          0         20          0       8804   stm32f10x_rcc.o
      3610         88          0          0          0      22144   stm32f10x_tim.o
       148          8          0          0          0       1182   stm32f1_delay.o
       476         36          0         20          0     245107   system_stm32f10x.o

    ----------------------------------------------------------------------
      6540        260        268         40       1024     284808   Object Totals
         0          0         32          0          0          0   (incl. Generated)
         2          0          0          0          0          0   (incl. Padding)

    ----------------------------------------------------------------------

      Code (inc. data)   RO Data    RW Data    ZI Data      Debug   Library Member Name

         0          0          0          0          0          0   entry.o
         0          0          0          0          0          0   entry10a.o
         0          0          0          0          0          0   entry11a.o
         8          4          0          0          0          0   entry2.o
         4          0          0          0          0          0   entry5.o
         0          0          0          0          0          0   entry7b.o
         0          0          0          0          0          0   entry8b.o
         8          4          0          0          0          0   entry9a.o
        30          0          0          0          0          0   handlers.o
        36          8          0          0          0         68   init.o

    ----------------------------------------------------------------------
        88         16          0          0          0         68   Library Totals
         2          0          0          0          0          0   (incl. Padding)

    ----------------------------------------------------------------------

      Code (inc. data)   RO Data    RW Data    ZI Data      Debug   Library Name

        86         16          0          0          0         68   mc_w.l

    ----------------------------------------------------------------------
        88         16          0          0          0         68   Library Totals

    ----------------------------------------------------------------------

==============================================================================


      Code (inc. data)   RO Data    RW Data    ZI Data      Debug   

      6628        276        268         40       1024     284408   Grand Totals
      6628        276        268         40       1024     284408   ELF Image Totals
      6628        276        268         40          0          0   ROM Totals

==============================================================================

    Total RO  Size (Code + RO Data)                 6896 (   6.73kB)
    Total RW  Size (RW Data + ZI Data)              1064 (   1.04kB)
    Total ROM Size (Code + RO Data + RW Data)       6936 (   6.77kB)

==============================================================================

