<html>
<body>
<pre>
<h1>µVision Build Log</h1>
<h2>Project:</h2>
E:\Desktop\STM32F1_RNR_TimerInt_20130928\ProjectNR\Program_STM32.uvproj
Project File Date:  10/01/2013

<h2>Output:</h2>
Rebuild target 'STM32F103CBT'
assembling startup_stm32f10x_md.s...
compiling system_stm32f10x.c...
compiling stm32f10x_rcc.c...
compiling stm32f10x_gpio.c...
compiling stm32f10x_tim.c...
compiling misc.c...
compiling stm32f10x_adc.c...
compiling stm32f10x_dma.c...
compiling stm32f1_system.c...
compiling stm32f1_delay.c...
compiling stm32f1_adc.c...
compiling experiment_stm32f1.c...
linking...
Program Size: Code=11356 RO-data=268 RW-data=80 ZI-data=1128  
".\Obj\STM32F103C8T.axf" - 0 Errors, 0 Warning(s).
Rebuild target 'STM32F103CBT'
assembling startup_stm32f10x_md.s...
compiling system_stm32f10x.c...
compiling stm32f10x_rcc.c...
compiling stm32f10x_gpio.c...
compiling stm32f10x_tim.c...
compiling misc.c...
compiling stm32f10x_adc.c...
compiling stm32f10x_dma.c...
compiling stm32f1_system.c...
compiling stm32f1_delay.c...
compiling stm32f1_adc.c...
compiling experiment_stm32f1.c...
linking...
Program Size: Code=11356 RO-data=268 RW-data=80 ZI-data=1128  
".\Obj\STM32F103C8T.axf" - 0 Errors, 0 Warning(s).
Load "E:\\Desktop\\STM32F1_RNR_TimerInt_20130928\\ProjectNR\\Obj\\STM32F103C8T.axf" 
Set JLink Project File to "E:\Desktop\STM32F1_RNR_TimerInt_20130928\ProjectNR\JLinkSettings.ini"
* JLink Info: Device "STM32F103CB" selected (128 KB flash, 20 KB RAM).
 
JLink info:
------------
DLL: V4.76 , compiled Aug 23 2013 20:59:10
Firmware: J-Link ARM-OB STM32 compiled Aug 22 2012 19:52:04
Hardware: V7.00
S/N : 20090928 
Feature(s) : RDI,FlashDL,FlashBP,JFlash,GDBFull 
 
* JLink Info: Found SWD-DP with ID 0x1BA01477
* JLink Info: Found SWD-DP with ID 0x1BA01477
* JLink Info: Found Cortex-M3 r1p1, Little endian.
* JLink Info: FPUnit: 6 code (BP) slots and 2 literal slots
* JLink Info: TPIU fitted.
ROMTableAddr = 0xE00FF003
 
Target info:
------------
Device: STM32F103CB
VTarget = 3.300V
State of Pins: 
TCK: 0, TDI: 0, TDO: 1, TMS: 0, TRES: 1, TRST: 1
Hardware-Breakpoints: 6
Software-Breakpoints: 8192
Watchpoints:          4
JTAG speed: 4000 kHz
 
Erase Done.
Programming Done.
Verify OK.
Application running ...
Rebuild target 'STM32F103CBT'
assembling startup_stm32f10x_md.s...
compiling system_stm32f10x.c...
compiling stm32f10x_rcc.c...
compiling stm32f10x_gpio.c...
compiling stm32f10x_tim.c...
compiling misc.c...
compiling stm32f10x_adc.c...
compiling stm32f10x_dma.c...
compiling stm32f1_system.c...
compiling stm32f1_delay.c...
compiling stm32f1_adc.c...
compiling experiment_stm32f1.c...
linking...
Program Size: Code=11352 RO-data=268 RW-data=84 ZI-data=1028  
".\Obj\STM32F103C8T.axf" - 0 Errors, 0 Warning(s).
Load "E:\\Desktop\\STM32F1_RNR_TimerInt_20130928\\ProjectNR\\Obj\\STM32F103C8T.axf" 
Set JLink Project File to "E:\Desktop\STM32F1_RNR_TimerInt_20130928\ProjectNR\JLinkSettings.ini"
* JLink Info: Device "STM32F103CB" selected (128 KB flash, 20 KB RAM).
 
JLink info:
------------
DLL: V4.76 , compiled Aug 23 2013 20:59:10
Firmware: J-Link ARM-OB STM32 compiled Aug 22 2012 19:52:04
Hardware: V7.00
S/N : 20090928 
Feature(s) : RDI,FlashDL,FlashBP,JFlash,GDBFull 
 
* JLink Info: Found SWD-DP with ID 0x1BA01477
* JLink Info: Found SWD-DP with ID 0x1BA01477
* JLink Info: Found Cortex-M3 r1p1, Little endian.
* JLink Info: FPUnit: 6 code (BP) slots and 2 literal slots
* JLink Info: TPIU fitted.
ROMTableAddr = 0xE00FF003
 
Target info:
------------
Device: STM32F103CB
VTarget = 3.300V
State of Pins: 
TCK: 0, TDI: 0, TDO: 1, TMS: 0, TRES: 1, TRST: 1
Hardware-Breakpoints: 6
Software-Breakpoints: 8192
Watchpoints:          4
JTAG speed: 4000 kHz
 
Erase Done.
Programming Done.
Verify OK.
Application running ...
Rebuild target 'STM32F103CBT'
assembling startup_stm32f10x_md.s...
compiling system_stm32f10x.c...
compiling stm32f10x_rcc.c...
compiling stm32f10x_gpio.c...
compiling stm32f10x_tim.c...
compiling misc.c...
compiling stm32f10x_adc.c...
compiling stm32f10x_dma.c...
compiling stm32f1_system.c...
compiling stm32f1_delay.c...
compiling stm32f1_adc.c...
compiling experiment_stm32f1.c...
linking...
Program Size: Code=11356 RO-data=268 RW-data=80 ZI-data=1048  
".\Obj\STM32F103C8T.axf" - 0 Errors, 0 Warning(s).
Rebuild target 'STM32F103CBT'
assembling startup_stm32f10x_md.s...
compiling system_stm32f10x.c...
compiling stm32f10x_rcc.c...
compiling stm32f10x_gpio.c...
compiling stm32f10x_tim.c...
compiling misc.c...
compiling stm32f10x_adc.c...
compiling stm32f10x_dma.c...
compiling stm32f1_system.c...
compiling stm32f1_delay.c...
compiling stm32f1_adc.c...
compiling experiment_stm32f1.c...
linking...
Program Size: Code=11356 RO-data=268 RW-data=80 ZI-data=1048  
".\Obj\STM32F103C8T.axf" - 0 Errors, 0 Warning(s).
Load "E:\\Desktop\\STM32F1_RNR_TimerInt_20130928\\ProjectNR\\Obj\\STM32F103C8T.axf" 
Set JLink Project File to "E:\Desktop\STM32F1_RNR_TimerInt_20130928\ProjectNR\JLinkSettings.ini"
* JLink Info: Device "STM32F103CB" selected (128 KB flash, 20 KB RAM).
 
JLink info:
------------
DLL: V4.76 , compiled Aug 23 2013 20:59:10
Firmware: J-Link ARM-OB STM32 compiled Aug 22 2012 19:52:04
Hardware: V7.00
S/N : 20090928 
Feature(s) : RDI,FlashDL,FlashBP,JFlash,GDBFull 
 
* JLink Info: Found SWD-DP with ID 0x1BA01477
* JLink Info: Found SWD-DP with ID 0x1BA01477
* JLink Info: Found Cortex-M3 r1p1, Little endian.
* JLink Info: FPUnit: 6 code (BP) slots and 2 literal slots
* JLink Info: TPIU fitted.
ROMTableAddr = 0xE00FF003
 
Target info:
------------
Device: STM32F103CB
VTarget = 3.300V
State of Pins: 
TCK: 0, TDI: 0, TDO: 1, TMS: 0, TRES: 1, TRST: 1
Hardware-Breakpoints: 6
Software-Breakpoints: 8192
Watchpoints:          4
JTAG speed: 4000 kHz
 
Erase Done.
Programming Done.
Verify OK.
Application running ...
Rebuild target 'STM32F103CBT'
assembling startup_stm32f10x_md.s...
compiling system_stm32f10x.c...
compiling stm32f10x_rcc.c...
compiling stm32f10x_gpio.c...
compiling stm32f10x_tim.c...
compiling misc.c...
compiling stm32f10x_adc.c...
compiling stm32f10x_dma.c...
compiling stm32f1_system.c...
compiling stm32f1_delay.c...
compiling stm32f1_adc.c...
compiling experiment_stm32f1.c...
linking...
Program Size: Code=11356 RO-data=268 RW-data=80 ZI-data=1224  
".\Obj\STM32F103C8T.axf" - 0 Errors, 0 Warning(s).
Load "E:\\Desktop\\STM32F1_RNR_TimerInt_20130928\\ProjectNR\\Obj\\STM32F103C8T.axf" 
Set JLink Project File to "E:\Desktop\STM32F1_RNR_TimerInt_20130928\ProjectNR\JLinkSettings.ini"
* JLink Info: Device "STM32F103CB" selected (128 KB flash, 20 KB RAM).
 
JLink info:
------------
DLL: V4.76 , compiled Aug 23 2013 20:59:10
Firmware: J-Link ARM-OB STM32 compiled Aug 22 2012 19:52:04
Hardware: V7.00
S/N : 20090928 
Feature(s) : RDI,FlashDL,FlashBP,JFlash,GDBFull 
 
* JLink Info: Found SWD-DP with ID 0x1BA01477
* JLink Info: Found SWD-DP with ID 0x1BA01477
* JLink Info: Found Cortex-M3 r1p1, Little endian.
* JLink Info: FPUnit: 6 code (BP) slots and 2 literal slots
* JLink Info: TPIU fitted.
ROMTableAddr = 0xE00FF003
 
Target info:
------------
Device: STM32F103CB
VTarget = 3.300V
State of Pins: 
TCK: 0, TDI: 0, TDO: 1, TMS: 0, TRES: 1, TRST: 1
Hardware-Breakpoints: 6
Software-Breakpoints: 8192
Watchpoints:          4
JTAG speed: 4000 kHz
 
Erase Done.
Programming Done.
Verify OK.
Application running ...
Rebuild target 'STM32F103CBT'
assembling startup_stm32f10x_md.s...
compiling system_stm32f10x.c...
compiling stm32f10x_rcc.c...
compiling stm32f10x_gpio.c...
compiling stm32f10x_tim.c...
compiling misc.c...
compiling stm32f10x_adc.c...
compiling stm32f10x_dma.c...
compiling stm32f1_system.c...
compiling stm32f1_delay.c...
compiling stm32f1_adc.c...
compiling experiment_stm32f1.c...
linking...
Program Size: Code=11356 RO-data=268 RW-data=80 ZI-data=1128  
".\Obj\STM32F103C8T.axf" - 0 Errors, 0 Warning(s).
Rebuild target 'STM32F103CBT'
assembling startup_stm32f10x_md.s...
compiling system_stm32f10x.c...
compiling stm32f10x_rcc.c...
compiling stm32f10x_gpio.c...
compiling stm32f10x_tim.c...
compiling misc.c...
compiling stm32f10x_adc.c...
compiling stm32f10x_dma.c...
compiling stm32f1_system.c...
compiling stm32f1_delay.c...
compiling stm32f1_adc.c...
compiling experiment_stm32f1.c...
linking...
Program Size: Code=11356 RO-data=268 RW-data=80 ZI-data=1128  
".\Obj\STM32F103C8T.axf" - 0 Errors, 0 Warning(s).
Load "E:\\Desktop\\STM32F1_RNR_TimerInt_20130928\\ProjectNR\\Obj\\STM32F103C8T.axf" 
Set JLink Project File to "E:\Desktop\STM32F1_RNR_TimerInt_20130928\ProjectNR\JLinkSettings.ini"
* JLink Info: Device "STM32F103CB" selected (128 KB flash, 20 KB RAM).
 
JLink info:
------------
DLL: V4.76 , compiled Aug 23 2013 20:59:10
Firmware: J-Link ARM-OB STM32 compiled Aug 22 2012 19:52:04
Hardware: V7.00
S/N : 20090928 
Feature(s) : RDI,FlashDL,FlashBP,JFlash,GDBFull 
 
* JLink Info: Found SWD-DP with ID 0x1BA01477
* JLink Info: Found SWD-DP with ID 0x1BA01477
* JLink Info: Found Cortex-M3 r1p1, Little endian.
* JLink Info: FPUnit: 6 code (BP) slots and 2 literal slots
* JLink Info: TPIU fitted.
ROMTableAddr = 0xE00FF003
 
Target info:
------------
Device: STM32F103CB
VTarget = 3.300V
State of Pins: 
TCK: 0, TDI: 0, TDO: 1, TMS: 0, TRES: 1, TRST: 1
Hardware-Breakpoints: 6
Software-Breakpoints: 8192
Watchpoints:          4
JTAG speed: 4000 kHz
 
Erase Done.
Programming Done.
Verify OK.
Application running ...
Rebuild target 'STM32F103CBT'
assembling startup_stm32f10x_md.s...
compiling system_stm32f10x.c...
compiling stm32f10x_rcc.c...
compiling stm32f10x_gpio.c...
compiling stm32f10x_tim.c...
compiling misc.c...
compiling stm32f10x_adc.c...
compiling stm32f10x_dma.c...
compiling stm32f1_system.c...
compiling stm32f1_delay.c...
compiling stm32f1_adc.c...
compiling experiment_stm32f1.c...
linking...
Program Size: Code=11356 RO-data=268 RW-data=80 ZI-data=1128  
".\Obj\STM32F103C8T.axf" - 0 Errors, 0 Warning(s).
Load "E:\\Desktop\\STM32F1_RNR_TimerInt_20130928\\ProjectNR\\Obj\\STM32F103C8T.axf" 
Set JLink Project File to "E:\Desktop\STM32F1_RNR_TimerInt_20130928\ProjectNR\JLinkSettings.ini"
* JLink Info: Device "STM32F103CB" selected (128 KB flash, 20 KB RAM).
 
JLink info:
------------
DLL: V4.76 , compiled Aug 23 2013 20:59:10
Firmware: J-Link ARM-OB STM32 compiled Aug 22 2012 19:52:04
Hardware: V7.00
S/N : 20090928 
Feature(s) : RDI,FlashDL,FlashBP,JFlash,GDBFull 
 
* JLink Info: Found SWD-DP with ID 0x1BA01477
* JLink Info: Found SWD-DP with ID 0x1BA01477
* JLink Info: Found Cortex-M3 r1p1, Little endian.
* JLink Info: FPUnit: 6 code (BP) slots and 2 literal slots
* JLink Info: TPIU fitted.
ROMTableAddr = 0xE00FF003
 
Target info:
------------
Device: STM32F103CB
VTarget = 3.300V
State of Pins: 
TCK: 0, TDI: 0, TDO: 1, TMS: 0, TRES: 1, TRST: 1
Hardware-Breakpoints: 6
Software-Breakpoints: 8192
Watchpoints:          4
JTAG speed: 4000 kHz
 
Erase Done.
Programming Done.
Verify OK.
Application running ...
Build target 'STM32F103CBT'
compiling experiment_stm32f1.c...
linking...
Program Size: Code=11356 RO-data=268 RW-data=80 ZI-data=1128  
".\Obj\STM32F103C8T.axf" - 0 Errors, 0 Warning(s).
Rebuild target 'STM32F103CBT'
assembling startup_stm32f10x_md.s...
compiling system_stm32f10x.c...
compiling stm32f10x_rcc.c...
compiling stm32f10x_gpio.c...
compiling stm32f10x_tim.c...
compiling misc.c...
compiling stm32f10x_adc.c...
compiling stm32f10x_dma.c...
compiling stm32f1_system.c...
compiling stm32f1_delay.c...
compiling stm32f1_adc.c...
compiling experiment_stm32f1.c...
linking...
Program Size: Code=11356 RO-data=268 RW-data=80 ZI-data=1128  
".\Obj\STM32F103C8T.axf" - 0 Errors, 0 Warning(s).
Load "E:\\Desktop\\STM32F1_RNR_TimerInt_20130928\\ProjectNR\\Obj\\STM32F103C8T.axf" 
Set JLink Project File to "E:\Desktop\STM32F1_RNR_TimerInt_20130928\ProjectNR\JLinkSettings.ini"
* JLink Info: Device "STM32F103CB" selected (128 KB flash, 20 KB RAM).
 
JLink info:
------------
DLL: V4.76 , compiled Aug 23 2013 20:59:10
Firmware: J-Link ARM-OB STM32 compiled Aug 22 2012 19:52:04
Hardware: V7.00
S/N : 20090928 
Feature(s) : RDI,FlashDL,FlashBP,JFlash,GDBFull 
 
* JLink Info: Found SWD-DP with ID 0x1BA01477
* JLink Info: Found SWD-DP with ID 0x1BA01477
* JLink Info: Found Cortex-M3 r1p1, Little endian.
* JLink Info: FPUnit: 6 code (BP) slots and 2 literal slots
* JLink Info: TPIU fitted.
ROMTableAddr = 0xE00FF003
 
Target info:
------------
Device: STM32F103CB
VTarget = 3.300V
State of Pins: 
TCK: 0, TDI: 0, TDO: 1, TMS: 0, TRES: 1, TRST: 1
Hardware-Breakpoints: 6
Software-Breakpoints: 8192
Watchpoints:          4
JTAG speed: 4000 kHz
 
Erase Done.
Programming Done.
Verify OK.
Application running ...
Rebuild target 'STM32F103CBT'
assembling startup_stm32f10x_md.s...
compiling system_stm32f10x.c...
compiling stm32f10x_rcc.c...
compiling stm32f10x_gpio.c...
compiling stm32f10x_tim.c...
compiling misc.c...
compiling stm32f10x_adc.c...
compiling stm32f10x_dma.c...
compiling stm32f1_system.c...
compiling stm32f1_delay.c...
compiling stm32f1_adc.c...
compiling experiment_stm32f1.c...
linking...
Program Size: Code=11356 RO-data=268 RW-data=80 ZI-data=1128  
".\Obj\STM32F103C8T.axf" - 0 Errors, 0 Warning(s).
Rebuild target 'STM32F103CBT'
assembling startup_stm32f10x_md.s...
compiling system_stm32f10x.c...
compiling stm32f10x_rcc.c...
compiling stm32f10x_gpio.c...
compiling stm32f10x_tim.c...
compiling misc.c...
compiling stm32f10x_adc.c...
compiling stm32f10x_dma.c...
compiling stm32f1_system.c...
compiling stm32f1_delay.c...
compiling stm32f1_adc.c...
compiling experiment_stm32f1.c...
linking...
Program Size: Code=11356 RO-data=268 RW-data=80 ZI-data=1128  
".\Obj\STM32F103C8T.axf" - 0 Errors, 0 Warning(s).
Load "E:\\Desktop\\STM32F1_RNR_TimerInt_20130928\\ProjectNR\\Obj\\STM32F103C8T.axf" 
Set JLink Project File to "E:\Desktop\STM32F1_RNR_TimerInt_20130928\ProjectNR\JLinkSettings.ini"
* JLink Info: Device "STM32F103CB" selected (128 KB flash, 20 KB RAM).
 
JLink info:
------------
DLL: V4.76 , compiled Aug 23 2013 20:59:10
Firmware: J-Link ARM-OB STM32 compiled Aug 22 2012 19:52:04
Hardware: V7.00
S/N : 20090928 
Feature(s) : RDI,FlashDL,FlashBP,JFlash,GDBFull 
 
* JLink Info: Found SWD-DP with ID 0x1BA01477
* JLink Info: Found SWD-DP with ID 0x1BA01477
* JLink Info: Found Cortex-M3 r1p1, Little endian.
* JLink Info: FPUnit: 6 code (BP) slots and 2 literal slots
* JLink Info: TPIU fitted.
ROMTableAddr = 0xE00FF003
 
Target info:
------------
Device: STM32F103CB
VTarget = 3.300V
State of Pins: 
TCK: 0, TDI: 0, TDO: 1, TMS: 0, TRES: 1, TRST: 1
Hardware-Breakpoints: 6
Software-Breakpoints: 8192
Watchpoints:          4
JTAG speed: 4000 kHz
 
Erase Done.
**JLink Warning: CPU could not be halted
***JLink Error: Can not read register 15 (R15) while CPU is running
**JLink Warning: CPU could not be halted
Programming Failed!
Load "E:\\Desktop\\STM32F1_RNR_TimerInt_20130928\\ProjectNR\\Obj\\STM32F103C8T.axf" 
Set JLink Project File to "E:\Desktop\STM32F1_RNR_TimerInt_20130928\ProjectNR\JLinkSettings.ini"
* JLink Info: Device "STM32F103CB" selected (128 KB flash, 20 KB RAM).
 
JLink info:
------------
DLL: V4.76 , compiled Aug 23 2013 20:59:10
Firmware: J-Link ARM-OB STM32 compiled Aug 22 2012 19:52:04
Hardware: V7.00
S/N : 20090928 
Feature(s) : RDI,FlashDL,FlashBP,JFlash,GDBFull 
 
* JLink Info: Found SWD-DP with ID 0x1BA01477
* JLink Info: Found SWD-DP with ID 0x1BA01477
* JLink Info: Found Cortex-M3 r1p1, Little endian.
* JLink Info: FPUnit: 6 code (BP) slots and 2 literal slots
* JLink Info: TPIU fitted.
ROMTableAddr = 0xE00FF003
 
Target info:
------------
Device: STM32F103CB
VTarget = 3.300V
State of Pins: 
TCK: 0, TDI: 0, TDO: 1, TMS: 0, TRES: 1, TRST: 1
Hardware-Breakpoints: 6
Software-Breakpoints: 8192
Watchpoints:          4
JTAG speed: 4000 kHz
 
Erase Done.
Programming Done.
Verify OK.
Application running ...
Rebuild target 'STM32F103CBT'
assembling startup_stm32f10x_md.s...
compiling system_stm32f10x.c...
compiling stm32f10x_rcc.c...
compiling stm32f10x_gpio.c...
compiling stm32f10x_tim.c...
compiling misc.c...
compiling stm32f10x_adc.c...
compiling stm32f10x_dma.c...
compiling stm32f1_system.c...
compiling stm32f1_delay.c...
compiling stm32f1_adc.c...
compiling experiment_stm32f1.c...
linking...
Program Size: Code=11356 RO-data=268 RW-data=80 ZI-data=1128  
".\Obj\STM32F103C8T.axf" - 0 Errors, 0 Warning(s).
Load "E:\\Desktop\\STM32F1_RNR_TimerInt_20130928\\ProjectNR\\Obj\\STM32F103C8T.axf" 
Set JLink Project File to "E:\Desktop\STM32F1_RNR_TimerInt_20130928\ProjectNR\JLinkSettings.ini"
* JLink Info: Device "STM32F103CB" selected (128 KB flash, 20 KB RAM).
 
JLink info:
------------
DLL: V4.76 , compiled Aug 23 2013 20:59:10
Firmware: J-Link ARM-OB STM32 compiled Aug 22 2012 19:52:04
Hardware: V7.00
S/N : 20090928 
Feature(s) : RDI,FlashDL,FlashBP,JFlash,GDBFull 
 
* JLink Info: Found SWD-DP with ID 0x1BA01477
* JLink Info: Found SWD-DP with ID 0x1BA01477
* JLink Info: Found Cortex-M3 r1p1, Little endian.
* JLink Info: FPUnit: 6 code (BP) slots and 2 literal slots
* JLink Info: TPIU fitted.
ROMTableAddr = 0xE00FF003
 
Target info:
------------
Device: STM32F103CB
VTarget = 3.300V
State of Pins: 
TCK: 0, TDI: 0, TDO: 1, TMS: 0, TRES: 1, TRST: 1
Hardware-Breakpoints: 6
Software-Breakpoints: 8192
Watchpoints:          4
JTAG speed: 4000 kHz
 
Erase Done.
Programming Done.
Verify OK.
Application running ...
Rebuild target 'STM32F103CBT'
assembling startup_stm32f10x_md.s...
compiling system_stm32f10x.c...
compiling stm32f10x_rcc.c...
compiling stm32f10x_gpio.c...
compiling stm32f10x_tim.c...
compiling misc.c...
compiling stm32f10x_adc.c...
compiling stm32f10x_dma.c...
compiling stm32f1_system.c...
compiling stm32f1_delay.c...
compiling stm32f1_adc.c...
compiling experiment_stm32f1.c...
linking...
Program Size: Code=11356 RO-data=268 RW-data=80 ZI-data=1128  
".\Obj\STM32F103C8T.axf" - 0 Errors, 0 Warning(s).
Load "E:\\Desktop\\STM32F1_RNR_TimerInt_20130928\\ProjectNR\\Obj\\STM32F103C8T.axf" 
Set JLink Project File to "E:\Desktop\STM32F1_RNR_TimerInt_20130928\ProjectNR\JLinkSettings.ini"
* JLink Info: Device "STM32F103CB" selected (128 KB flash, 20 KB RAM).
 
JLink info:
------------
DLL: V4.76 , compiled Aug 23 2013 20:59:10
Firmware: J-Link ARM-OB STM32 compiled Aug 22 2012 19:52:04
Hardware: V7.00
S/N : 20090928 
Feature(s) : RDI,FlashDL,FlashBP,JFlash,GDBFull 
 
* JLink Info: Found SWD-DP with ID 0x1BA01477
* JLink Info: Found SWD-DP with ID 0x1BA01477
* JLink Info: Found Cortex-M3 r1p1, Little endian.
* JLink Info: FPUnit: 6 code (BP) slots and 2 literal slots
* JLink Info: TPIU fitted.
ROMTableAddr = 0xE00FF003
 
Target info:
------------
Device: STM32F103CB
VTarget = 3.300V
State of Pins: 
TCK: 0, TDI: 0, TDO: 1, TMS: 0, TRES: 1, TRST: 1
Hardware-Breakpoints: 6
Software-Breakpoints: 8192
Watchpoints:          4
JTAG speed: 4000 kHz
 
Erase Done.
Programming Done.
Verify OK.
Application running ...
Rebuild target 'STM32F103CBT'
assembling startup_stm32f10x_md.s...
compiling system_stm32f10x.c...
compiling stm32f10x_rcc.c...
compiling stm32f10x_gpio.c...
compiling stm32f10x_tim.c...
compiling misc.c...
compiling stm32f10x_adc.c...
compiling stm32f10x_dma.c...
compiling stm32f1_system.c...
compiling stm32f1_delay.c...
compiling stm32f1_adc.c...
compiling experiment_stm32f1.c...
linking...
Program Size: Code=11356 RO-data=268 RW-data=80 ZI-data=1128  
".\Obj\STM32F103C8T.axf" - 0 Errors, 0 Warning(s).
Rebuild target 'STM32F103CBT'
assembling startup_stm32f10x_md.s...
compiling system_stm32f10x.c...
compiling stm32f10x_rcc.c...
compiling stm32f10x_gpio.c...
compiling stm32f10x_tim.c...
compiling misc.c...
compiling stm32f10x_adc.c...
compiling stm32f10x_dma.c...
compiling stm32f1_system.c...
compiling stm32f1_delay.c...
compiling stm32f1_adc.c...
compiling experiment_stm32f1.c...
linking...
Program Size: Code=11356 RO-data=268 RW-data=80 ZI-data=1128  
".\Obj\STM32F103C8T.axf" - 0 Errors, 0 Warning(s).
Load "E:\\Desktop\\STM32F1_RNR_TimerInt_20130928\\ProjectNR\\Obj\\STM32F103C8T.axf" 
Set JLink Project File to "E:\Desktop\STM32F1_RNR_TimerInt_20130928\ProjectNR\JLinkSettings.ini"
* JLink Info: Device "STM32F103CB" selected (128 KB flash, 20 KB RAM).
 
JLink info:
------------
DLL: V4.76 , compiled Aug 23 2013 20:59:10
Firmware: J-Link ARM-OB STM32 compiled Aug 22 2012 19:52:04
Hardware: V7.00
S/N : 20090928 
Feature(s) : RDI,FlashDL,FlashBP,JFlash,GDBFull 
 
* JLink Info: Found SWD-DP with ID 0x1BA01477
* JLink Info: Found SWD-DP with ID 0x1BA01477
* JLink Info: Found Cortex-M3 r1p1, Little endian.
* JLink Info: FPUnit: 6 code (BP) slots and 2 literal slots
* JLink Info: TPIU fitted.
ROMTableAddr = 0xE00FF003
 
Target info:
------------
Device: STM32F103CB
VTarget = 3.300V
State of Pins: 
TCK: 0, TDI: 0, TDO: 1, TMS: 0, TRES: 1, TRST: 1
Hardware-Breakpoints: 6
Software-Breakpoints: 8192
Watchpoints:          4
JTAG speed: 4000 kHz
 
Erase Done.
Programming Done.
Verify OK.
Application running ...
Rebuild target 'STM32F103CBT'
assembling startup_stm32f10x_md.s...
compiling system_stm32f10x.c...
compiling stm32f10x_rcc.c...
compiling stm32f10x_gpio.c...
compiling stm32f10x_tim.c...
compiling misc.c...
compiling stm32f10x_adc.c...
compiling stm32f10x_dma.c...
compiling stm32f1_system.c...
compiling stm32f1_delay.c...
compiling stm32f1_adc.c...
compiling experiment_stm32f1.c...
linking...
Program Size: Code=11356 RO-data=268 RW-data=80 ZI-data=1128  
".\Obj\STM32F103C8T.axf" - 0 Errors, 0 Warning(s).
Rebuild target 'STM32F103CBT'
assembling startup_stm32f10x_md.s...
compiling system_stm32f10x.c...
compiling stm32f10x_rcc.c...
compiling stm32f10x_gpio.c...
compiling stm32f10x_tim.c...
compiling misc.c...
compiling stm32f10x_adc.c...
compiling stm32f10x_dma.c...
compiling stm32f1_system.c...
compiling stm32f1_delay.c...
compiling stm32f1_adc.c...
compiling experiment_stm32f1.c...
linking...
Program Size: Code=11352 RO-data=268 RW-data=84 ZI-data=1028  
".\Obj\STM32F103C8T.axf" - 0 Errors, 0 Warning(s).
Load "E:\\Desktop\\STM32F1_RNR_TimerInt_20130928\\ProjectNR\\Obj\\STM32F103C8T.axf" 
Set JLink Project File to "E:\Desktop\STM32F1_RNR_TimerInt_20130928\ProjectNR\JLinkSettings.ini"
* JLink Info: Device "STM32F103CB" selected (128 KB flash, 20 KB RAM).
 
JLink info:
------------
DLL: V4.76 , compiled Aug 23 2013 20:59:10
Firmware: J-Link ARM-OB STM32 compiled Aug 22 2012 19:52:04
Hardware: V7.00
S/N : 20090928 
Feature(s) : RDI,FlashDL,FlashBP,JFlash,GDBFull 
 
* JLink Info: Found SWD-DP with ID 0x1BA01477
* JLink Info: Found SWD-DP with ID 0x1BA01477
* JLink Info: Found Cortex-M3 r1p1, Little endian.
* JLink Info: FPUnit: 6 code (BP) slots and 2 literal slots
* JLink Info: TPIU fitted.
ROMTableAddr = 0xE00FF003
 
Target info:
------------
Device: STM32F103CB
VTarget = 3.300V
State of Pins: 
TCK: 0, TDI: 0, TDO: 1, TMS: 0, TRES: 1, TRST: 1
Hardware-Breakpoints: 6
Software-Breakpoints: 8192
Watchpoints:          4
JTAG speed: 4000 kHz
 
Erase Done.
Programming Done.
Verify OK.
Application running ...
Rebuild target 'STM32F103CBT'
assembling startup_stm32f10x_md.s...
compiling system_stm32f10x.c...
compiling stm32f10x_rcc.c...
compiling stm32f10x_gpio.c...
compiling stm32f10x_tim.c...
compiling misc.c...
compiling stm32f10x_adc.c...
compiling stm32f10x_dma.c...
compiling stm32f1_system.c...
compiling stm32f1_delay.c...
compiling stm32f1_adc.c...
compiling experiment_stm32f1.c...
linking...
Program Size: Code=11356 RO-data=268 RW-data=80 ZI-data=1224  
".\Obj\STM32F103C8T.axf" - 0 Errors, 0 Warning(s).
Load "E:\\Desktop\\STM32F1_RNR_TimerInt_20130928\\ProjectNR\\Obj\\STM32F103C8T.axf" 
Set JLink Project File to "E:\Desktop\STM32F1_RNR_TimerInt_20130928\ProjectNR\JLinkSettings.ini"
* JLink Info: Device "STM32F103CB" selected (128 KB flash, 20 KB RAM).
 
JLink info:
------------
DLL: V4.76 , compiled Aug 23 2013 20:59:10
Firmware: J-Link ARM-OB STM32 compiled Aug 22 2012 19:52:04
Hardware: V7.00
S/N : 20090928 
Feature(s) : RDI,FlashDL,FlashBP,JFlash,GDBFull 
 
* JLink Info: Found SWD-DP with ID 0x1BA01477
* JLink Info: Found SWD-DP with ID 0x1BA01477
* JLink Info: Found Cortex-M3 r1p1, Little endian.
* JLink Info: FPUnit: 6 code (BP) slots and 2 literal slots
* JLink Info: TPIU fitted.
ROMTableAddr = 0xE00FF003
 
Target info:
------------
Device: STM32F103CB
VTarget = 3.300V
State of Pins: 
TCK: 0, TDI: 0, TDO: 1, TMS: 0, TRES: 1, TRST: 1
Hardware-Breakpoints: 6
Software-Breakpoints: 8192
Watchpoints:          4
JTAG speed: 4000 kHz
 
Erase Done.
Programming Done.
Verify OK.
Application running ...
Rebuild target 'STM32F103CBT'
assembling startup_stm32f10x_md.s...
compiling system_stm32f10x.c...
compiling stm32f10x_rcc.c...
compiling stm32f10x_gpio.c...
compiling stm32f10x_tim.c...
compiling misc.c...
compiling stm32f10x_adc.c...
compiling stm32f10x_dma.c...
compiling stm32f1_system.c...
compiling stm32f1_delay.c...
compiling stm32f1_adc.c...
compiling experiment_stm32f1.c...
linking...
Program Size: Code=11356 RO-data=268 RW-data=80 ZI-data=1224  
".\Obj\STM32F103C8T.axf" - 0 Errors, 0 Warning(s).
Load "E:\\Desktop\\STM32F1_RNR_TimerInt_20130928\\ProjectNR\\Obj\\STM32F103C8T.axf" 
Set JLink Project File to "E:\Desktop\STM32F1_RNR_TimerInt_20130928\ProjectNR\JLinkSettings.ini"
* JLink Info: Device "STM32F103CB" selected (128 KB flash, 20 KB RAM).
 
JLink info:
------------
DLL: V4.76 , compiled Aug 23 2013 20:59:10
Firmware: J-Link ARM-OB STM32 compiled Aug 22 2012 19:52:04
Hardware: V7.00
S/N : 20090928 
Feature(s) : RDI,FlashDL,FlashBP,JFlash,GDBFull 
 
* JLink Info: Found SWD-DP with ID 0x1BA01477
* JLink Info: Found SWD-DP with ID 0x1BA01477
* JLink Info: Found Cortex-M3 r1p1, Little endian.
* JLink Info: FPUnit: 6 code (BP) slots and 2 literal slots
* JLink Info: TPIU fitted.
ROMTableAddr = 0xE00FF003
 
Target info:
------------
Device: STM32F103CB
VTarget = 3.300V
State of Pins: 
TCK: 0, TDI: 0, TDO: 1, TMS: 0, TRES: 1, TRST: 1
Hardware-Breakpoints: 6
Software-Breakpoints: 8192
Watchpoints:          4
JTAG speed: 4000 kHz
 
Erase Done.
Programming Done.
Verify OK.
Application running ...
Rebuild target 'STM32F103CBT'
assembling startup_stm32f10x_md.s...
compiling system_stm32f10x.c...
compiling stm32f10x_rcc.c...
compiling stm32f10x_gpio.c...
compiling stm32f10x_tim.c...
compiling misc.c...
compiling stm32f10x_adc.c...
compiling stm32f10x_dma.c...
compiling stm32f1_system.c...
compiling stm32f1_delay.c...
compiling stm32f1_adc.c...
compiling experiment_stm32f1.c...
linking...
Program Size: Code=11372 RO-data=268 RW-data=80 ZI-data=1224  
".\Obj\STM32F103C8T.axf" - 0 Errors, 0 Warning(s).
Rebuild target 'STM32F103CBT'
assembling startup_stm32f10x_md.s...
compiling system_stm32f10x.c...
compiling stm32f10x_rcc.c...
compiling stm32f10x_gpio.c...
compiling stm32f10x_tim.c...
compiling misc.c...
compiling stm32f10x_adc.c...
compiling stm32f10x_dma.c...
compiling stm32f1_system.c...
compiling stm32f1_delay.c...
compiling stm32f1_adc.c...
compiling experiment_stm32f1.c...
linking...
Program Size: Code=11372 RO-data=268 RW-data=80 ZI-data=1224  
".\Obj\STM32F103C8T.axf" - 0 Errors, 0 Warning(s).
Load "E:\\Desktop\\STM32F1_RNR_TimerInt_20130928\\ProjectNR\\Obj\\STM32F103C8T.axf" 
Set JLink Project File to "E:\Desktop\STM32F1_RNR_TimerInt_20130928\ProjectNR\JLinkSettings.ini"
* JLink Info: Device "STM32F103CB" selected (128 KB flash, 20 KB RAM).
 
JLink info:
------------
DLL: V4.76 , compiled Aug 23 2013 20:59:10
Firmware: J-Link ARM-OB STM32 compiled Aug 22 2012 19:52:04
Hardware: V7.00
S/N : 20090928 
Feature(s) : RDI,FlashDL,FlashBP,JFlash,GDBFull 
 
* JLink Info: Found SWD-DP with ID 0x1BA01477
* JLink Info: Found SWD-DP with ID 0x1BA01477
* JLink Info: Found Cortex-M3 r1p1, Little endian.
* JLink Info: FPUnit: 6 code (BP) slots and 2 literal slots
* JLink Info: TPIU fitted.
ROMTableAddr = 0xE00FF003
 
Target info:
------------
Device: STM32F103CB
VTarget = 3.300V
State of Pins: 
TCK: 0, TDI: 0, TDO: 1, TMS: 0, TRES: 1, TRST: 1
Hardware-Breakpoints: 6
Software-Breakpoints: 8192
Watchpoints:          4
JTAG speed: 4000 kHz
 
Erase Done.
Programming Done.
Verify OK.
Application running ...
