ARM Linker, 5.03 [Build 76] [MDK-ARM Standard]

==============================================================================

Section Cross References

    startup_stm32f10x_md.o(RESET) refers to startup_stm32f10x_md.o(STACK) for __initial_sp
    startup_stm32f10x_md.o(RESET) refers to startup_stm32f10x_md.o(.text) for Reset_Handler
    startup_stm32f10x_md.o(RESET) refers to experiment_stm32f1.o(.text) for TIM3_IRQHandler
    startup_stm32f10x_md.o(.text) refers to system_stm32f10x.o(.text) for SystemInit
    startup_stm32f10x_md.o(.text) refers to entry.o(.ARM.Collect$$$$00000000) for __main
    system_stm32f10x.o(.text) refers to system_stm32f10x.o(.data) for SystemCoreClock
    stm32f10x_rcc.o(.text) refers to stm32f10x_rcc.o(.data) for APBAHBPrescTable
    stm32f10x_gpio.o(.text) refers to stm32f10x_rcc.o(.text) for RCC_APB2PeriphResetCmd
    stm32f10x_tim.o(.text) refers to stm32f10x_rcc.o(.text) for RCC_APB2PeriphResetCmd
    stm32f10x_adc.o(.text) refers to stm32f10x_rcc.o(.text) for RCC_APB2PeriphResetCmd
    stm32f1_adc.o(.text) refers to stm32f10x_rcc.o(.text) for RCC_AHBPeriphClockCmd
    stm32f1_adc.o(.text) refers to stm32f10x_gpio.o(.text) for GPIO_Init
    stm32f1_adc.o(.text) refers to stm32f10x_dma.o(.text) for DMA_DeInit
    stm32f1_adc.o(.text) refers to stm32f10x_adc.o(.text) for ADC_Init
    stm32f1_adc.o(.text) refers to stm32f1_adc.o(.bss) for ADC_DMA_Buf
    experiment_stm32f1.o(.text) refers to stm32f10x_rcc.o(.text) for RCC_APB1PeriphClockCmd
    experiment_stm32f1.o(.text) refers to stm32f10x_tim.o(.text) for TIM_DeInit
    experiment_stm32f1.o(.text) refers to misc.o(.text) for NVIC_PriorityGroupConfig
    experiment_stm32f1.o(.text) refers to stm32f10x_gpio.o(.text) for GPIO_Init
    experiment_stm32f1.o(.text) refers to stm32f1_adc.o(.text) for ADC_Config
    experiment_stm32f1.o(.text) refers to fadd.o(.text) for __aeabi_fadd
    experiment_stm32f1.o(.text) refers to cfrcmple.o(.text) for __aeabi_cfrcmple
    experiment_stm32f1.o(.text) refers to stm32f1_delay.o(.text) for Delay_10ms
    experiment_stm32f1.o(.text) refers to f2d.o(.text) for __aeabi_f2d
    experiment_stm32f1.o(.text) refers to dadd.o(.text) for __aeabi_dadd
    experiment_stm32f1.o(.text) refers to d2f.o(.text) for __aeabi_d2f
    experiment_stm32f1.o(.text) refers to dflti.o(.text) for __aeabi_i2d
    experiment_stm32f1.o(.text) refers to dmul.o(.text) for __aeabi_dmul
    experiment_stm32f1.o(.text) refers to ddiv.o(.text) for __aeabi_ddiv
    experiment_stm32f1.o(.text) refers to fmul.o(.text) for __aeabi_fmul
    experiment_stm32f1.o(.text) refers to fflti.o(.text) for __aeabi_i2f
    experiment_stm32f1.o(.text) refers to fdiv.o(.text) for __aeabi_fdiv
    experiment_stm32f1.o(.text) refers to ffixi.o(.text) for __aeabi_f2iz
    experiment_stm32f1.o(.text) refers to experiment_stm32f1.o(.data) for Kp
    entry.o(.ARM.Collect$$$$00000000) refers (Special) to entry10a.o(.ARM.Collect$$$$0000000D) for __rt_final_cpp
    entry.o(.ARM.Collect$$$$00000000) refers (Special) to entry11a.o(.ARM.Collect$$$$0000000F) for __rt_final_exit
    entry.o(.ARM.Collect$$$$00000000) refers (Special) to entry7b.o(.ARM.Collect$$$$00000008) for _main_clock
    entry.o(.ARM.Collect$$$$00000000) refers (Special) to entry8b.o(.ARM.Collect$$$$0000000A) for _main_cpp_init
    entry.o(.ARM.Collect$$$$00000000) refers (Special) to entry9a.o(.ARM.Collect$$$$0000000B) for _main_init
    entry.o(.ARM.Collect$$$$00000000) refers (Special) to entry5.o(.ARM.Collect$$$$00000004) for _main_scatterload
    entry.o(.ARM.Collect$$$$00000000) refers (Special) to entry2.o(.ARM.Collect$$$$00000001) for _main_stk
    fadd.o(.text) refers (Special) to iusefp.o(.text) for __I$use$fp
    fadd.o(.text) refers to fepilogue.o(.text) for _float_epilogue
    fmul.o(.text) refers (Special) to iusefp.o(.text) for __I$use$fp
    fdiv.o(.text) refers (Special) to iusefp.o(.text) for __I$use$fp
    fdiv.o(.text) refers to fepilogue.o(.text) for _float_round
    dadd.o(.text) refers (Special) to iusefp.o(.text) for __I$use$fp
    dadd.o(.text) refers to llshl.o(.text) for __aeabi_llsl
    dadd.o(.text) refers to llsshr.o(.text) for __aeabi_lasr
    dadd.o(.text) refers to depilogue.o(.text) for _double_epilogue
    dmul.o(.text) refers (Special) to iusefp.o(.text) for __I$use$fp
    dmul.o(.text) refers to depilogue.o(.text) for _double_epilogue
    ddiv.o(.text) refers (Special) to iusefp.o(.text) for __I$use$fp
    ddiv.o(.text) refers to depilogue.o(.text) for _double_round
    fflti.o(.text) refers (Special) to iusefp.o(.text) for __I$use$fp
    fflti.o(.text) refers to fepilogue.o(.text) for _float_epilogue
    dflti.o(.text) refers (Special) to iusefp.o(.text) for __I$use$fp
    dflti.o(.text) refers to depilogue.o(.text) for _double_epilogue
    ffixi.o(.text) refers (Special) to iusefp.o(.text) for __I$use$fp
    f2d.o(.text) refers (Special) to iusefp.o(.text) for __I$use$fp
    d2f.o(.text) refers (Special) to iusefp.o(.text) for __I$use$fp
    d2f.o(.text) refers to fepilogue.o(.text) for _float_round
    cfrcmple.o(.text) refers (Special) to iusefp.o(.text) for __I$use$fp
    entry2.o(.ARM.Collect$$$$00000001) refers to entry2.o(.ARM.Collect$$$$00002712) for __lit__00000000
    entry2.o(.ARM.Collect$$$$00002712) refers to startup_stm32f10x_md.o(STACK) for __initial_sp
    entry2.o(__vectab_stack_and_reset_area) refers to startup_stm32f10x_md.o(STACK) for __initial_sp
    entry2.o(__vectab_stack_and_reset_area) refers to entry.o(.ARM.Collect$$$$00000000) for __main
    entry5.o(.ARM.Collect$$$$00000004) refers to init.o(.text) for __scatterload
    entry9a.o(.ARM.Collect$$$$0000000B) refers to experiment_stm32f1.o(.text) for main
    entry9b.o(.ARM.Collect$$$$0000000C) refers to experiment_stm32f1.o(.text) for main
    depilogue.o(.text) refers to llshl.o(.text) for __aeabi_llsl
    depilogue.o(.text) refers to llushr.o(.text) for __aeabi_llsr
    init.o(.text) refers to entry5.o(.ARM.Collect$$$$00000004) for __main_after_scatterload


==============================================================================

Removing Unused input sections from the image.

    Removing startup_stm32f10x_md.o(HEAP), (512 bytes).

1 unused section(s) (total 512 bytes) removed from the image.

==============================================================================

Image Symbol Table

    Local Symbols

    Symbol Name                              Value     Ov Type        Size  Object(Section)

    ../clib/microlib/init/entry.s            0x00000000   Number         0  entry9a.o ABSOLUTE
    ../clib/microlib/init/entry.s            0x00000000   Number         0  entry8b.o ABSOLUTE
    ../clib/microlib/init/entry.s            0x00000000   Number         0  entry8a.o ABSOLUTE
    ../clib/microlib/init/entry.s            0x00000000   Number         0  entry7b.o ABSOLUTE
    ../clib/microlib/init/entry.s            0x00000000   Number         0  entry7a.o ABSOLUTE
    ../clib/microlib/init/entry.s            0x00000000   Number         0  entry5.o ABSOLUTE
    ../clib/microlib/init/entry.s            0x00000000   Number         0  entry2.o ABSOLUTE
    ../clib/microlib/init/entry.s            0x00000000   Number         0  entry11b.o ABSOLUTE
    ../clib/microlib/init/entry.s            0x00000000   Number         0  entry11a.o ABSOLUTE
    ../clib/microlib/init/entry.s            0x00000000   Number         0  entry10b.o ABSOLUTE
    ../clib/microlib/init/entry.s            0x00000000   Number         0  entry10a.o ABSOLUTE
    ../clib/microlib/init/entry.s            0x00000000   Number         0  entry9b.o ABSOLUTE
    ../clib/microlib/init/entry.s            0x00000000   Number         0  entry.o ABSOLUTE
    ../clib/microlib/longlong.c              0x00000000   Number         0  llushr.o ABSOLUTE
    ../clib/microlib/longlong.c              0x00000000   Number         0  llsshr.o ABSOLUTE
    ../clib/microlib/longlong.c              0x00000000   Number         0  llshl.o ABSOLUTE
    ../clib/microlib/stubs.s                 0x00000000   Number         0  iusefp.o ABSOLUTE
    ../fplib/microlib/d2f.c                  0x00000000   Number         0  d2f.o ABSOLUTE
    ../fplib/microlib/f2d.c                  0x00000000   Number         0  f2d.o ABSOLUTE
    ../fplib/microlib/fpadd.c                0x00000000   Number         0  fadd.o ABSOLUTE
    ../fplib/microlib/fpadd.c                0x00000000   Number         0  dadd.o ABSOLUTE
    ../fplib/microlib/fpdiv.c                0x00000000   Number         0  ddiv.o ABSOLUTE
    ../fplib/microlib/fpdiv.c                0x00000000   Number         0  fdiv.o ABSOLUTE
    ../fplib/microlib/fpepilogue.c           0x00000000   Number         0  fepilogue.o ABSOLUTE
    ../fplib/microlib/fpepilogue.c           0x00000000   Number         0  depilogue.o ABSOLUTE
    ../fplib/microlib/fpfix.c                0x00000000   Number         0  ffixi.o ABSOLUTE
    ../fplib/microlib/fpflt.c                0x00000000   Number         0  fflti.o ABSOLUTE
    ../fplib/microlib/fpflt.c                0x00000000   Number         0  dflti.o ABSOLUTE
    ../fplib/microlib/fpmul.c                0x00000000   Number         0  fmul.o ABSOLUTE
    ../fplib/microlib/fpmul.c                0x00000000   Number         0  dmul.o ABSOLUTE
    ..\Libraries\CMSIS\startup_stm32f10x_md.s 0x00000000   Number         0  startup_stm32f10x_md.o ABSOLUTE
    ..\Libraries\CMSIS\system_stm32f10x.c    0x00000000   Number         0  system_stm32f10x.o ABSOLUTE
    ..\Libraries\STM32F10x_StdPeriph_Driver\src\misc.c 0x00000000   Number         0  misc.o ABSOLUTE
    ..\Libraries\STM32F10x_StdPeriph_Driver\src\stm32f10x_adc.c 0x00000000   Number         0  stm32f10x_adc.o ABSOLUTE
    ..\Libraries\STM32F10x_StdPeriph_Driver\src\stm32f10x_dma.c 0x00000000   Number         0  stm32f10x_dma.o ABSOLUTE
    ..\Libraries\STM32F10x_StdPeriph_Driver\src\stm32f10x_gpio.c 0x00000000   Number         0  stm32f10x_gpio.o ABSOLUTE
    ..\Libraries\STM32F10x_StdPeriph_Driver\src\stm32f10x_rcc.c 0x00000000   Number         0  stm32f10x_rcc.o ABSOLUTE
    ..\Libraries\STM32F10x_StdPeriph_Driver\src\stm32f10x_tim.c 0x00000000   Number         0  stm32f10x_tim.o ABSOLUTE
    ..\Program\experiment_stm32f1.c          0x00000000   Number         0  experiment_stm32f1.o ABSOLUTE
    ..\Program\stm32f1_adc.c                 0x00000000   Number         0  stm32f1_adc.o ABSOLUTE
    ..\Program\stm32f1_delay.c               0x00000000   Number         0  stm32f1_delay.o ABSOLUTE
    ..\Program\stm32f1_system.c              0x00000000   Number         0  stm32f1_system.o ABSOLUTE
    cfrcmple.s                               0x00000000   Number         0  cfrcmple.o ABSOLUTE
    dc.s                                     0x00000000   Number         0  dc.o ABSOLUTE
    handlers.s                               0x00000000   Number         0  handlers.o ABSOLUTE
    init.s                                   0x00000000   Number         0  init.o ABSOLUTE
    RESET                                    0x08000000   Section      236  startup_stm32f10x_md.o(RESET)
    .ARM.Collect$$$$00000000                 0x080000ec   Section        0  entry.o(.ARM.Collect$$$$00000000)
    .ARM.Collect$$$$00000001                 0x080000ec   Section        4  entry2.o(.ARM.Collect$$$$00000001)
    .ARM.Collect$$$$00000004                 0x080000f0   Section        4  entry5.o(.ARM.Collect$$$$00000004)
    .ARM.Collect$$$$00000008                 0x080000f4   Section        0  entry7b.o(.ARM.Collect$$$$00000008)
    .ARM.Collect$$$$0000000A                 0x080000f4   Section        0  entry8b.o(.ARM.Collect$$$$0000000A)
    .ARM.Collect$$$$0000000B                 0x080000f4   Section        8  entry9a.o(.ARM.Collect$$$$0000000B)
    .ARM.Collect$$$$0000000D                 0x080000fc   Section        0  entry10a.o(.ARM.Collect$$$$0000000D)
    .ARM.Collect$$$$0000000F                 0x080000fc   Section        0  entry11a.o(.ARM.Collect$$$$0000000F)
    .ARM.Collect$$$$00002712                 0x080000fc   Section        4  entry2.o(.ARM.Collect$$$$00002712)
    __lit__00000000                          0x080000fc   Data           4  entry2.o(.ARM.Collect$$$$00002712)
    .text                                    0x08000100   Section       36  startup_stm32f10x_md.o(.text)
    .text                                    0x08000124   Section        0  system_stm32f10x.o(.text)
    SetSysClockTo72                          0x08000125   Thumb Code   212  system_stm32f10x.o(.text)
    SetSysClock                              0x080001f9   Thumb Code     8  system_stm32f10x.o(.text)
    .text                                    0x08000300   Section        0  stm32f10x_rcc.o(.text)
    .text                                    0x080006a4   Section        0  stm32f10x_gpio.o(.text)
    .text                                    0x080009fc   Section        0  stm32f10x_tim.o(.text)
    TI4_Config                               0x08000ea3   Thumb Code   130  stm32f10x_tim.o(.text)
    TI3_Config                               0x08000f37   Thumb Code   122  stm32f10x_tim.o(.text)
    TI2_Config                               0x08000fcb   Thumb Code   130  stm32f10x_tim.o(.text)
    TI1_Config                               0x0800105f   Thumb Code   108  stm32f10x_tim.o(.text)
    .text                                    0x08001818   Section        0  misc.o(.text)
    .text                                    0x080018f4   Section        0  stm32f10x_adc.o(.text)
    .text                                    0x08001d44   Section        0  stm32f10x_dma.o(.text)
    .text                                    0x08001f94   Section        0  stm32f1_delay.o(.text)
    .text                                    0x08002028   Section        0  stm32f1_adc.o(.text)
    .text                                    0x0800216c   Section        0  experiment_stm32f1.o(.text)
    .text                                    0x08002604   Section        0  fadd.o(.text)
    .text                                    0x080026b4   Section        0  fmul.o(.text)
    .text                                    0x08002720   Section        0  fdiv.o(.text)
    .text                                    0x080027a0   Section        0  dadd.o(.text)
    .text                                    0x080028ee   Section        0  dmul.o(.text)
    .text                                    0x080029d2   Section        0  ddiv.o(.text)
    .text                                    0x08002ab0   Section        0  fflti.o(.text)
    .text                                    0x08002ac2   Section        0  dflti.o(.text)
    .text                                    0x08002ae4   Section        0  ffixi.o(.text)
    .text                                    0x08002b16   Section        0  f2d.o(.text)
    .text                                    0x08002b3c   Section        0  d2f.o(.text)
    .text                                    0x08002b74   Section       20  cfrcmple.o(.text)
    .text                                    0x08002b88   Section        0  llshl.o(.text)
    .text                                    0x08002ba6   Section        0  llsshr.o(.text)
    .text                                    0x08002bca   Section        0  fepilogue.o(.text)
    .text                                    0x08002bca   Section        0  iusefp.o(.text)
    .text                                    0x08002c36   Section        0  depilogue.o(.text)
    .text                                    0x08002cf4   Section       36  init.o(.text)
    .text                                    0x08002d18   Section        0  llushr.o(.text)
    i.__scatterload_copy                     0x08002d38   Section       14  handlers.o(i.__scatterload_copy)
    i.__scatterload_null                     0x08002d46   Section        2  handlers.o(i.__scatterload_null)
    i.__scatterload_zeroinit                 0x08002d48   Section       14  handlers.o(i.__scatterload_zeroinit)
    .data                                    0x20000000   Section       20  system_stm32f10x.o(.data)
    .data                                    0x20000014   Section       20  stm32f10x_rcc.o(.data)
    APBAHBPrescTable                         0x20000014   Data          16  stm32f10x_rcc.o(.data)
    ADCPrescTable                            0x20000024   Data           4  stm32f10x_rcc.o(.data)
    .data                                    0x20000028   Section       37  experiment_stm32f1.o(.data)
    freq                                     0x20000048   Data           2  experiment_stm32f1.o(.data)
    duty                                     0x2000004a   Data           2  experiment_stm32f1.o(.data)
    state                                    0x2000004c   Data           1  experiment_stm32f1.o(.data)
    .bss                                     0x20000050   Section      200  stm32f1_adc.o(.bss)
    STACK                                    0x20000118   Section     1024  startup_stm32f10x_md.o(STACK)

    Global Symbols

    Symbol Name                              Value     Ov Type        Size  Object(Section)

    BuildAttributes$$THM_ISAv4$P$D$K$B$S$PE$A:L22UL41UL21$X:L11$S22US41US21$IEEE1$IW$USESV6$~STKCKD$USESV7$~SHL$OTIME$ROPI$EBA8$MICROLIB$REQ8$PRES8$EABIv2 0x00000000   Number         0  anon$$obj.o ABSOLUTE
    __ARM_use_no_argv                        0x00000000   Number         0  experiment_stm32f1.o ABSOLUTE
    __cpp_initialize__aeabi_                  - Undefined Weak Reference
    __cxa_finalize                            - Undefined Weak Reference
    __decompress                              - Undefined Weak Reference
    _clock_init                               - Undefined Weak Reference
    _microlib_exit                            - Undefined Weak Reference
    __Vectors_Size                           0x000000ec   Number         0  startup_stm32f10x_md.o ABSOLUTE
    __Vectors                                0x08000000   Data           4  startup_stm32f10x_md.o(RESET)
    __Vectors_End                            0x080000ec   Data           0  startup_stm32f10x_md.o(RESET)
    __main                                   0x080000ed   Thumb Code     0  entry.o(.ARM.Collect$$$$00000000)
    _main_stk                                0x080000ed   Thumb Code     0  entry2.o(.ARM.Collect$$$$00000001)
    _main_scatterload                        0x080000f1   Thumb Code     0  entry5.o(.ARM.Collect$$$$00000004)
    __main_after_scatterload                 0x080000f5   Thumb Code     0  entry5.o(.ARM.Collect$$$$00000004)
    _main_clock                              0x080000f5   Thumb Code     0  entry7b.o(.ARM.Collect$$$$00000008)
    _main_cpp_init                           0x080000f5   Thumb Code     0  entry8b.o(.ARM.Collect$$$$0000000A)
    _main_init                               0x080000f5   Thumb Code     0  entry9a.o(.ARM.Collect$$$$0000000B)
    __rt_final_cpp                           0x080000fd   Thumb Code     0  entry10a.o(.ARM.Collect$$$$0000000D)
    __rt_final_exit                          0x080000fd   Thumb Code     0  entry11a.o(.ARM.Collect$$$$0000000F)
    Reset_Handler                            0x08000101   Thumb Code     8  startup_stm32f10x_md.o(.text)
    NMI_Handler                              0x08000109   Thumb Code     2  startup_stm32f10x_md.o(.text)
    HardFault_Handler                        0x0800010b   Thumb Code     2  startup_stm32f10x_md.o(.text)
    MemManage_Handler                        0x0800010d   Thumb Code     2  startup_stm32f10x_md.o(.text)
    BusFault_Handler                         0x0800010f   Thumb Code     2  startup_stm32f10x_md.o(.text)
    UsageFault_Handler                       0x08000111   Thumb Code     2  startup_stm32f10x_md.o(.text)
    SVC_Handler                              0x08000113   Thumb Code     2  startup_stm32f10x_md.o(.text)
    DebugMon_Handler                         0x08000115   Thumb Code     2  startup_stm32f10x_md.o(.text)
    PendSV_Handler                           0x08000117   Thumb Code     2  startup_stm32f10x_md.o(.text)
    SysTick_Handler                          0x08000119   Thumb Code     2  startup_stm32f10x_md.o(.text)
    ADC1_2_IRQHandler                        0x0800011b   Thumb Code     0  startup_stm32f10x_md.o(.text)
    CAN1_RX1_IRQHandler                      0x0800011b   Thumb Code     0  startup_stm32f10x_md.o(.text)
    CAN1_SCE_IRQHandler                      0x0800011b   Thumb Code     0  startup_stm32f10x_md.o(.text)
    DMA1_Channel1_IRQHandler                 0x0800011b   Thumb Code     0  startup_stm32f10x_md.o(.text)
    DMA1_Channel2_IRQHandler                 0x0800011b   Thumb Code     0  startup_stm32f10x_md.o(.text)
    DMA1_Channel3_IRQHandler                 0x0800011b   Thumb Code     0  startup_stm32f10x_md.o(.text)
    DMA1_Channel4_IRQHandler                 0x0800011b   Thumb Code     0  startup_stm32f10x_md.o(.text)
    DMA1_Channel5_IRQHandler                 0x0800011b   Thumb Code     0  startup_stm32f10x_md.o(.text)
    DMA1_Channel6_IRQHandler                 0x0800011b   Thumb Code     0  startup_stm32f10x_md.o(.text)
    DMA1_Channel7_IRQHandler                 0x0800011b   Thumb Code     0  startup_stm32f10x_md.o(.text)
    EXTI0_IRQHandler                         0x0800011b   Thumb Code     0  startup_stm32f10x_md.o(.text)
    EXTI15_10_IRQHandler                     0x0800011b   Thumb Code     0  startup_stm32f10x_md.o(.text)
    EXTI1_IRQHandler                         0x0800011b   Thumb Code     0  startup_stm32f10x_md.o(.text)
    EXTI2_IRQHandler                         0x0800011b   Thumb Code     0  startup_stm32f10x_md.o(.text)
    EXTI3_IRQHandler                         0x0800011b   Thumb Code     0  startup_stm32f10x_md.o(.text)
    EXTI4_IRQHandler                         0x0800011b   Thumb Code     0  startup_stm32f10x_md.o(.text)
    EXTI9_5_IRQHandler                       0x0800011b   Thumb Code     0  startup_stm32f10x_md.o(.text)
    FLASH_IRQHandler                         0x0800011b   Thumb Code     0  startup_stm32f10x_md.o(.text)
    I2C1_ER_IRQHandler                       0x0800011b   Thumb Code     0  startup_stm32f10x_md.o(.text)
    I2C1_EV_IRQHandler                       0x0800011b   Thumb Code     0  startup_stm32f10x_md.o(.text)
    I2C2_ER_IRQHandler                       0x0800011b   Thumb Code     0  startup_stm32f10x_md.o(.text)
    I2C2_EV_IRQHandler                       0x0800011b   Thumb Code     0  startup_stm32f10x_md.o(.text)
    PVD_IRQHandler                           0x0800011b   Thumb Code     0  startup_stm32f10x_md.o(.text)
    RCC_IRQHandler                           0x0800011b   Thumb Code     0  startup_stm32f10x_md.o(.text)
    RTCAlarm_IRQHandler                      0x0800011b   Thumb Code     0  startup_stm32f10x_md.o(.text)
    RTC_IRQHandler                           0x0800011b   Thumb Code     0  startup_stm32f10x_md.o(.text)
    SPI1_IRQHandler                          0x0800011b   Thumb Code     0  startup_stm32f10x_md.o(.text)
    SPI2_IRQHandler                          0x0800011b   Thumb Code     0  startup_stm32f10x_md.o(.text)
    TAMPER_IRQHandler                        0x0800011b   Thumb Code     0  startup_stm32f10x_md.o(.text)
    TIM1_BRK_IRQHandler                      0x0800011b   Thumb Code     0  startup_stm32f10x_md.o(.text)
    TIM1_CC_IRQHandler                       0x0800011b   Thumb Code     0  startup_stm32f10x_md.o(.text)
    TIM1_TRG_COM_IRQHandler                  0x0800011b   Thumb Code     0  startup_stm32f10x_md.o(.text)
    TIM1_UP_IRQHandler                       0x0800011b   Thumb Code     0  startup_stm32f10x_md.o(.text)
    TIM2_IRQHandler                          0x0800011b   Thumb Code     0  startup_stm32f10x_md.o(.text)
    TIM4_IRQHandler                          0x0800011b   Thumb Code     0  startup_stm32f10x_md.o(.text)
    USART1_IRQHandler                        0x0800011b   Thumb Code     0  startup_stm32f10x_md.o(.text)
    USART2_IRQHandler                        0x0800011b   Thumb Code     0  startup_stm32f10x_md.o(.text)
    USART3_IRQHandler                        0x0800011b   Thumb Code     0  startup_stm32f10x_md.o(.text)
    USBWakeUp_IRQHandler                     0x0800011b   Thumb Code     0  startup_stm32f10x_md.o(.text)
    USB_HP_CAN1_TX_IRQHandler                0x0800011b   Thumb Code     0  startup_stm32f10x_md.o(.text)
    USB_LP_CAN1_RX0_IRQHandler               0x0800011b   Thumb Code     0  startup_stm32f10x_md.o(.text)
    WWDG_IRQHandler                          0x0800011b   Thumb Code     0  startup_stm32f10x_md.o(.text)
    SystemInit                               0x08000201   Thumb Code    78  system_stm32f10x.o(.text)
    SystemCoreClockUpdate                    0x0800024f   Thumb Code   142  system_stm32f10x.o(.text)
    RCC_DeInit                               0x08000301   Thumb Code    64  stm32f10x_rcc.o(.text)
    RCC_HSEConfig                            0x08000341   Thumb Code    70  stm32f10x_rcc.o(.text)
    RCC_GetFlagStatus                        0x08000387   Thumb Code    56  stm32f10x_rcc.o(.text)
    RCC_WaitForHSEStartUp                    0x080003bf   Thumb Code    56  stm32f10x_rcc.o(.text)
    RCC_AdjustHSICalibrationValue            0x080003f7   Thumb Code    20  stm32f10x_rcc.o(.text)
    RCC_HSICmd                               0x0800040b   Thumb Code     6  stm32f10x_rcc.o(.text)
    RCC_PLLConfig                            0x08000411   Thumb Code    24  stm32f10x_rcc.o(.text)
    RCC_PLLCmd                               0x08000429   Thumb Code     6  stm32f10x_rcc.o(.text)
    RCC_SYSCLKConfig                         0x0800042f   Thumb Code    18  stm32f10x_rcc.o(.text)
    RCC_GetSYSCLKSource                      0x08000441   Thumb Code    10  stm32f10x_rcc.o(.text)
    RCC_HCLKConfig                           0x0800044b   Thumb Code    18  stm32f10x_rcc.o(.text)
    RCC_PCLK1Config                          0x0800045d   Thumb Code    18  stm32f10x_rcc.o(.text)
    RCC_PCLK2Config                          0x0800046f   Thumb Code    20  stm32f10x_rcc.o(.text)
    RCC_ITConfig                             0x08000483   Thumb Code    26  stm32f10x_rcc.o(.text)
    RCC_USBCLKConfig                         0x0800049d   Thumb Code     6  stm32f10x_rcc.o(.text)
    RCC_ADCCLKConfig                         0x080004a3   Thumb Code    18  stm32f10x_rcc.o(.text)
    RCC_LSEConfig                            0x080004b5   Thumb Code    44  stm32f10x_rcc.o(.text)
    RCC_LSICmd                               0x080004e1   Thumb Code     6  stm32f10x_rcc.o(.text)
    RCC_RTCCLKConfig                         0x080004e7   Thumb Code    12  stm32f10x_rcc.o(.text)
    RCC_RTCCLKCmd                            0x080004f3   Thumb Code     8  stm32f10x_rcc.o(.text)
    RCC_GetClocksFreq                        0x080004fb   Thumb Code   192  stm32f10x_rcc.o(.text)
    RCC_AHBPeriphClockCmd                    0x080005bb   Thumb Code    26  stm32f10x_rcc.o(.text)
    RCC_APB2PeriphClockCmd                   0x080005d5   Thumb Code    26  stm32f10x_rcc.o(.text)
    RCC_APB1PeriphClockCmd                   0x080005ef   Thumb Code    26  stm32f10x_rcc.o(.text)
    RCC_APB2PeriphResetCmd                   0x08000609   Thumb Code    26  stm32f10x_rcc.o(.text)
    RCC_APB1PeriphResetCmd                   0x08000623   Thumb Code    26  stm32f10x_rcc.o(.text)
    RCC_BackupResetCmd                       0x0800063d   Thumb Code     8  stm32f10x_rcc.o(.text)
    RCC_ClockSecuritySystemCmd               0x08000645   Thumb Code     6  stm32f10x_rcc.o(.text)
    RCC_MCOConfig                            0x0800064b   Thumb Code     6  stm32f10x_rcc.o(.text)
    RCC_ClearFlag                            0x08000651   Thumb Code    14  stm32f10x_rcc.o(.text)
    RCC_GetITStatus                          0x0800065f   Thumb Code    20  stm32f10x_rcc.o(.text)
    RCC_ClearITPendingBit                    0x08000673   Thumb Code     6  stm32f10x_rcc.o(.text)
    GPIO_DeInit                              0x080006a5   Thumb Code   172  stm32f10x_gpio.o(.text)
    GPIO_AFIODeInit                          0x08000751   Thumb Code    20  stm32f10x_gpio.o(.text)
    GPIO_Init                                0x08000765   Thumb Code   274  stm32f10x_gpio.o(.text)
    GPIO_StructInit                          0x08000877   Thumb Code    16  stm32f10x_gpio.o(.text)
    GPIO_ReadInputDataBit                    0x08000887   Thumb Code    18  stm32f10x_gpio.o(.text)
    GPIO_ReadInputData                       0x08000899   Thumb Code     8  stm32f10x_gpio.o(.text)
    GPIO_ReadOutputDataBit                   0x080008a1   Thumb Code    18  stm32f10x_gpio.o(.text)
    GPIO_ReadOutputData                      0x080008b3   Thumb Code     8  stm32f10x_gpio.o(.text)
    GPIO_SetBits                             0x080008bb   Thumb Code     4  stm32f10x_gpio.o(.text)
    GPIO_ResetBits                           0x080008bf   Thumb Code     4  stm32f10x_gpio.o(.text)
    GPIO_WriteBit                            0x080008c3   Thumb Code    10  stm32f10x_gpio.o(.text)
    GPIO_Write                               0x080008cd   Thumb Code     4  stm32f10x_gpio.o(.text)
    GPIO_PinLockConfig                       0x080008d1   Thumb Code    18  stm32f10x_gpio.o(.text)
    GPIO_EventOutputConfig                   0x080008e3   Thumb Code    26  stm32f10x_gpio.o(.text)
    GPIO_EventOutputCmd                      0x080008fd   Thumb Code     6  stm32f10x_gpio.o(.text)
    GPIO_PinRemapConfig                      0x08000903   Thumb Code   138  stm32f10x_gpio.o(.text)
    GPIO_EXTILineConfig                      0x0800098d   Thumb Code    66  stm32f10x_gpio.o(.text)
    GPIO_ETH_MediaInterfaceConfig            0x080009cf   Thumb Code     6  stm32f10x_gpio.o(.text)
    TIM_DeInit                               0x080009fd   Thumb Code   424  stm32f10x_tim.o(.text)
    TIM_TimeBaseInit                         0x08000ba5   Thumb Code   122  stm32f10x_tim.o(.text)
    TIM_OC1Init                              0x08000c1f   Thumb Code   132  stm32f10x_tim.o(.text)
    TIM_OC2Init                              0x08000ca3   Thumb Code   154  stm32f10x_tim.o(.text)
    TIM_OC3Init                              0x08000d3d   Thumb Code   150  stm32f10x_tim.o(.text)
    TIM_OC4Init                              0x08000dd3   Thumb Code   182  stm32f10x_tim.o(.text)
    TIM_SetIC4Prescaler                      0x08000e89   Thumb Code    26  stm32f10x_tim.o(.text)
    TIM_SetIC3Prescaler                      0x08000f25   Thumb Code    18  stm32f10x_tim.o(.text)
    TIM_SetIC2Prescaler                      0x08000fb1   Thumb Code    26  stm32f10x_tim.o(.text)
    TIM_SetIC1Prescaler                      0x0800104d   Thumb Code    18  stm32f10x_tim.o(.text)
    TIM_ICInit                               0x080010cb   Thumb Code   150  stm32f10x_tim.o(.text)
    TIM_PWMIConfig                           0x08001161   Thumb Code   124  stm32f10x_tim.o(.text)
    TIM_BDTRConfig                           0x080011dd   Thumb Code    32  stm32f10x_tim.o(.text)
    TIM_TimeBaseStructInit                   0x080011fd   Thumb Code    18  stm32f10x_tim.o(.text)
    TIM_OCStructInit                         0x0800120f   Thumb Code    20  stm32f10x_tim.o(.text)
    TIM_ICStructInit                         0x08001223   Thumb Code    18  stm32f10x_tim.o(.text)
    TIM_BDTRStructInit                       0x08001235   Thumb Code    40  stm32f10x_tim.o(.text)
    TIM_Cmd                                  0x0800125d   Thumb Code    24  stm32f10x_tim.o(.text)
    TIM_CtrlPWMOutputs                       0x08001275   Thumb Code    30  stm32f10x_tim.o(.text)
    TIM_ITConfig                             0x08001293   Thumb Code    18  stm32f10x_tim.o(.text)
    TIM_GenerateEvent                        0x080012a5   Thumb Code     4  stm32f10x_tim.o(.text)
    TIM_DMAConfig                            0x080012a9   Thumb Code    10  stm32f10x_tim.o(.text)
    TIM_DMACmd                               0x080012b3   Thumb Code    18  stm32f10x_tim.o(.text)
    TIM_InternalClockConfig                  0x080012c5   Thumb Code    12  stm32f10x_tim.o(.text)
    TIM_SelectInputTrigger                   0x080012d1   Thumb Code    18  stm32f10x_tim.o(.text)
    TIM_ITRxExternalClockConfig              0x080012e3   Thumb Code    24  stm32f10x_tim.o(.text)
    TIM_TIxExternalClockConfig               0x080012fb   Thumb Code    62  stm32f10x_tim.o(.text)
    TIM_ETRConfig                            0x08001339   Thumb Code    28  stm32f10x_tim.o(.text)
    TIM_ETRClockMode1Config                  0x08001355   Thumb Code    54  stm32f10x_tim.o(.text)
    TIM_ETRClockMode2Config                  0x0800138b   Thumb Code    32  stm32f10x_tim.o(.text)
    TIM_PrescalerConfig                      0x080013ab   Thumb Code     6  stm32f10x_tim.o(.text)
    TIM_CounterModeConfig                    0x080013b1   Thumb Code    18  stm32f10x_tim.o(.text)
    TIM_EncoderInterfaceConfig               0x080013c3   Thumb Code    66  stm32f10x_tim.o(.text)
    TIM_ForcedOC1Config                      0x08001405   Thumb Code    18  stm32f10x_tim.o(.text)
    TIM_ForcedOC2Config                      0x08001417   Thumb Code    26  stm32f10x_tim.o(.text)
    TIM_ForcedOC3Config                      0x08001431   Thumb Code    18  stm32f10x_tim.o(.text)
    TIM_ForcedOC4Config                      0x08001443   Thumb Code    26  stm32f10x_tim.o(.text)
    TIM_ARRPreloadConfig                     0x0800145d   Thumb Code    24  stm32f10x_tim.o(.text)
    TIM_SelectCOM                            0x08001475   Thumb Code    24  stm32f10x_tim.o(.text)
    TIM_SelectCCDMA                          0x0800148d   Thumb Code    24  stm32f10x_tim.o(.text)
    TIM_CCPreloadControl                     0x080014a5   Thumb Code    24  stm32f10x_tim.o(.text)
    TIM_OC1PreloadConfig                     0x080014bd   Thumb Code    18  stm32f10x_tim.o(.text)
    TIM_OC2PreloadConfig                     0x080014cf   Thumb Code    26  stm32f10x_tim.o(.text)
    TIM_OC3PreloadConfig                     0x080014e9   Thumb Code    18  stm32f10x_tim.o(.text)
    TIM_OC4PreloadConfig                     0x080014fb   Thumb Code    26  stm32f10x_tim.o(.text)
    TIM_OC1FastConfig                        0x08001515   Thumb Code    18  stm32f10x_tim.o(.text)
    TIM_OC2FastConfig                        0x08001527   Thumb Code    26  stm32f10x_tim.o(.text)
    TIM_OC3FastConfig                        0x08001541   Thumb Code    18  stm32f10x_tim.o(.text)
    TIM_OC4FastConfig                        0x08001553   Thumb Code    26  stm32f10x_tim.o(.text)
    TIM_ClearOC1Ref                          0x0800156d   Thumb Code    18  stm32f10x_tim.o(.text)
    TIM_ClearOC2Ref                          0x0800157f   Thumb Code    24  stm32f10x_tim.o(.text)
    TIM_ClearOC3Ref                          0x08001597   Thumb Code    18  stm32f10x_tim.o(.text)
    TIM_ClearOC4Ref                          0x080015a9   Thumb Code    24  stm32f10x_tim.o(.text)
    TIM_OC1PolarityConfig                    0x080015c1   Thumb Code    18  stm32f10x_tim.o(.text)
    TIM_OC1NPolarityConfig                   0x080015d3   Thumb Code    18  stm32f10x_tim.o(.text)
    TIM_OC2PolarityConfig                    0x080015e5   Thumb Code    26  stm32f10x_tim.o(.text)
    TIM_OC2NPolarityConfig                   0x080015ff   Thumb Code    26  stm32f10x_tim.o(.text)
    TIM_OC3PolarityConfig                    0x08001619   Thumb Code    26  stm32f10x_tim.o(.text)
    TIM_OC3NPolarityConfig                   0x08001633   Thumb Code    26  stm32f10x_tim.o(.text)
    TIM_OC4PolarityConfig                    0x0800164d   Thumb Code    26  stm32f10x_tim.o(.text)
    TIM_CCxCmd                               0x08001667   Thumb Code    30  stm32f10x_tim.o(.text)
    TIM_CCxNCmd                              0x08001685   Thumb Code    30  stm32f10x_tim.o(.text)
    TIM_SelectOCxM                           0x080016a3   Thumb Code    82  stm32f10x_tim.o(.text)
    TIM_UpdateDisableConfig                  0x080016f5   Thumb Code    24  stm32f10x_tim.o(.text)
    TIM_UpdateRequestConfig                  0x0800170d   Thumb Code    24  stm32f10x_tim.o(.text)
    TIM_SelectHallSensor                     0x08001725   Thumb Code    24  stm32f10x_tim.o(.text)
    TIM_SelectOnePulseMode                   0x0800173d   Thumb Code    18  stm32f10x_tim.o(.text)
    TIM_SelectOutputTrigger                  0x0800174f   Thumb Code    18  stm32f10x_tim.o(.text)
    TIM_SelectSlaveMode                      0x08001761   Thumb Code    18  stm32f10x_tim.o(.text)
    TIM_SelectMasterSlaveMode                0x08001773   Thumb Code    18  stm32f10x_tim.o(.text)
    TIM_SetCounter                           0x08001785   Thumb Code     4  stm32f10x_tim.o(.text)
    TIM_SetAutoreload                        0x08001789   Thumb Code     4  stm32f10x_tim.o(.text)
    TIM_SetCompare1                          0x0800178d   Thumb Code     4  stm32f10x_tim.o(.text)
    TIM_SetCompare2                          0x08001791   Thumb Code     4  stm32f10x_tim.o(.text)
    TIM_SetCompare3                          0x08001795   Thumb Code     4  stm32f10x_tim.o(.text)
    TIM_SetCompare4                          0x08001799   Thumb Code     6  stm32f10x_tim.o(.text)
    TIM_SetClockDivision                     0x0800179f   Thumb Code    18  stm32f10x_tim.o(.text)
    TIM_GetCapture1                          0x080017b1   Thumb Code     6  stm32f10x_tim.o(.text)
    TIM_GetCapture2                          0x080017b7   Thumb Code     6  stm32f10x_tim.o(.text)
    TIM_GetCapture3                          0x080017bd   Thumb Code     6  stm32f10x_tim.o(.text)
    TIM_GetCapture4                          0x080017c3   Thumb Code     8  stm32f10x_tim.o(.text)
    TIM_GetCounter                           0x080017cb   Thumb Code     6  stm32f10x_tim.o(.text)
    TIM_GetPrescaler                         0x080017d1   Thumb Code     6  stm32f10x_tim.o(.text)
    TIM_GetFlagStatus                        0x080017d7   Thumb Code    18  stm32f10x_tim.o(.text)
    TIM_ClearFlag                            0x080017e9   Thumb Code     6  stm32f10x_tim.o(.text)
    TIM_GetITStatus                          0x080017ef   Thumb Code    34  stm32f10x_tim.o(.text)
    TIM_ClearITPendingBit                    0x08001811   Thumb Code     6  stm32f10x_tim.o(.text)
    NVIC_PriorityGroupConfig                 0x08001819   Thumb Code    10  misc.o(.text)
    NVIC_Init                                0x08001823   Thumb Code   102  misc.o(.text)
    NVIC_SetVectorTable                      0x08001889   Thumb Code    14  misc.o(.text)
    NVIC_SystemLPConfig                      0x08001897   Thumb Code    34  misc.o(.text)
    SysTick_CLKSourceConfig                  0x080018b9   Thumb Code    40  misc.o(.text)
    ADC_DeInit                               0x080018f5   Thumb Code    78  stm32f10x_adc.o(.text)
    ADC_Init                                 0x08001943   Thumb Code    70  stm32f10x_adc.o(.text)
    ADC_StructInit                           0x08001989   Thumb Code    18  stm32f10x_adc.o(.text)
    ADC_Cmd                                  0x0800199b   Thumb Code    22  stm32f10x_adc.o(.text)
    ADC_DMACmd                               0x080019b1   Thumb Code    22  stm32f10x_adc.o(.text)
    ADC_ITConfig                             0x080019c7   Thumb Code    24  stm32f10x_adc.o(.text)
    ADC_ResetCalibration                     0x080019df   Thumb Code    10  stm32f10x_adc.o(.text)
    ADC_GetResetCalibrationStatus            0x080019e9   Thumb Code    20  stm32f10x_adc.o(.text)
    ADC_StartCalibration                     0x080019fd   Thumb Code    10  stm32f10x_adc.o(.text)
    ADC_GetCalibrationStatus                 0x08001a07   Thumb Code    20  stm32f10x_adc.o(.text)
    ADC_SoftwareStartConvCmd                 0x08001a1b   Thumb Code    22  stm32f10x_adc.o(.text)
    ADC_GetSoftwareStartConvStatus           0x08001a31   Thumb Code    20  stm32f10x_adc.o(.text)
    ADC_DiscModeChannelCountConfig           0x08001a45   Thumb Code    24  stm32f10x_adc.o(.text)
    ADC_DiscModeCmd                          0x08001a5d   Thumb Code    22  stm32f10x_adc.o(.text)
    ADC_RegularChannelConfig                 0x08001a73   Thumb Code   184  stm32f10x_adc.o(.text)
    ADC_ExternalTrigConvCmd                  0x08001b2b   Thumb Code    22  stm32f10x_adc.o(.text)
    ADC_GetConversionValue                   0x08001b41   Thumb Code     8  stm32f10x_adc.o(.text)
    ADC_GetDualModeConversionValue           0x08001b49   Thumb Code     8  stm32f10x_adc.o(.text)
    ADC_AutoInjectedConvCmd                  0x08001b51   Thumb Code    22  stm32f10x_adc.o(.text)
    ADC_InjectedDiscModeCmd                  0x08001b67   Thumb Code    22  stm32f10x_adc.o(.text)
    ADC_ExternalTrigInjectedConvConfig       0x08001b7d   Thumb Code    16  stm32f10x_adc.o(.text)
    ADC_ExternalTrigInjectedConvCmd          0x08001b8d   Thumb Code    22  stm32f10x_adc.o(.text)
    ADC_SoftwareStartInjectedConvCmd         0x08001ba3   Thumb Code    22  stm32f10x_adc.o(.text)
    ADC_GetSoftwareStartInjectedConvCmdStatus 0x08001bb9   Thumb Code    20  stm32f10x_adc.o(.text)
    ADC_InjectedChannelConfig                0x08001bcd   Thumb Code   130  stm32f10x_adc.o(.text)
    ADC_InjectedSequencerLengthConfig        0x08001c4f   Thumb Code    24  stm32f10x_adc.o(.text)
    ADC_SetInjectedOffset                    0x08001c67   Thumb Code    20  stm32f10x_adc.o(.text)
    ADC_GetInjectedConversionValue           0x08001c7b   Thumb Code    28  stm32f10x_adc.o(.text)
    ADC_AnalogWatchdogCmd                    0x08001c97   Thumb Code    16  stm32f10x_adc.o(.text)
    ADC_AnalogWatchdogThresholdsConfig       0x08001ca7   Thumb Code     6  stm32f10x_adc.o(.text)
    ADC_AnalogWatchdogSingleChannelConfig    0x08001cad   Thumb Code    16  stm32f10x_adc.o(.text)
    ADC_TempSensorVrefintCmd                 0x08001cbd   Thumb Code    64  stm32f10x_adc.o(.text)
    ADC_GetFlagStatus                        0x08001cfd   Thumb Code    18  stm32f10x_adc.o(.text)
    ADC_ClearFlag                            0x08001d0f   Thumb Code     6  stm32f10x_adc.o(.text)
    ADC_GetITStatus                          0x08001d15   Thumb Code    36  stm32f10x_adc.o(.text)
    ADC_ClearITPendingBit                    0x08001d39   Thumb Code    10  stm32f10x_adc.o(.text)
    DMA_DeInit                               0x08001d45   Thumb Code   324  stm32f10x_dma.o(.text)
    DMA_Init                                 0x08001e89   Thumb Code    60  stm32f10x_dma.o(.text)
    DMA_StructInit                           0x08001ec5   Thumb Code    26  stm32f10x_dma.o(.text)
    DMA_Cmd                                  0x08001edf   Thumb Code    24  stm32f10x_dma.o(.text)
    DMA_ITConfig                             0x08001ef7   Thumb Code    18  stm32f10x_dma.o(.text)
    DMA_SetCurrDataCounter                   0x08001f09   Thumb Code     4  stm32f10x_dma.o(.text)
    DMA_GetCurrDataCounter                   0x08001f0d   Thumb Code     8  stm32f10x_dma.o(.text)
    DMA_GetFlagStatus                        0x08001f15   Thumb Code    38  stm32f10x_dma.o(.text)
    DMA_ClearFlag                            0x08001f3b   Thumb Code    22  stm32f10x_dma.o(.text)
    DMA_GetITStatus                          0x08001f51   Thumb Code    38  stm32f10x_dma.o(.text)
    DMA_ClearITPendingBit                    0x08001f77   Thumb Code    22  stm32f10x_dma.o(.text)
    Delay_nop                                0x08001f95   Thumb Code    16  stm32f1_delay.o(.text)
    Delay_1us                                0x08001fa5   Thumb Code    28  stm32f1_delay.o(.text)
    Delay_1ms                                0x08001fc1   Thumb Code    30  stm32f1_delay.o(.text)
    Delay_10ms                               0x08001fdf   Thumb Code    28  stm32f1_delay.o(.text)
    Delay_20ms                               0x08001ffb   Thumb Code    38  stm32f1_delay.o(.text)
    ADC_Config                               0x08002029   Thumb Code   240  stm32f1_adc.o(.text)
    ADC_Average                              0x08002119   Thumb Code    68  stm32f1_adc.o(.text)
    TIM_Config                               0x0800216d   Thumb Code   122  experiment_stm32f1.o(.text)
    PWM_Config                               0x080021e7   Thumb Code   148  experiment_stm32f1.o(.text)
    GPIO_Config                              0x0800227b   Thumb Code    94  experiment_stm32f1.o(.text)
    main                                     0x080022d9   Thumb Code   148  experiment_stm32f1.o(.text)
    Freq_Duty_Mod                            0x0800236d   Thumb Code   288  experiment_stm32f1.o(.text)
    TIM3_IRQHandler                          0x0800248d   Thumb Code   368  experiment_stm32f1.o(.text)
    __aeabi_fadd                             0x08002605   Thumb Code   164  fadd.o(.text)
    __aeabi_fsub                             0x080026a9   Thumb Code     6  fadd.o(.text)
    __aeabi_frsub                            0x080026af   Thumb Code     6  fadd.o(.text)
    __aeabi_fmul                             0x080026b5   Thumb Code   108  fmul.o(.text)
    __aeabi_fdiv                             0x08002721   Thumb Code   128  fdiv.o(.text)
    __aeabi_dadd                             0x080027a1   Thumb Code   322  dadd.o(.text)
    __aeabi_dsub                             0x080028e3   Thumb Code     6  dadd.o(.text)
    __aeabi_drsub                            0x080028e9   Thumb Code     6  dadd.o(.text)
    __aeabi_dmul                             0x080028ef   Thumb Code   228  dmul.o(.text)
    __aeabi_ddiv                             0x080029d3   Thumb Code   222  ddiv.o(.text)
    __aeabi_i2f                              0x08002ab1   Thumb Code    18  fflti.o(.text)
    __aeabi_i2d                              0x08002ac3   Thumb Code    34  dflti.o(.text)
    __aeabi_f2iz                             0x08002ae5   Thumb Code    50  ffixi.o(.text)
    __aeabi_f2d                              0x08002b17   Thumb Code    38  f2d.o(.text)
    __aeabi_d2f                              0x08002b3d   Thumb Code    56  d2f.o(.text)
    __aeabi_cfrcmple                         0x08002b75   Thumb Code    20  cfrcmple.o(.text)
    __aeabi_llsl                             0x08002b89   Thumb Code    30  llshl.o(.text)
    _ll_shift_l                              0x08002b89   Thumb Code     0  llshl.o(.text)
    __aeabi_lasr                             0x08002ba7   Thumb Code    36  llsshr.o(.text)
    _ll_sshift_r                             0x08002ba7   Thumb Code     0  llsshr.o(.text)
    __I$use$fp                               0x08002bcb   Thumb Code     0  iusefp.o(.text)
    _float_round                             0x08002bcb   Thumb Code    18  fepilogue.o(.text)
    _float_epilogue                          0x08002bdd   Thumb Code    90  fepilogue.o(.text)
    _double_round                            0x08002c37   Thumb Code    26  depilogue.o(.text)
    _double_epilogue                         0x08002c51   Thumb Code   164  depilogue.o(.text)
    __scatterload                            0x08002cf5   Thumb Code    28  init.o(.text)
    __scatterload_rt2                        0x08002cf5   Thumb Code     0  init.o(.text)
    __aeabi_llsr                             0x08002d19   Thumb Code    32  llushr.o(.text)
    _ll_ushift_r                             0x08002d19   Thumb Code     0  llushr.o(.text)
    __scatterload_copy                       0x08002d39   Thumb Code    14  handlers.o(i.__scatterload_copy)
    __scatterload_null                       0x08002d47   Thumb Code     2  handlers.o(i.__scatterload_null)
    __scatterload_zeroinit                   0x08002d49   Thumb Code    14  handlers.o(i.__scatterload_zeroinit)
    Region$$Table$$Base                      0x08002d58   Number         0  anon$$obj.o(Region$$Table)
    Region$$Table$$Limit                     0x08002d78   Number         0  anon$$obj.o(Region$$Table)
    SystemCoreClock                          0x20000000   Data           4  system_stm32f10x.o(.data)
    AHBPrescTable                            0x20000004   Data          16  system_stm32f10x.o(.data)
    ADC_AveTr                                0x20000028   Data           2  experiment_stm32f1.o(.data)
    Kp                                       0x2000002c   Data           4  experiment_stm32f1.o(.data)
    Ki                                       0x20000030   Data           4  experiment_stm32f1.o(.data)
    Kd                                       0x20000034   Data           4  experiment_stm32f1.o(.data)
    error                                    0x20000038   Data           2  experiment_stm32f1.o(.data)
    prev_error                               0x2000003a   Data           2  experiment_stm32f1.o(.data)
    integral                                 0x2000003c   Data           4  experiment_stm32f1.o(.data)
    derivative                               0x20000040   Data           4  experiment_stm32f1.o(.data)
    output                                   0x20000044   Data           4  experiment_stm32f1.o(.data)
    ADC_DMA_Buf                              0x20000050   Data         200  stm32f1_adc.o(.bss)
    __initial_sp                             0x20000518   Data           0  startup_stm32f10x_md.o(STACK)



==============================================================================

Memory Map of the image

  Image Entry point : 0x080000ed

  Load Region LR_IROM1 (Base: 0x08000000, Size: 0x00002dc8, Max: 0x00020000, ABSOLUTE)

    Execution Region ER_IROM1 (Base: 0x08000000, Size: 0x00002d78, Max: 0x00020000, ABSOLUTE)

    Base Addr    Size         Type   Attr      Idx    E Section Name        Object

    0x08000000   0x000000ec   Data   RO            3    RESET               startup_stm32f10x_md.o
    0x080000ec   0x00000000   Code   RO          199  * .ARM.Collect$$$$00000000  mc_w.l(entry.o)
    0x080000ec   0x00000004   Code   RO          226    .ARM.Collect$$$$00000001  mc_w.l(entry2.o)
    0x080000f0   0x00000004   Code   RO          229    .ARM.Collect$$$$00000004  mc_w.l(entry5.o)
    0x080000f4   0x00000000   Code   RO          231    .ARM.Collect$$$$00000008  mc_w.l(entry7b.o)
    0x080000f4   0x00000000   Code   RO          233    .ARM.Collect$$$$0000000A  mc_w.l(entry8b.o)
    0x080000f4   0x00000008   Code   RO          234    .ARM.Collect$$$$0000000B  mc_w.l(entry9a.o)
    0x080000fc   0x00000000   Code   RO          236    .ARM.Collect$$$$0000000D  mc_w.l(entry10a.o)
    0x080000fc   0x00000000   Code   RO          238    .ARM.Collect$$$$0000000F  mc_w.l(entry11a.o)
    0x080000fc   0x00000004   Code   RO          227    .ARM.Collect$$$$00002712  mc_w.l(entry2.o)
    0x08000100   0x00000024   Code   RO            4    .text               startup_stm32f10x_md.o
    0x08000124   0x000001dc   Code   RO           10    .text               system_stm32f10x.o
    0x08000300   0x000003a4   Code   RO           60    .text               stm32f10x_rcc.o
    0x080006a4   0x00000358   Code   RO           78    .text               stm32f10x_gpio.o
    0x080009fc   0x00000e1a   Code   RO           90    .text               stm32f10x_tim.o
    0x08001816   0x00000002   PAD
    0x08001818   0x000000dc   Code   RO          102    .text               misc.o
    0x080018f4   0x0000044e   Code   RO          114    .text               stm32f10x_adc.o
    0x08001d42   0x00000002   PAD
    0x08001d44   0x00000250   Code   RO          126    .text               stm32f10x_dma.o
    0x08001f94   0x00000094   Code   RO          150    .text               stm32f1_delay.o
    0x08002028   0x00000144   Code   RO          162    .text               stm32f1_adc.o
    0x0800216c   0x00000498   Code   RO          180    .text               experiment_stm32f1.o
    0x08002604   0x000000b0   Code   RO          202    .text               mf_w.l(fadd.o)
    0x080026b4   0x0000006c   Code   RO          204    .text               mf_w.l(fmul.o)
    0x08002720   0x00000080   Code   RO          206    .text               mf_w.l(fdiv.o)
    0x080027a0   0x0000014e   Code   RO          208    .text               mf_w.l(dadd.o)
    0x080028ee   0x000000e4   Code   RO          210    .text               mf_w.l(dmul.o)
    0x080029d2   0x000000de   Code   RO          212    .text               mf_w.l(ddiv.o)
    0x08002ab0   0x00000012   Code   RO          214    .text               mf_w.l(fflti.o)
    0x08002ac2   0x00000022   Code   RO          216    .text               mf_w.l(dflti.o)
    0x08002ae4   0x00000032   Code   RO          218    .text               mf_w.l(ffixi.o)
    0x08002b16   0x00000026   Code   RO          220    .text               mf_w.l(f2d.o)
    0x08002b3c   0x00000038   Code   RO          222    .text               mf_w.l(d2f.o)
    0x08002b74   0x00000014   Code   RO          224    .text               mf_w.l(cfrcmple.o)
    0x08002b88   0x0000001e   Code   RO          240    .text               mc_w.l(llshl.o)
    0x08002ba6   0x00000024   Code   RO          242    .text               mc_w.l(llsshr.o)
    0x08002bca   0x00000000   Code   RO          244    .text               mc_w.l(iusefp.o)
    0x08002bca   0x0000006c   Code   RO          245    .text               mf_w.l(fepilogue.o)
    0x08002c36   0x000000be   Code   RO          247    .text               mf_w.l(depilogue.o)
    0x08002cf4   0x00000024   Code   RO          249    .text               mc_w.l(init.o)
    0x08002d18   0x00000020   Code   RO          251    .text               mc_w.l(llushr.o)
    0x08002d38   0x0000000e   Code   RO          255    i.__scatterload_copy  mc_w.l(handlers.o)
    0x08002d46   0x00000002   Code   RO          256    i.__scatterload_null  mc_w.l(handlers.o)
    0x08002d48   0x0000000e   Code   RO          257    i.__scatterload_zeroinit  mc_w.l(handlers.o)
    0x08002d56   0x00000002   PAD
    0x08002d58   0x00000020   Data   RO          253    Region$$Table       anon$$obj.o


    Execution Region RW_IRAM1 (Base: 0x20000000, Size: 0x00000518, Max: 0x00005000, ABSOLUTE)

    Base Addr    Size         Type   Attr      Idx    E Section Name        Object

    0x20000000   0x00000014   Data   RW           11    .data               system_stm32f10x.o
    0x20000014   0x00000014   Data   RW           61    .data               stm32f10x_rcc.o
    0x20000028   0x00000025   Data   RW          181    .data               experiment_stm32f1.o
    0x2000004d   0x00000003   PAD
    0x20000050   0x000000c8   Zero   RW          163    .bss                stm32f1_adc.o
    0x20000118   0x00000400   Zero   RW            1    STACK               startup_stm32f10x_md.o


==============================================================================

Image component sizes


      Code (inc. data)   RO Data    RW Data    ZI Data      Debug   Object Name

      1176        126          0         37          0       2904   experiment_stm32f1.o
       220         20          0          0          0       1813   misc.o
        36          8        236          0       1024        796   startup_stm32f10x_md.o
      1102         26          0          0          0      10849   stm32f10x_adc.o
       592          8          0          0          0       4342   stm32f10x_dma.o
       856         40          0          0          0       5657   stm32f10x_gpio.o
       932         44          0         20          0       8804   stm32f10x_rcc.o
      3610         88          0          0          0      22148   stm32f10x_tim.o
       324         16          0          0        200       1395   stm32f1_adc.o
       148          8          0          0          0       1182   stm32f1_delay.o
       476         36          0         20          0     265699   system_stm32f10x.o

    ----------------------------------------------------------------------
      9476        420        268         80       1224     325589   Object Totals
         0          0         32          0          0          0   (incl. Generated)
         4          0          0          3          0          0   (incl. Padding)

    ----------------------------------------------------------------------

      Code (inc. data)   RO Data    RW Data    ZI Data      Debug   Library Member Name

         0          0          0          0          0          0   entry.o
         0          0          0          0          0          0   entry10a.o
         0          0          0          0          0          0   entry11a.o
         8          4          0          0          0          0   entry2.o
         4          0          0          0          0          0   entry5.o
         0          0          0          0          0          0   entry7b.o
         0          0          0          0          0          0   entry8b.o
         8          4          0          0          0          0   entry9a.o
        30          0          0          0          0          0   handlers.o
        36          8          0          0          0         68   init.o
         0          0          0          0          0          0   iusefp.o
        30          0          0          0          0         68   llshl.o
        36          0          0          0          0         68   llsshr.o
        32          0          0          0          0         68   llushr.o
        20          0          0          0          0         68   cfrcmple.o
        56          0          0          0          0         88   d2f.o
       334          0          0          0          0        148   dadd.o
       222          0          0          0          0        100   ddiv.o
       190          0          0          0          0        176   depilogue.o
        34          0          0          0          0         76   dflti.o
       228          0          0          0          0         96   dmul.o
        38          0          0          0          0         68   f2d.o
       176          0          0          0          0        140   fadd.o
       128          0          0          0          0         88   fdiv.o
       108          0          0          0          0        168   fepilogue.o
        50          0          0          0          0         68   ffixi.o
        18          0          0          0          0         68   fflti.o
       108          0          0          0          0         76   fmul.o

    ----------------------------------------------------------------------
      1896         16          0          0          0       1700   Library Totals
         2          0          0          0          0          0   (incl. Padding)

    ----------------------------------------------------------------------

      Code (inc. data)   RO Data    RW Data    ZI Data      Debug   Library Name

       184         16          0          0          0        272   mc_w.l
      1710          0          0          0          0       1428   mf_w.l

    ----------------------------------------------------------------------
      1896         16          0          0          0       1700   Library Totals

    ----------------------------------------------------------------------

==============================================================================


      Code (inc. data)   RO Data    RW Data    ZI Data      Debug   

     11372        436        268         80       1224     325469   Grand Totals
     11372        436        268         80       1224     325469   ELF Image Totals
     11372        436        268         80          0          0   ROM Totals

==============================================================================

    Total RO  Size (Code + RO Data)                11640 (  11.37kB)
    Total RW  Size (RW Data + ZI Data)              1304 (   1.27kB)
    Total ROM Size (Code + RO Data + RW Data)      11720 (  11.45kB)

==============================================================================

