ARM Linker, 5.03 [Build 76] [MDK-ARM Standard]

==============================================================================

Section Cross References

    startup_stm32f10x_md.o(RESET) refers to startup_stm32f10x_md.o(STACK) for __initial_sp
    startup_stm32f10x_md.o(RESET) refers to startup_stm32f10x_md.o(.text) for Reset_Handler
    startup_stm32f10x_md.o(.text) refers to system_stm32f10x.o(.text) for SystemInit
    startup_stm32f10x_md.o(.text) refers to entry.o(.ARM.Collect$$$$00000000) for __main
    system_stm32f10x.o(.text) refers to system_stm32f10x.o(.data) for SystemCoreClock
    stm32f10x_rcc.o(.text) refers to stm32f10x_rcc.o(.data) for APBAHBPrescTable
    stm32f10x_adc.o(.text) refers to stm32f10x_rcc.o(.text) for RCC_APB2PeriphResetCmd
    stm32f10x_gpio.o(.text) refers to stm32f10x_rcc.o(.text) for RCC_APB2PeriphResetCmd
    stm32f10x_usart.o(.text) refers to stm32f10x_rcc.o(.text) for RCC_APB2PeriphResetCmd
    stm32f1_adc.o(.text) refers to stm32f10x_rcc.o(.text) for RCC_AHBPeriphClockCmd
    stm32f1_adc.o(.text) refers to stm32f10x_gpio.o(.text) for GPIO_Init
    stm32f1_adc.o(.text) refers to stm32f10x_dma.o(.text) for DMA_DeInit
    stm32f1_adc.o(.text) refers to stm32f10x_adc.o(.text) for ADC_Init
    stm32f1_adc.o(.text) refers to stm32f1_adc.o(.data) for ADC_DMA_Buf
    stm32f1_usart.o(.text) refers to stm32f10x_usart.o(.text) for USART_SendData
    stm32f1_usart.o(.text) refers to memseta.o(.text) for __aeabi_memclr4
    experiment_stm32f1.o(.text) refers to stm32f10x_rcc.o(.text) for RCC_APB2PeriphClockCmd
    experiment_stm32f1.o(.text) refers to stm32f10x_gpio.o(.text) for GPIO_Init
    experiment_stm32f1.o(.text) refers to module_rs232.o(.text) for RS232_Config
    experiment_stm32f1.o(.text) refers to stm32f1_adc.o(.text) for ADC_Config
    experiment_stm32f1.o(.text) refers to experiment_stm32f1.o(.data) for ADC_AveTr
    module_rs232.o(.text) refers to stm32f10x_rcc.o(.text) for RCC_APB2PeriphClockCmd
    module_rs232.o(.text) refers to stm32f10x_gpio.o(.text) for GPIO_Init
    module_rs232.o(.text) refers to stm32f10x_usart.o(.text) for USART_Init
    module_rs232.o(.text) refers to stm32f1_usart.o(.text) for USART_SendByte
    entry.o(.ARM.Collect$$$$00000000) refers (Special) to entry10a.o(.ARM.Collect$$$$0000000D) for __rt_final_cpp
    entry.o(.ARM.Collect$$$$00000000) refers (Special) to entry11a.o(.ARM.Collect$$$$0000000F) for __rt_final_exit
    entry.o(.ARM.Collect$$$$00000000) refers (Special) to entry7b.o(.ARM.Collect$$$$00000008) for _main_clock
    entry.o(.ARM.Collect$$$$00000000) refers (Special) to entry8b.o(.ARM.Collect$$$$0000000A) for _main_cpp_init
    entry.o(.ARM.Collect$$$$00000000) refers (Special) to entry9a.o(.ARM.Collect$$$$0000000B) for _main_init
    entry.o(.ARM.Collect$$$$00000000) refers (Special) to entry5.o(.ARM.Collect$$$$00000004) for _main_scatterload
    entry.o(.ARM.Collect$$$$00000000) refers (Special) to entry2.o(.ARM.Collect$$$$00000001) for _main_stk
    entry2.o(.ARM.Collect$$$$00000001) refers to entry2.o(.ARM.Collect$$$$00002712) for __lit__00000000
    entry2.o(.ARM.Collect$$$$00002712) refers to startup_stm32f10x_md.o(STACK) for __initial_sp
    entry2.o(__vectab_stack_and_reset_area) refers to startup_stm32f10x_md.o(STACK) for __initial_sp
    entry2.o(__vectab_stack_and_reset_area) refers to entry.o(.ARM.Collect$$$$00000000) for __main
    entry5.o(.ARM.Collect$$$$00000004) refers to init.o(.text) for __scatterload
    entry9a.o(.ARM.Collect$$$$0000000B) refers to experiment_stm32f1.o(.text) for main
    entry9b.o(.ARM.Collect$$$$0000000C) refers to experiment_stm32f1.o(.text) for main
    init.o(.text) refers to entry5.o(.ARM.Collect$$$$00000004) for __main_after_scatterload


==============================================================================

Removing Unused input sections from the image.

    Removing startup_stm32f10x_md.o(HEAP), (512 bytes).
    Removing stm32f1_delay.o(.text), (148 bytes).

2 unused section(s) (total 660 bytes) removed from the image.

==============================================================================

Image Symbol Table

    Local Symbols

    Symbol Name                              Value     Ov Type        Size  Object(Section)

    ../clib/microlib/init/entry.s            0x00000000   Number         0  entry5.o ABSOLUTE
    ../clib/microlib/init/entry.s            0x00000000   Number         0  entry2.o ABSOLUTE
    ../clib/microlib/init/entry.s            0x00000000   Number         0  entry.o ABSOLUTE
    ../clib/microlib/init/entry.s            0x00000000   Number         0  entry11b.o ABSOLUTE
    ../clib/microlib/init/entry.s            0x00000000   Number         0  entry10b.o ABSOLUTE
    ../clib/microlib/init/entry.s            0x00000000   Number         0  entry11a.o ABSOLUTE
    ../clib/microlib/init/entry.s            0x00000000   Number         0  entry10a.o ABSOLUTE
    ../clib/microlib/init/entry.s            0x00000000   Number         0  entry9b.o ABSOLUTE
    ../clib/microlib/init/entry.s            0x00000000   Number         0  entry9a.o ABSOLUTE
    ../clib/microlib/init/entry.s            0x00000000   Number         0  entry8b.o ABSOLUTE
    ../clib/microlib/init/entry.s            0x00000000   Number         0  entry8a.o ABSOLUTE
    ../clib/microlib/init/entry.s            0x00000000   Number         0  entry7b.o ABSOLUTE
    ../clib/microlib/init/entry.s            0x00000000   Number         0  entry7a.o ABSOLUTE
    ../clib/microlib/string/memset.c         0x00000000   Number         0  memseta.o ABSOLUTE
    ..\Libraries\CMSIS\startup_stm32f10x_md.s 0x00000000   Number         0  startup_stm32f10x_md.o ABSOLUTE
    ..\Libraries\CMSIS\system_stm32f10x.c    0x00000000   Number         0  system_stm32f10x.o ABSOLUTE
    ..\Libraries\STM32F10x_StdPeriph_Driver\src\stm32f10x_adc.c 0x00000000   Number         0  stm32f10x_adc.o ABSOLUTE
    ..\Libraries\STM32F10x_StdPeriph_Driver\src\stm32f10x_dma.c 0x00000000   Number         0  stm32f10x_dma.o ABSOLUTE
    ..\Libraries\STM32F10x_StdPeriph_Driver\src\stm32f10x_gpio.c 0x00000000   Number         0  stm32f10x_gpio.o ABSOLUTE
    ..\Libraries\STM32F10x_StdPeriph_Driver\src\stm32f10x_rcc.c 0x00000000   Number         0  stm32f10x_rcc.o ABSOLUTE
    ..\Libraries\STM32F10x_StdPeriph_Driver\src\stm32f10x_usart.c 0x00000000   Number         0  stm32f10x_usart.o ABSOLUTE
    ..\Program\experiment_stm32f1.c          0x00000000   Number         0  experiment_stm32f1.o ABSOLUTE
    ..\Program\module_rs232.c                0x00000000   Number         0  module_rs232.o ABSOLUTE
    ..\Program\stm32f1_adc.c                 0x00000000   Number         0  stm32f1_adc.o ABSOLUTE
    ..\Program\stm32f1_delay.c               0x00000000   Number         0  stm32f1_delay.o ABSOLUTE
    ..\Program\stm32f1_system.c              0x00000000   Number         0  stm32f1_system.o ABSOLUTE
    ..\Program\stm32f1_usart.c               0x00000000   Number         0  stm32f1_usart.o ABSOLUTE
    dc.s                                     0x00000000   Number         0  dc.o ABSOLUTE
    handlers.s                               0x00000000   Number         0  handlers.o ABSOLUTE
    init.s                                   0x00000000   Number         0  init.o ABSOLUTE
    RESET                                    0x08000000   Section      236  startup_stm32f10x_md.o(RESET)
    .ARM.Collect$$$$00000000                 0x080000ec   Section        0  entry.o(.ARM.Collect$$$$00000000)
    .ARM.Collect$$$$00000001                 0x080000ec   Section        4  entry2.o(.ARM.Collect$$$$00000001)
    .ARM.Collect$$$$00000004                 0x080000f0   Section        4  entry5.o(.ARM.Collect$$$$00000004)
    .ARM.Collect$$$$00000008                 0x080000f4   Section        0  entry7b.o(.ARM.Collect$$$$00000008)
    .ARM.Collect$$$$0000000A                 0x080000f4   Section        0  entry8b.o(.ARM.Collect$$$$0000000A)
    .ARM.Collect$$$$0000000B                 0x080000f4   Section        8  entry9a.o(.ARM.Collect$$$$0000000B)
    .ARM.Collect$$$$0000000D                 0x080000fc   Section        0  entry10a.o(.ARM.Collect$$$$0000000D)
    .ARM.Collect$$$$0000000F                 0x080000fc   Section        0  entry11a.o(.ARM.Collect$$$$0000000F)
    .ARM.Collect$$$$00002712                 0x080000fc   Section        4  entry2.o(.ARM.Collect$$$$00002712)
    __lit__00000000                          0x080000fc   Data           4  entry2.o(.ARM.Collect$$$$00002712)
    .text                                    0x08000100   Section       36  startup_stm32f10x_md.o(.text)
    .text                                    0x08000124   Section        0  system_stm32f10x.o(.text)
    SetSysClockTo72                          0x08000125   Thumb Code   212  system_stm32f10x.o(.text)
    SetSysClock                              0x080001f9   Thumb Code     8  system_stm32f10x.o(.text)
    .text                                    0x08000300   Section        0  stm32f10x_rcc.o(.text)
    .text                                    0x080006a4   Section        0  stm32f10x_dma.o(.text)
    .text                                    0x080008f4   Section        0  stm32f10x_adc.o(.text)
    .text                                    0x08000d44   Section        0  stm32f10x_gpio.o(.text)
    .text                                    0x0800109c   Section        0  stm32f10x_usart.o(.text)
    .text                                    0x080014a4   Section        0  stm32f1_adc.o(.text)
    .text                                    0x080015e4   Section        0  stm32f1_usart.o(.text)
    .text                                    0x080017d4   Section        0  experiment_stm32f1.o(.text)
    .text                                    0x080018b8   Section        0  module_rs232.o(.text)
    RS232_VisualScope_CRC16                  0x08001947   Thumb Code    58  module_rs232.o(.text)
    .text                                    0x080019d0   Section        0  memseta.o(.text)
    .text                                    0x080019f4   Section       36  init.o(.text)
    i.__scatterload_copy                     0x08001a18   Section       14  handlers.o(i.__scatterload_copy)
    i.__scatterload_null                     0x08001a26   Section        2  handlers.o(i.__scatterload_null)
    i.__scatterload_zeroinit                 0x08001a28   Section       14  handlers.o(i.__scatterload_zeroinit)
    .data                                    0x20000000   Section       20  system_stm32f10x.o(.data)
    .data                                    0x20000014   Section       20  stm32f10x_rcc.o(.data)
    APBAHBPrescTable                         0x20000014   Data          16  stm32f10x_rcc.o(.data)
    ADCPrescTable                            0x20000024   Data           4  stm32f10x_rcc.o(.data)
    .data                                    0x20000028   Section        2  stm32f1_adc.o(.data)
    .data                                    0x2000002a   Section        2  experiment_stm32f1.o(.data)
    STACK                                    0x20000030   Section     1024  startup_stm32f10x_md.o(STACK)

    Global Symbols

    Symbol Name                              Value     Ov Type        Size  Object(Section)

    BuildAttributes$$THM_ISAv4$P$D$K$B$S$PE$A:L22UL41UL21$X:L11$S22US41US21$IEEE1$IW$USESV6$~STKCKD$USESV7$~SHL$OSPACE$EBA8$MICROLIB$REQ8$PRES8$EABIv2 0x00000000   Number         0  anon$$obj.o ABSOLUTE
    __ARM_use_no_argv                        0x00000000   Number         0  experiment_stm32f1.o ABSOLUTE
    __cpp_initialize__aeabi_                  - Undefined Weak Reference
    __cxa_finalize                            - Undefined Weak Reference
    __decompress                              - Undefined Weak Reference
    _clock_init                               - Undefined Weak Reference
    _microlib_exit                            - Undefined Weak Reference
    __Vectors_Size                           0x000000ec   Number         0  startup_stm32f10x_md.o ABSOLUTE
    __Vectors                                0x08000000   Data           4  startup_stm32f10x_md.o(RESET)
    __Vectors_End                            0x080000ec   Data           0  startup_stm32f10x_md.o(RESET)
    __main                                   0x080000ed   Thumb Code     0  entry.o(.ARM.Collect$$$$00000000)
    _main_stk                                0x080000ed   Thumb Code     0  entry2.o(.ARM.Collect$$$$00000001)
    _main_scatterload                        0x080000f1   Thumb Code     0  entry5.o(.ARM.Collect$$$$00000004)
    __main_after_scatterload                 0x080000f5   Thumb Code     0  entry5.o(.ARM.Collect$$$$00000004)
    _main_clock                              0x080000f5   Thumb Code     0  entry7b.o(.ARM.Collect$$$$00000008)
    _main_cpp_init                           0x080000f5   Thumb Code     0  entry8b.o(.ARM.Collect$$$$0000000A)
    _main_init                               0x080000f5   Thumb Code     0  entry9a.o(.ARM.Collect$$$$0000000B)
    __rt_final_cpp                           0x080000fd   Thumb Code     0  entry10a.o(.ARM.Collect$$$$0000000D)
    __rt_final_exit                          0x080000fd   Thumb Code     0  entry11a.o(.ARM.Collect$$$$0000000F)
    Reset_Handler                            0x08000101   Thumb Code     8  startup_stm32f10x_md.o(.text)
    NMI_Handler                              0x08000109   Thumb Code     2  startup_stm32f10x_md.o(.text)
    HardFault_Handler                        0x0800010b   Thumb Code     2  startup_stm32f10x_md.o(.text)
    MemManage_Handler                        0x0800010d   Thumb Code     2  startup_stm32f10x_md.o(.text)
    BusFault_Handler                         0x0800010f   Thumb Code     2  startup_stm32f10x_md.o(.text)
    UsageFault_Handler                       0x08000111   Thumb Code     2  startup_stm32f10x_md.o(.text)
    SVC_Handler                              0x08000113   Thumb Code     2  startup_stm32f10x_md.o(.text)
    DebugMon_Handler                         0x08000115   Thumb Code     2  startup_stm32f10x_md.o(.text)
    PendSV_Handler                           0x08000117   Thumb Code     2  startup_stm32f10x_md.o(.text)
    SysTick_Handler                          0x08000119   Thumb Code     2  startup_stm32f10x_md.o(.text)
    ADC1_2_IRQHandler                        0x0800011b   Thumb Code     0  startup_stm32f10x_md.o(.text)
    CAN1_RX1_IRQHandler                      0x0800011b   Thumb Code     0  startup_stm32f10x_md.o(.text)
    CAN1_SCE_IRQHandler                      0x0800011b   Thumb Code     0  startup_stm32f10x_md.o(.text)
    DMA1_Channel1_IRQHandler                 0x0800011b   Thumb Code     0  startup_stm32f10x_md.o(.text)
    DMA1_Channel2_IRQHandler                 0x0800011b   Thumb Code     0  startup_stm32f10x_md.o(.text)
    DMA1_Channel3_IRQHandler                 0x0800011b   Thumb Code     0  startup_stm32f10x_md.o(.text)
    DMA1_Channel4_IRQHandler                 0x0800011b   Thumb Code     0  startup_stm32f10x_md.o(.text)
    DMA1_Channel5_IRQHandler                 0x0800011b   Thumb Code     0  startup_stm32f10x_md.o(.text)
    DMA1_Channel6_IRQHandler                 0x0800011b   Thumb Code     0  startup_stm32f10x_md.o(.text)
    DMA1_Channel7_IRQHandler                 0x0800011b   Thumb Code     0  startup_stm32f10x_md.o(.text)
    EXTI0_IRQHandler                         0x0800011b   Thumb Code     0  startup_stm32f10x_md.o(.text)
    EXTI15_10_IRQHandler                     0x0800011b   Thumb Code     0  startup_stm32f10x_md.o(.text)
    EXTI1_IRQHandler                         0x0800011b   Thumb Code     0  startup_stm32f10x_md.o(.text)
    EXTI2_IRQHandler                         0x0800011b   Thumb Code     0  startup_stm32f10x_md.o(.text)
    EXTI3_IRQHandler                         0x0800011b   Thumb Code     0  startup_stm32f10x_md.o(.text)
    EXTI4_IRQHandler                         0x0800011b   Thumb Code     0  startup_stm32f10x_md.o(.text)
    EXTI9_5_IRQHandler                       0x0800011b   Thumb Code     0  startup_stm32f10x_md.o(.text)
    FLASH_IRQHandler                         0x0800011b   Thumb Code     0  startup_stm32f10x_md.o(.text)
    I2C1_ER_IRQHandler                       0x0800011b   Thumb Code     0  startup_stm32f10x_md.o(.text)
    I2C1_EV_IRQHandler                       0x0800011b   Thumb Code     0  startup_stm32f10x_md.o(.text)
    I2C2_ER_IRQHandler                       0x0800011b   Thumb Code     0  startup_stm32f10x_md.o(.text)
    I2C2_EV_IRQHandler                       0x0800011b   Thumb Code     0  startup_stm32f10x_md.o(.text)
    PVD_IRQHandler                           0x0800011b   Thumb Code     0  startup_stm32f10x_md.o(.text)
    RCC_IRQHandler                           0x0800011b   Thumb Code     0  startup_stm32f10x_md.o(.text)
    RTCAlarm_IRQHandler                      0x0800011b   Thumb Code     0  startup_stm32f10x_md.o(.text)
    RTC_IRQHandler                           0x0800011b   Thumb Code     0  startup_stm32f10x_md.o(.text)
    SPI1_IRQHandler                          0x0800011b   Thumb Code     0  startup_stm32f10x_md.o(.text)
    SPI2_IRQHandler                          0x0800011b   Thumb Code     0  startup_stm32f10x_md.o(.text)
    TAMPER_IRQHandler                        0x0800011b   Thumb Code     0  startup_stm32f10x_md.o(.text)
    TIM1_BRK_IRQHandler                      0x0800011b   Thumb Code     0  startup_stm32f10x_md.o(.text)
    TIM1_CC_IRQHandler                       0x0800011b   Thumb Code     0  startup_stm32f10x_md.o(.text)
    TIM1_TRG_COM_IRQHandler                  0x0800011b   Thumb Code     0  startup_stm32f10x_md.o(.text)
    TIM1_UP_IRQHandler                       0x0800011b   Thumb Code     0  startup_stm32f10x_md.o(.text)
    TIM2_IRQHandler                          0x0800011b   Thumb Code     0  startup_stm32f10x_md.o(.text)
    TIM3_IRQHandler                          0x0800011b   Thumb Code     0  startup_stm32f10x_md.o(.text)
    TIM4_IRQHandler                          0x0800011b   Thumb Code     0  startup_stm32f10x_md.o(.text)
    USART1_IRQHandler                        0x0800011b   Thumb Code     0  startup_stm32f10x_md.o(.text)
    USART2_IRQHandler                        0x0800011b   Thumb Code     0  startup_stm32f10x_md.o(.text)
    USART3_IRQHandler                        0x0800011b   Thumb Code     0  startup_stm32f10x_md.o(.text)
    USBWakeUp_IRQHandler                     0x0800011b   Thumb Code     0  startup_stm32f10x_md.o(.text)
    USB_HP_CAN1_TX_IRQHandler                0x0800011b   Thumb Code     0  startup_stm32f10x_md.o(.text)
    USB_LP_CAN1_RX0_IRQHandler               0x0800011b   Thumb Code     0  startup_stm32f10x_md.o(.text)
    WWDG_IRQHandler                          0x0800011b   Thumb Code     0  startup_stm32f10x_md.o(.text)
    SystemInit                               0x08000201   Thumb Code    78  system_stm32f10x.o(.text)
    SystemCoreClockUpdate                    0x0800024f   Thumb Code   142  system_stm32f10x.o(.text)
    RCC_DeInit                               0x08000301   Thumb Code    64  stm32f10x_rcc.o(.text)
    RCC_HSEConfig                            0x08000341   Thumb Code    70  stm32f10x_rcc.o(.text)
    RCC_GetFlagStatus                        0x08000387   Thumb Code    56  stm32f10x_rcc.o(.text)
    RCC_WaitForHSEStartUp                    0x080003bf   Thumb Code    56  stm32f10x_rcc.o(.text)
    RCC_AdjustHSICalibrationValue            0x080003f7   Thumb Code    20  stm32f10x_rcc.o(.text)
    RCC_HSICmd                               0x0800040b   Thumb Code     6  stm32f10x_rcc.o(.text)
    RCC_PLLConfig                            0x08000411   Thumb Code    24  stm32f10x_rcc.o(.text)
    RCC_PLLCmd                               0x08000429   Thumb Code     6  stm32f10x_rcc.o(.text)
    RCC_SYSCLKConfig                         0x0800042f   Thumb Code    18  stm32f10x_rcc.o(.text)
    RCC_GetSYSCLKSource                      0x08000441   Thumb Code    10  stm32f10x_rcc.o(.text)
    RCC_HCLKConfig                           0x0800044b   Thumb Code    18  stm32f10x_rcc.o(.text)
    RCC_PCLK1Config                          0x0800045d   Thumb Code    18  stm32f10x_rcc.o(.text)
    RCC_PCLK2Config                          0x0800046f   Thumb Code    20  stm32f10x_rcc.o(.text)
    RCC_ITConfig                             0x08000483   Thumb Code    26  stm32f10x_rcc.o(.text)
    RCC_USBCLKConfig                         0x0800049d   Thumb Code     6  stm32f10x_rcc.o(.text)
    RCC_ADCCLKConfig                         0x080004a3   Thumb Code    18  stm32f10x_rcc.o(.text)
    RCC_LSEConfig                            0x080004b5   Thumb Code    44  stm32f10x_rcc.o(.text)
    RCC_LSICmd                               0x080004e1   Thumb Code     6  stm32f10x_rcc.o(.text)
    RCC_RTCCLKConfig                         0x080004e7   Thumb Code    12  stm32f10x_rcc.o(.text)
    RCC_RTCCLKCmd                            0x080004f3   Thumb Code     8  stm32f10x_rcc.o(.text)
    RCC_GetClocksFreq                        0x080004fb   Thumb Code   192  stm32f10x_rcc.o(.text)
    RCC_AHBPeriphClockCmd                    0x080005bb   Thumb Code    26  stm32f10x_rcc.o(.text)
    RCC_APB2PeriphClockCmd                   0x080005d5   Thumb Code    26  stm32f10x_rcc.o(.text)
    RCC_APB1PeriphClockCmd                   0x080005ef   Thumb Code    26  stm32f10x_rcc.o(.text)
    RCC_APB2PeriphResetCmd                   0x08000609   Thumb Code    26  stm32f10x_rcc.o(.text)
    RCC_APB1PeriphResetCmd                   0x08000623   Thumb Code    26  stm32f10x_rcc.o(.text)
    RCC_BackupResetCmd                       0x0800063d   Thumb Code     8  stm32f10x_rcc.o(.text)
    RCC_ClockSecuritySystemCmd               0x08000645   Thumb Code     6  stm32f10x_rcc.o(.text)
    RCC_MCOConfig                            0x0800064b   Thumb Code     6  stm32f10x_rcc.o(.text)
    RCC_ClearFlag                            0x08000651   Thumb Code    14  stm32f10x_rcc.o(.text)
    RCC_GetITStatus                          0x0800065f   Thumb Code    20  stm32f10x_rcc.o(.text)
    RCC_ClearITPendingBit                    0x08000673   Thumb Code     6  stm32f10x_rcc.o(.text)
    DMA_DeInit                               0x080006a5   Thumb Code   324  stm32f10x_dma.o(.text)
    DMA_Init                                 0x080007e9   Thumb Code    60  stm32f10x_dma.o(.text)
    DMA_StructInit                           0x08000825   Thumb Code    26  stm32f10x_dma.o(.text)
    DMA_Cmd                                  0x0800083f   Thumb Code    24  stm32f10x_dma.o(.text)
    DMA_ITConfig                             0x08000857   Thumb Code    18  stm32f10x_dma.o(.text)
    DMA_SetCurrDataCounter                   0x08000869   Thumb Code     4  stm32f10x_dma.o(.text)
    DMA_GetCurrDataCounter                   0x0800086d   Thumb Code     8  stm32f10x_dma.o(.text)
    DMA_GetFlagStatus                        0x08000875   Thumb Code    38  stm32f10x_dma.o(.text)
    DMA_ClearFlag                            0x0800089b   Thumb Code    22  stm32f10x_dma.o(.text)
    DMA_GetITStatus                          0x080008b1   Thumb Code    38  stm32f10x_dma.o(.text)
    DMA_ClearITPendingBit                    0x080008d7   Thumb Code    22  stm32f10x_dma.o(.text)
    ADC_DeInit                               0x080008f5   Thumb Code    78  stm32f10x_adc.o(.text)
    ADC_Init                                 0x08000943   Thumb Code    70  stm32f10x_adc.o(.text)
    ADC_StructInit                           0x08000989   Thumb Code    18  stm32f10x_adc.o(.text)
    ADC_Cmd                                  0x0800099b   Thumb Code    22  stm32f10x_adc.o(.text)
    ADC_DMACmd                               0x080009b1   Thumb Code    22  stm32f10x_adc.o(.text)
    ADC_ITConfig                             0x080009c7   Thumb Code    24  stm32f10x_adc.o(.text)
    ADC_ResetCalibration                     0x080009df   Thumb Code    10  stm32f10x_adc.o(.text)
    ADC_GetResetCalibrationStatus            0x080009e9   Thumb Code    20  stm32f10x_adc.o(.text)
    ADC_StartCalibration                     0x080009fd   Thumb Code    10  stm32f10x_adc.o(.text)
    ADC_GetCalibrationStatus                 0x08000a07   Thumb Code    20  stm32f10x_adc.o(.text)
    ADC_SoftwareStartConvCmd                 0x08000a1b   Thumb Code    22  stm32f10x_adc.o(.text)
    ADC_GetSoftwareStartConvStatus           0x08000a31   Thumb Code    20  stm32f10x_adc.o(.text)
    ADC_DiscModeChannelCountConfig           0x08000a45   Thumb Code    24  stm32f10x_adc.o(.text)
    ADC_DiscModeCmd                          0x08000a5d   Thumb Code    22  stm32f10x_adc.o(.text)
    ADC_RegularChannelConfig                 0x08000a73   Thumb Code   184  stm32f10x_adc.o(.text)
    ADC_ExternalTrigConvCmd                  0x08000b2b   Thumb Code    22  stm32f10x_adc.o(.text)
    ADC_GetConversionValue                   0x08000b41   Thumb Code     8  stm32f10x_adc.o(.text)
    ADC_GetDualModeConversionValue           0x08000b49   Thumb Code     8  stm32f10x_adc.o(.text)
    ADC_AutoInjectedConvCmd                  0x08000b51   Thumb Code    22  stm32f10x_adc.o(.text)
    ADC_InjectedDiscModeCmd                  0x08000b67   Thumb Code    22  stm32f10x_adc.o(.text)
    ADC_ExternalTrigInjectedConvConfig       0x08000b7d   Thumb Code    16  stm32f10x_adc.o(.text)
    ADC_ExternalTrigInjectedConvCmd          0x08000b8d   Thumb Code    22  stm32f10x_adc.o(.text)
    ADC_SoftwareStartInjectedConvCmd         0x08000ba3   Thumb Code    22  stm32f10x_adc.o(.text)
    ADC_GetSoftwareStartInjectedConvCmdStatus 0x08000bb9   Thumb Code    20  stm32f10x_adc.o(.text)
    ADC_InjectedChannelConfig                0x08000bcd   Thumb Code   130  stm32f10x_adc.o(.text)
    ADC_InjectedSequencerLengthConfig        0x08000c4f   Thumb Code    24  stm32f10x_adc.o(.text)
    ADC_SetInjectedOffset                    0x08000c67   Thumb Code    20  stm32f10x_adc.o(.text)
    ADC_GetInjectedConversionValue           0x08000c7b   Thumb Code    28  stm32f10x_adc.o(.text)
    ADC_AnalogWatchdogCmd                    0x08000c97   Thumb Code    16  stm32f10x_adc.o(.text)
    ADC_AnalogWatchdogThresholdsConfig       0x08000ca7   Thumb Code     6  stm32f10x_adc.o(.text)
    ADC_AnalogWatchdogSingleChannelConfig    0x08000cad   Thumb Code    16  stm32f10x_adc.o(.text)
    ADC_TempSensorVrefintCmd                 0x08000cbd   Thumb Code    64  stm32f10x_adc.o(.text)
    ADC_GetFlagStatus                        0x08000cfd   Thumb Code    18  stm32f10x_adc.o(.text)
    ADC_ClearFlag                            0x08000d0f   Thumb Code     6  stm32f10x_adc.o(.text)
    ADC_GetITStatus                          0x08000d15   Thumb Code    36  stm32f10x_adc.o(.text)
    ADC_ClearITPendingBit                    0x08000d39   Thumb Code    10  stm32f10x_adc.o(.text)
    GPIO_DeInit                              0x08000d45   Thumb Code   172  stm32f10x_gpio.o(.text)
    GPIO_AFIODeInit                          0x08000df1   Thumb Code    20  stm32f10x_gpio.o(.text)
    GPIO_Init                                0x08000e05   Thumb Code   274  stm32f10x_gpio.o(.text)
    GPIO_StructInit                          0x08000f17   Thumb Code    16  stm32f10x_gpio.o(.text)
    GPIO_ReadInputDataBit                    0x08000f27   Thumb Code    18  stm32f10x_gpio.o(.text)
    GPIO_ReadInputData                       0x08000f39   Thumb Code     8  stm32f10x_gpio.o(.text)
    GPIO_ReadOutputDataBit                   0x08000f41   Thumb Code    18  stm32f10x_gpio.o(.text)
    GPIO_ReadOutputData                      0x08000f53   Thumb Code     8  stm32f10x_gpio.o(.text)
    GPIO_SetBits                             0x08000f5b   Thumb Code     4  stm32f10x_gpio.o(.text)
    GPIO_ResetBits                           0x08000f5f   Thumb Code     4  stm32f10x_gpio.o(.text)
    GPIO_WriteBit                            0x08000f63   Thumb Code    10  stm32f10x_gpio.o(.text)
    GPIO_Write                               0x08000f6d   Thumb Code     4  stm32f10x_gpio.o(.text)
    GPIO_PinLockConfig                       0x08000f71   Thumb Code    18  stm32f10x_gpio.o(.text)
    GPIO_EventOutputConfig                   0x08000f83   Thumb Code    26  stm32f10x_gpio.o(.text)
    GPIO_EventOutputCmd                      0x08000f9d   Thumb Code     6  stm32f10x_gpio.o(.text)
    GPIO_PinRemapConfig                      0x08000fa3   Thumb Code   138  stm32f10x_gpio.o(.text)
    GPIO_EXTILineConfig                      0x0800102d   Thumb Code    66  stm32f10x_gpio.o(.text)
    GPIO_ETH_MediaInterfaceConfig            0x0800106f   Thumb Code     6  stm32f10x_gpio.o(.text)
    USART_DeInit                             0x0800109d   Thumb Code   134  stm32f10x_usart.o(.text)
    USART_Init                               0x08001123   Thumb Code   210  stm32f10x_usart.o(.text)
    USART_StructInit                         0x080011f5   Thumb Code    24  stm32f10x_usart.o(.text)
    USART_ClockInit                          0x0800120d   Thumb Code    34  stm32f10x_usart.o(.text)
    USART_ClockStructInit                    0x0800122f   Thumb Code    12  stm32f10x_usart.o(.text)
    USART_Cmd                                0x0800123b   Thumb Code    24  stm32f10x_usart.o(.text)
    USART_ITConfig                           0x08001253   Thumb Code    74  stm32f10x_usart.o(.text)
    USART_DMACmd                             0x0800129d   Thumb Code    18  stm32f10x_usart.o(.text)
    USART_SetAddress                         0x080012af   Thumb Code    18  stm32f10x_usart.o(.text)
    USART_WakeUpConfig                       0x080012c1   Thumb Code    18  stm32f10x_usart.o(.text)
    USART_ReceiverWakeUpCmd                  0x080012d3   Thumb Code    24  stm32f10x_usart.o(.text)
    USART_LINBreakDetectLengthConfig         0x080012eb   Thumb Code    18  stm32f10x_usart.o(.text)
    USART_LINCmd                             0x080012fd   Thumb Code    24  stm32f10x_usart.o(.text)
    USART_SendData                           0x08001315   Thumb Code     8  stm32f10x_usart.o(.text)
    USART_ReceiveData                        0x0800131d   Thumb Code    10  stm32f10x_usart.o(.text)
    USART_SendBreak                          0x08001327   Thumb Code    10  stm32f10x_usart.o(.text)
    USART_SetGuardTime                       0x08001331   Thumb Code    16  stm32f10x_usart.o(.text)
    USART_SetPrescaler                       0x08001341   Thumb Code    16  stm32f10x_usart.o(.text)
    USART_SmartCardCmd                       0x08001351   Thumb Code    24  stm32f10x_usart.o(.text)
    USART_SmartCardNACKCmd                   0x08001369   Thumb Code    24  stm32f10x_usart.o(.text)
    USART_HalfDuplexCmd                      0x08001381   Thumb Code    24  stm32f10x_usart.o(.text)
    USART_OverSampling8Cmd                   0x08001399   Thumb Code    22  stm32f10x_usart.o(.text)
    USART_OneBitMethodCmd                    0x080013af   Thumb Code    24  stm32f10x_usart.o(.text)
    USART_IrDAConfig                         0x080013c7   Thumb Code    18  stm32f10x_usart.o(.text)
    USART_IrDACmd                            0x080013d9   Thumb Code    24  stm32f10x_usart.o(.text)
    USART_GetFlagStatus                      0x080013f1   Thumb Code    26  stm32f10x_usart.o(.text)
    USART_ClearFlag                          0x0800140b   Thumb Code    18  stm32f10x_usart.o(.text)
    USART_GetITStatus                        0x0800141d   Thumb Code    84  stm32f10x_usart.o(.text)
    USART_ClearITPendingBit                  0x08001471   Thumb Code    52  stm32f10x_usart.o(.text)
    ADC_Config                               0x080014a5   Thumb Code   240  stm32f1_adc.o(.text)
    ADC_Average                              0x08001595   Thumb Code    62  stm32f1_adc.o(.text)
    USART_SendByte                           0x080015e5   Thumb Code    38  stm32f1_usart.o(.text)
    USART_RecvByte                           0x0800160b   Thumb Code    42  stm32f1_usart.o(.text)
    NumToChar                                0x08001635   Thumb Code   414  stm32f1_usart.o(.text)
    GPIO_Config                              0x080017d5   Thumb Code    94  experiment_stm32f1.o(.text)
    main                                     0x08001833   Thumb Code    98  experiment_stm32f1.o(.text)
    RS232_Config                             0x080018b9   Thumb Code   116  module_rs232.o(.text)
    RS232_Print                              0x0800192d   Thumb Code    26  module_rs232.o(.text)
    RS232_VisualScope                        0x08001981   Thumb Code    70  module_rs232.o(.text)
    __aeabi_memset                           0x080019d1   Thumb Code    14  memseta.o(.text)
    __aeabi_memset4                          0x080019d1   Thumb Code     0  memseta.o(.text)
    __aeabi_memset8                          0x080019d1   Thumb Code     0  memseta.o(.text)
    __aeabi_memclr                           0x080019df   Thumb Code     4  memseta.o(.text)
    __aeabi_memclr4                          0x080019df   Thumb Code     0  memseta.o(.text)
    __aeabi_memclr8                          0x080019df   Thumb Code     0  memseta.o(.text)
    _memset$wrapper                          0x080019e3   Thumb Code    18  memseta.o(.text)
    __scatterload                            0x080019f5   Thumb Code    28  init.o(.text)
    __scatterload_rt2                        0x080019f5   Thumb Code     0  init.o(.text)
    __scatterload_copy                       0x08001a19   Thumb Code    14  handlers.o(i.__scatterload_copy)
    __scatterload_null                       0x08001a27   Thumb Code     2  handlers.o(i.__scatterload_null)
    __scatterload_zeroinit                   0x08001a29   Thumb Code    14  handlers.o(i.__scatterload_zeroinit)
    Region$$Table$$Base                      0x08001a38   Number         0  anon$$obj.o(Region$$Table)
    Region$$Table$$Limit                     0x08001a58   Number         0  anon$$obj.o(Region$$Table)
    SystemCoreClock                          0x20000000   Data           4  system_stm32f10x.o(.data)
    AHBPrescTable                            0x20000004   Data          16  system_stm32f10x.o(.data)
    ADC_DMA_Buf                              0x20000028   Data           2  stm32f1_adc.o(.data)
    ADC_AveTr                                0x2000002a   Data           2  experiment_stm32f1.o(.data)
    __initial_sp                             0x20000430   Data           0  startup_stm32f10x_md.o(STACK)



==============================================================================

Memory Map of the image

  Image Entry point : 0x080000ed

  Load Region LR_IROM1 (Base: 0x08000000, Size: 0x00001a84, Max: 0x00020000, ABSOLUTE)

    Execution Region ER_IROM1 (Base: 0x08000000, Size: 0x00001a58, Max: 0x00020000, ABSOLUTE)

    Base Addr    Size         Type   Attr      Idx    E Section Name        Object

    0x08000000   0x000000ec   Data   RO            3    RESET               startup_stm32f10x_md.o
    0x080000ec   0x00000000   Code   RO          214  * .ARM.Collect$$$$00000000  mc_w.l(entry.o)
    0x080000ec   0x00000004   Code   RO          219    .ARM.Collect$$$$00000001  mc_w.l(entry2.o)
    0x080000f0   0x00000004   Code   RO          222    .ARM.Collect$$$$00000004  mc_w.l(entry5.o)
    0x080000f4   0x00000000   Code   RO          224    .ARM.Collect$$$$00000008  mc_w.l(entry7b.o)
    0x080000f4   0x00000000   Code   RO          226    .ARM.Collect$$$$0000000A  mc_w.l(entry8b.o)
    0x080000f4   0x00000008   Code   RO          227    .ARM.Collect$$$$0000000B  mc_w.l(entry9a.o)
    0x080000fc   0x00000000   Code   RO          229    .ARM.Collect$$$$0000000D  mc_w.l(entry10a.o)
    0x080000fc   0x00000000   Code   RO          231    .ARM.Collect$$$$0000000F  mc_w.l(entry11a.o)
    0x080000fc   0x00000004   Code   RO          220    .ARM.Collect$$$$00002712  mc_w.l(entry2.o)
    0x08000100   0x00000024   Code   RO            4    .text               startup_stm32f10x_md.o
    0x08000124   0x000001dc   Code   RO           10    .text               system_stm32f10x.o
    0x08000300   0x000003a4   Code   RO           57    .text               stm32f10x_rcc.o
    0x080006a4   0x00000250   Code   RO           75    .text               stm32f10x_dma.o
    0x080008f4   0x0000044e   Code   RO           87    .text               stm32f10x_adc.o
    0x08000d42   0x00000002   PAD
    0x08000d44   0x00000358   Code   RO           99    .text               stm32f10x_gpio.o
    0x0800109c   0x00000408   Code   RO          111    .text               stm32f10x_usart.o
    0x080014a4   0x00000140   Code   RO          147    .text               stm32f1_adc.o
    0x080015e4   0x000001ee   Code   RO          165    .text               stm32f1_usart.o
    0x080017d2   0x00000002   PAD
    0x080017d4   0x000000e4   Code   RO          180    .text               experiment_stm32f1.o
    0x080018b8   0x00000118   Code   RO          202    .text               module_rs232.o
    0x080019d0   0x00000024   Code   RO          217    .text               mc_w.l(memseta.o)
    0x080019f4   0x00000024   Code   RO          233    .text               mc_w.l(init.o)
    0x08001a18   0x0000000e   Code   RO          237    i.__scatterload_copy  mc_w.l(handlers.o)
    0x08001a26   0x00000002   Code   RO          238    i.__scatterload_null  mc_w.l(handlers.o)
    0x08001a28   0x0000000e   Code   RO          239    i.__scatterload_zeroinit  mc_w.l(handlers.o)
    0x08001a36   0x00000002   PAD
    0x08001a38   0x00000020   Data   RO          235    Region$$Table       anon$$obj.o


    Execution Region RW_IRAM1 (Base: 0x20000000, Size: 0x00000430, Max: 0x00005000, ABSOLUTE)

    Base Addr    Size         Type   Attr      Idx    E Section Name        Object

    0x20000000   0x00000014   Data   RW           11    .data               system_stm32f10x.o
    0x20000014   0x00000014   Data   RW           58    .data               stm32f10x_rcc.o
    0x20000028   0x00000002   Data   RW          148    .data               stm32f1_adc.o
    0x2000002a   0x00000002   Data   RW          181    .data               experiment_stm32f1.o
    0x2000002c   0x00000004   PAD
    0x20000030   0x00000400   Zero   RW            1    STACK               startup_stm32f10x_md.o


==============================================================================

Image component sizes


      Code (inc. data)   RO Data    RW Data    ZI Data      Debug   Object Name

       228         36          0          2          0       1323   experiment_stm32f1.o
       280         10          0          0          0       1689   module_rs232.o
        36          8        236          0       1024        796   startup_stm32f10x_md.o
      1102         26          0          0          0      10845   stm32f10x_adc.o
       592          8          0          0          0       4338   stm32f10x_dma.o
       856         40          0          0          0       5657   stm32f10x_gpio.o
       932         44          0         20          0       8804   stm32f10x_rcc.o
      1032         22          0          0          0       8380   stm32f10x_usart.o
       320         18          0          2          0       1391   stm32f1_adc.o
       494          0          0          0          0       1602   stm32f1_usart.o
       476         36          0         20          0     249695   system_stm32f10x.o

    ----------------------------------------------------------------------
      6352        248        268         44       1028     294520   Object Totals
         0          0         32          0          0          0   (incl. Generated)
         4          0          0          0          4          0   (incl. Padding)

    ----------------------------------------------------------------------

      Code (inc. data)   RO Data    RW Data    ZI Data      Debug   Library Member Name

         0          0          0          0          0          0   entry.o
         0          0          0          0          0          0   entry10a.o
         0          0          0          0          0          0   entry11a.o
         8          4          0          0          0          0   entry2.o
         4          0          0          0          0          0   entry5.o
         0          0          0          0          0          0   entry7b.o
         0          0          0          0          0          0   entry8b.o
         8          4          0          0          0          0   entry9a.o
        30          0          0          0          0          0   handlers.o
        36          8          0          0          0         68   init.o
        36          0          0          0          0        108   memseta.o

    ----------------------------------------------------------------------
       124         16          0          0          0        176   Library Totals
         2          0          0          0          0          0   (incl. Padding)

    ----------------------------------------------------------------------

      Code (inc. data)   RO Data    RW Data    ZI Data      Debug   Library Name

       122         16          0          0          0        176   mc_w.l

    ----------------------------------------------------------------------
       124         16          0          0          0        176   Library Totals

    ----------------------------------------------------------------------

==============================================================================


      Code (inc. data)   RO Data    RW Data    ZI Data      Debug   

      6476        264        268         44       1028     293708   Grand Totals
      6476        264        268         44       1028     293708   ELF Image Totals
      6476        264        268         44          0          0   ROM Totals

==============================================================================

    Total RO  Size (Code + RO Data)                 6744 (   6.59kB)
    Total RW  Size (RW Data + ZI Data)              1072 (   1.05kB)
    Total ROM Size (Code + RO Data + RW Data)       6788 (   6.63kB)

==============================================================================

