<html>
<body>
<pre>
<h1>µVision Build Log</h1>
<h2>Project:</h2>
E:\Desktop\STM32F1_RNR_TestPWM_20130827\ProjectNR\Program_STM32.uvproj
Project File Date:  08/20/2013

<h2>Output:</h2>
Rebuild target 'STM32F103C8T'
assembling startup_stm32f10x_md.s...
compiling system_stm32f10x.c...
compiling stm32f10x_rcc.c...
compiling stm32f10x_gpio.c...
compiling stm32f10x_tim.c...
compiling stm32f1_system.c...
compiling stm32f1_delay.c...
compiling experiment_stm32f1.c...
linking...
Program Size: Code=6596 RO-data=268 RW-data=40 ZI-data=1024  
".\Obj\STM32F103C8T.axf" - 0 Errors, 0 Warning(s).
Rebuild target 'STM32F103C8T'
assembling startup_stm32f10x_md.s...
compiling system_stm32f10x.c...
compiling stm32f10x_rcc.c...
compiling stm32f10x_gpio.c...
compiling stm32f10x_tim.c...
compiling stm32f1_system.c...
compiling stm32f1_delay.c...
compiling experiment_stm32f1.c...
linking...
Program Size: Code=6596 RO-data=268 RW-data=40 ZI-data=1024  
".\Obj\STM32F103C8T.axf" - 0 Errors, 0 Warning(s).
Rebuild target 'STM32F103C8T'
assembling startup_stm32f10x_md.s...
compiling system_stm32f10x.c...
compiling stm32f10x_rcc.c...
compiling stm32f10x_gpio.c...
compiling stm32f10x_tim.c...
compiling stm32f1_system.c...
compiling stm32f1_delay.c...
compiling experiment_stm32f1.c...
..\Program\experiment_stm32f1.c(31): warning:  #177-D: variable "duty" was declared but never referenced
linking...
Program Size: Code=6596 RO-data=268 RW-data=40 ZI-data=1024  
".\Obj\STM32F103C8T.axf" - 0 Errors, 1 Warning(s).
Rebuild target 'STM32F103C8T'
assembling startup_stm32f10x_md.s...
compiling system_stm32f10x.c...
compiling stm32f10x_rcc.c...
compiling stm32f10x_gpio.c...
compiling stm32f10x_tim.c...
compiling stm32f1_system.c...
compiling stm32f1_delay.c...
compiling experiment_stm32f1.c...
linking...
Program Size: Code=6600 RO-data=268 RW-data=40 ZI-data=1024  
".\Obj\STM32F103C8T.axf" - 0 Errors, 0 Warning(s).
Rebuild target 'STM32F103C8T'
assembling startup_stm32f10x_md.s...
compiling system_stm32f10x.c...
compiling stm32f10x_rcc.c...
compiling stm32f10x_gpio.c...
compiling stm32f10x_tim.c...
compiling stm32f1_system.c...
compiling stm32f1_delay.c...
compiling experiment_stm32f1.c...
..\Program\experiment_stm32f1.c(37): error:  #144: a value of type "void" cannot be used to initialize an entity of type "u8"
".\Obj\STM32F103C8T.axf" - 1 Errors, 0 Warning(s).
Target not created
Rebuild target 'STM32F103C8T'
assembling startup_stm32f10x_md.s...
compiling system_stm32f10x.c...
compiling stm32f10x_rcc.c...
compiling stm32f10x_gpio.c...
compiling stm32f10x_tim.c...
compiling stm32f1_system.c...
compiling stm32f1_delay.c...
compiling experiment_stm32f1.c...
..\Program\experiment_stm32f1.c(35): warning:  #177-D: variable "state" was declared but never referenced
linking...
Program Size: Code=6600 RO-data=268 RW-data=40 ZI-data=1024  
".\Obj\STM32F103C8T.axf" - 0 Errors, 1 Warning(s).
Rebuild target 'STM32F103C8T'
assembling startup_stm32f10x_md.s...
compiling system_stm32f10x.c...
compiling stm32f10x_rcc.c...
compiling stm32f10x_gpio.c...
compiling stm32f10x_tim.c...
compiling stm32f1_system.c...
compiling stm32f1_delay.c...
compiling experiment_stm32f1.c...
linking...
Program Size: Code=6608 RO-data=268 RW-data=40 ZI-data=1024  
".\Obj\STM32F103C8T.axf" - 0 Errors, 0 Warning(s).
Rebuild target 'STM32F103C8T'
assembling startup_stm32f10x_md.s...
compiling system_stm32f10x.c...
compiling stm32f10x_rcc.c...
compiling stm32f10x_gpio.c...
compiling stm32f10x_tim.c...
compiling stm32f1_system.c...
compiling stm32f1_delay.c...
compiling experiment_stm32f1.c...
linking...
Program Size: Code=6604 RO-data=268 RW-data=40 ZI-data=1024  
".\Obj\STM32F103C8T.axf" - 0 Errors, 0 Warning(s).
Rebuild target 'STM32F103C8T'
assembling startup_stm32f10x_md.s...
compiling system_stm32f10x.c...
compiling stm32f10x_rcc.c...
compiling stm32f10x_gpio.c...
compiling stm32f10x_tim.c...
compiling stm32f1_system.c...
compiling stm32f1_delay.c...
compiling experiment_stm32f1.c...
linking...
Program Size: Code=6628 RO-data=268 RW-data=40 ZI-data=1024  
".\Obj\STM32F103C8T.axf" - 0 Errors, 0 Warning(s).
Rebuild target 'STM32F103C8T'
assembling startup_stm32f10x_md.s...
compiling system_stm32f10x.c...
compiling stm32f10x_rcc.c...
compiling stm32f10x_gpio.c...
compiling stm32f10x_tim.c...
compiling stm32f1_system.c...
compiling stm32f1_delay.c...
compiling experiment_stm32f1.c...
linking...
Program Size: Code=6628 RO-data=268 RW-data=40 ZI-data=1024  
".\Obj\STM32F103C8T.axf" - 0 Errors, 0 Warning(s).
Rebuild target 'STM32F103C8T'
assembling startup_stm32f10x_md.s...
compiling system_stm32f10x.c...
compiling stm32f10x_rcc.c...
compiling stm32f10x_gpio.c...
compiling stm32f10x_tim.c...
compiling stm32f1_system.c...
compiling stm32f1_delay.c...
compiling experiment_stm32f1.c...
linking...
Program Size: Code=6628 RO-data=268 RW-data=40 ZI-data=1024  
".\Obj\STM32F103C8T.axf" - 0 Errors, 0 Warning(s).
Rebuild target 'STM32F103C8T'
assembling startup_stm32f10x_md.s...
compiling system_stm32f10x.c...
compiling stm32f10x_rcc.c...
compiling stm32f10x_gpio.c...
compiling stm32f10x_tim.c...
compiling stm32f1_system.c...
compiling stm32f1_delay.c...
compiling experiment_stm32f1.c...
linking...
Program Size: Code=6632 RO-data=268 RW-data=40 ZI-data=1024  
".\Obj\STM32F103C8T.axf" - 0 Errors, 0 Warning(s).
Rebuild target 'STM32F103C8T'
assembling startup_stm32f10x_md.s...
compiling system_stm32f10x.c...
compiling stm32f10x_rcc.c...
compiling stm32f10x_gpio.c...
compiling stm32f10x_tim.c...
compiling stm32f1_system.c...
compiling stm32f1_delay.c...
compiling experiment_stm32f1.c...
linking...
Program Size: Code=6632 RO-data=268 RW-data=40 ZI-data=1024  
".\Obj\STM32F103C8T.axf" - 0 Errors, 0 Warning(s).
Rebuild target 'STM32F103C8T'
assembling startup_stm32f10x_md.s...
compiling system_stm32f10x.c...
compiling stm32f10x_rcc.c...
compiling stm32f10x_gpio.c...
compiling stm32f10x_tim.c...
compiling stm32f1_system.c...
compiling stm32f1_delay.c...
compiling experiment_stm32f1.c...
linking...
Program Size: Code=6632 RO-data=268 RW-data=40 ZI-data=1024  
".\Obj\STM32F103C8T.axf" - 0 Errors, 0 Warning(s).
Rebuild target 'STM32F103C8T'
assembling startup_stm32f10x_md.s...
compiling system_stm32f10x.c...
compiling stm32f10x_rcc.c...
compiling stm32f10x_gpio.c...
compiling stm32f10x_tim.c...
compiling stm32f1_system.c...
compiling stm32f1_delay.c...
compiling experiment_stm32f1.c...
linking...
Program Size: Code=6632 RO-data=268 RW-data=40 ZI-data=1024  
".\Obj\STM32F103C8T.axf" - 0 Errors, 0 Warning(s).
Load "E:\\Desktop\\STM32F1_RNR_TestPWM_20130827\\ProjectNR\\Obj\\STM32F103C8T.axf" 
Set JLink Project File to "E:\Desktop\STM32F1_RNR_TestPWM_20130827\ProjectNR\JLinkSettings.ini"
* JLink Info: Device "STM32F103C8" selected (64 KB flash, 20 KB RAM).
 
JLink info:
------------
DLL: V4.76 , compiled Aug 23 2013 20:59:10
Firmware: J-Link ARM-OB STM32 compiled Aug 22 2012 19:52:04
Hardware: V7.00
S/N : 20090928 
Feature(s) : RDI,FlashDL,FlashBP,JFlash,GDBFull 
 
* JLink Info: Found SWD-DP with ID 0x1BA01477
* JLink Info: Found SWD-DP with ID 0x1BA01477
* JLink Info: Found Cortex-M3 r1p1, Little endian.
* JLink Info: FPUnit: 6 code (BP) slots and 2 literal slots
* JLink Info: TPIU fitted.
ROMTableAddr = 0xE00FF003
 
Target info:
------------
Device: STM32F103C8
VTarget = 3.300V
State of Pins: 
TCK: 0, TDI: 0, TDO: 1, TMS: 0, TRES: 1, TRST: 1
Hardware-Breakpoints: 6
Software-Breakpoints: 8192
Watchpoints:          4
JTAG speed: 4000 kHz
 
Erase Done.
Programming Done.
Verify OK.
Application running ...
Rebuild target 'STM32F103C8T'
assembling startup_stm32f10x_md.s...
compiling system_stm32f10x.c...
compiling stm32f10x_rcc.c...
compiling stm32f10x_gpio.c...
compiling stm32f10x_tim.c...
compiling stm32f1_system.c...
compiling stm32f1_delay.c...
compiling experiment_stm32f1.c...
linking...
Program Size: Code=6632 RO-data=268 RW-data=40 ZI-data=1024  
".\Obj\STM32F103C8T.axf" - 0 Errors, 0 Warning(s).
Load "E:\\Desktop\\STM32F1_RNR_TestPWM_20130827\\ProjectNR\\Obj\\STM32F103C8T.axf" 
Set JLink Project File to "E:\Desktop\STM32F1_RNR_TestPWM_20130827\ProjectNR\JLinkSettings.ini"
* JLink Info: Device "STM32F103C8" selected (64 KB flash, 20 KB RAM).
 
JLink info:
------------
DLL: V4.76 , compiled Aug 23 2013 20:59:10
Firmware: J-Link ARM-OB STM32 compiled Aug 22 2012 19:52:04
Hardware: V7.00
S/N : 20090928 
Feature(s) : RDI,FlashDL,FlashBP,JFlash,GDBFull 
 
* JLink Info: Found SWD-DP with ID 0x1BA01477
* JLink Info: Found SWD-DP with ID 0x1BA01477
* JLink Info: Found Cortex-M3 r1p1, Little endian.
* JLink Info: FPUnit: 6 code (BP) slots and 2 literal slots
* JLink Info: TPIU fitted.
ROMTableAddr = 0xE00FF003
 
Target info:
------------
Device: STM32F103C8
VTarget = 3.300V
State of Pins: 
TCK: 0, TDI: 0, TDO: 1, TMS: 0, TRES: 1, TRST: 1
Hardware-Breakpoints: 6
Software-Breakpoints: 8192
Watchpoints:          4
JTAG speed: 4000 kHz
 
Erase Done.
Programming Done.
Verify OK.
Application running ...
Rebuild target 'STM32F103C8T'
assembling startup_stm32f10x_md.s...
compiling system_stm32f10x.c...
compiling stm32f10x_rcc.c...
compiling stm32f10x_gpio.c...
compiling stm32f10x_tim.c...
compiling stm32f1_system.c...
compiling stm32f1_delay.c...
compiling experiment_stm32f1.c...
linking...
Program Size: Code=6632 RO-data=268 RW-data=40 ZI-data=1024  
".\Obj\STM32F103C8T.axf" - 0 Errors, 0 Warning(s).
Rebuild target 'STM32F103C8T'
assembling startup_stm32f10x_md.s...
compiling system_stm32f10x.c...
compiling stm32f10x_rcc.c...
compiling stm32f10x_gpio.c...
compiling stm32f10x_tim.c...
compiling stm32f1_system.c...
compiling stm32f1_delay.c...
compiling experiment_stm32f1.c...
linking...
Program Size: Code=6628 RO-data=268 RW-data=40 ZI-data=1024  
".\Obj\STM32F103C8T.axf" - 0 Errors, 0 Warning(s).
Rebuild target 'STM32F103C8T'
assembling startup_stm32f10x_md.s...
compiling system_stm32f10x.c...
compiling stm32f10x_rcc.c...
compiling stm32f10x_gpio.c...
compiling stm32f10x_tim.c...
compiling stm32f1_system.c...
compiling stm32f1_delay.c...
compiling experiment_stm32f1.c...
linking...
Program Size: Code=6628 RO-data=268 RW-data=40 ZI-data=1024  
".\Obj\STM32F103C8T.axf" - 0 Errors, 0 Warning(s).
Rebuild target 'STM32F103C8T'
assembling startup_stm32f10x_md.s...
compiling system_stm32f10x.c...
compiling stm32f10x_rcc.c...
compiling stm32f10x_gpio.c...
compiling stm32f10x_tim.c...
compiling stm32f1_system.c...
compiling stm32f1_delay.c...
compiling experiment_stm32f1.c...
linking...
Program Size: Code=6628 RO-data=268 RW-data=40 ZI-data=1024  
".\Obj\STM32F103C8T.axf" - 0 Errors, 0 Warning(s).
Rebuild target 'STM32F103C8T'
assembling startup_stm32f10x_md.s...
compiling system_stm32f10x.c...
compiling stm32f10x_rcc.c...
compiling stm32f10x_gpio.c...
compiling stm32f10x_tim.c...
compiling stm32f1_system.c...
compiling stm32f1_delay.c...
compiling experiment_stm32f1.c...
linking...
Program Size: Code=6628 RO-data=268 RW-data=40 ZI-data=1024  
".\Obj\STM32F103C8T.axf" - 0 Errors, 0 Warning(s).
Load "E:\\Desktop\\STM32F1_RNR_TestPWM_20130827\\ProjectNR\\Obj\\STM32F103C8T.axf" 
Set JLink Project File to "E:\Desktop\STM32F1_RNR_TestPWM_20130827\ProjectNR\JLinkSettings.ini"
* JLink Info: Device "STM32F103C8" selected (64 KB flash, 20 KB RAM).
 
JLink info:
------------
DLL: V4.76 , compiled Aug 23 2013 20:59:10
Firmware: J-Link ARM-OB STM32 compiled Aug 22 2012 19:52:04
Hardware: V7.00
S/N : 20090928 
Feature(s) : RDI,FlashDL,FlashBP,JFlash,GDBFull 
 
* JLink Info: Found SWD-DP with ID 0x1BA01477
* JLink Info: Found SWD-DP with ID 0x1BA01477
* JLink Info: Found Cortex-M3 r1p1, Little endian.
* JLink Info: FPUnit: 6 code (BP) slots and 2 literal slots
* JLink Info: TPIU fitted.
ROMTableAddr = 0xE00FF003
 
Target info:
------------
Device: STM32F103C8
VTarget = 3.300V
State of Pins: 
TCK: 0, TDI: 0, TDO: 1, TMS: 0, TRES: 1, TRST: 1
Hardware-Breakpoints: 6
Software-Breakpoints: 8192
Watchpoints:          4
JTAG speed: 4000 kHz
 
Erase Done.
Programming Done.
Verify OK.
Application running ...
Rebuild target 'STM32F103C8T'
assembling startup_stm32f10x_md.s...
compiling system_stm32f10x.c...
compiling stm32f10x_rcc.c...
compiling stm32f10x_gpio.c...
compiling stm32f10x_tim.c...
compiling stm32f1_system.c...
compiling stm32f1_delay.c...
compiling experiment_stm32f1.c...
linking...
Program Size: Code=6628 RO-data=268 RW-data=40 ZI-data=1024  
".\Obj\STM32F103C8T.axf" - 0 Errors, 0 Warning(s).
Load "E:\\Desktop\\STM32F1_RNR_TestPWM_20130827\\ProjectNR\\Obj\\STM32F103C8T.axf" 
Set JLink Project File to "E:\Desktop\STM32F1_RNR_TestPWM_20130827\ProjectNR\JLinkSettings.ini"
* JLink Info: Device "STM32F103C8" selected (64 KB flash, 20 KB RAM).
 
JLink info:
------------
DLL: V4.76 , compiled Aug 23 2013 20:59:10
Firmware: J-Link ARM-OB STM32 compiled Aug 22 2012 19:52:04
Hardware: V7.00
S/N : 20090928 
Feature(s) : RDI,FlashDL,FlashBP,JFlash,GDBFull 
 
* JLink Info: Found SWD-DP with ID 0x1BA01477
* JLink Info: Found SWD-DP with ID 0x1BA01477
* JLink Info: Found Cortex-M3 r1p1, Little endian.
* JLink Info: FPUnit: 6 code (BP) slots and 2 literal slots
* JLink Info: TPIU fitted.
ROMTableAddr = 0xE00FF003
 
Target info:
------------
Device: STM32F103C8
VTarget = 3.300V
State of Pins: 
TCK: 0, TDI: 0, TDO: 1, TMS: 0, TRES: 1, TRST: 1
Hardware-Breakpoints: 6
Software-Breakpoints: 8192
Watchpoints:          4
JTAG speed: 4000 kHz
 
Erase Done.
Programming Done.
Verify OK.
Application running ...
Rebuild target 'STM32F103C8T'
assembling startup_stm32f10x_md.s...
compiling system_stm32f10x.c...
compiling stm32f10x_rcc.c...
compiling stm32f10x_gpio.c...
compiling stm32f10x_tim.c...
compiling stm32f1_system.c...
compiling stm32f1_delay.c...
compiling experiment_stm32f1.c...
linking...
Program Size: Code=6628 RO-data=268 RW-data=40 ZI-data=1024  
".\Obj\STM32F103C8T.axf" - 0 Errors, 0 Warning(s).
Rebuild target 'STM32F103C8T'
assembling startup_stm32f10x_md.s...
compiling system_stm32f10x.c...
compiling stm32f10x_rcc.c...
compiling stm32f10x_gpio.c...
compiling stm32f10x_tim.c...
compiling stm32f1_system.c...
compiling stm32f1_delay.c...
compiling experiment_stm32f1.c...
linking...
Program Size: Code=6628 RO-data=268 RW-data=40 ZI-data=1024  
".\Obj\STM32F103C8T.axf" - 0 Errors, 0 Warning(s).
Rebuild target 'STM32F103C8T'
assembling startup_stm32f10x_md.s...
compiling system_stm32f10x.c...
compiling stm32f10x_rcc.c...
compiling stm32f10x_gpio.c...
compiling stm32f10x_tim.c...
compiling stm32f1_system.c...
compiling stm32f1_delay.c...
compiling experiment_stm32f1.c...
linking...
Program Size: Code=6628 RO-data=268 RW-data=40 ZI-data=1024  
".\Obj\STM32F103C8T.axf" - 0 Errors, 0 Warning(s).
Load "E:\\Desktop\\STM32F1_RNR_TestPWM_20130827\\ProjectNR\\Obj\\STM32F103C8T.axf" 
Set JLink Project File to "E:\Desktop\STM32F1_RNR_TestPWM_20130827\ProjectNR\JLinkSettings.ini"
* JLink Info: Device "STM32F103C8" selected (64 KB flash, 20 KB RAM).
 
JLink info:
------------
DLL: V4.76 , compiled Aug 23 2013 20:59:10
Firmware: J-Link ARM-OB STM32 compiled Aug 22 2012 19:52:04
Hardware: V7.00
S/N : 20090928 
Feature(s) : RDI,FlashDL,FlashBP,JFlash,GDBFull 
 
* JLink Info: Found SWD-DP with ID 0x1BA01477
* JLink Info: Found SWD-DP with ID 0x1BA01477
* JLink Info: Found Cortex-M3 r1p1, Little endian.
* JLink Info: FPUnit: 6 code (BP) slots and 2 literal slots
* JLink Info: TPIU fitted.
ROMTableAddr = 0xE00FF003
 
Target info:
------------
Device: STM32F103C8
VTarget = 3.300V
State of Pins: 
TCK: 0, TDI: 0, TDO: 1, TMS: 0, TRES: 1, TRST: 1
Hardware-Breakpoints: 6
Software-Breakpoints: 8192
Watchpoints:          4
JTAG speed: 4000 kHz
 
Erase Done.
Programming Done.
Verify OK.
Application running ...
Rebuild target 'STM32F103C8T'
assembling startup_stm32f10x_md.s...
compiling system_stm32f10x.c...
compiling stm32f10x_rcc.c...
compiling stm32f10x_gpio.c...
compiling stm32f10x_tim.c...
compiling stm32f1_system.c...
compiling stm32f1_delay.c...
compiling experiment_stm32f1.c...
linking...
Program Size: Code=6628 RO-data=268 RW-data=40 ZI-data=1024  
".\Obj\STM32F103C8T.axf" - 0 Errors, 0 Warning(s).
Rebuild target 'STM32F103C8T'
assembling startup_stm32f10x_md.s...
compiling system_stm32f10x.c...
compiling stm32f10x_rcc.c...
compiling stm32f10x_gpio.c...
compiling stm32f10x_tim.c...
compiling stm32f1_system.c...
compiling stm32f1_delay.c...
compiling experiment_stm32f1.c...
linking...
Program Size: Code=6628 RO-data=268 RW-data=40 ZI-data=1024  
".\Obj\STM32F103C8T.axf" - 0 Errors, 0 Warning(s).
Load "E:\\Desktop\\STM32F1_RNR_TestPWM_20130827\\ProjectNR\\Obj\\STM32F103C8T.axf" 
Set JLink Project File to "E:\Desktop\STM32F1_RNR_TestPWM_20130827\ProjectNR\JLinkSettings.ini"
* JLink Info: Device "STM32F103C8" selected (64 KB flash, 20 KB RAM).
 
JLink info:
------------
DLL: V4.76 , compiled Aug 23 2013 20:59:10
Firmware: J-Link ARM-OB STM32 compiled Aug 22 2012 19:52:04
Hardware: V7.00
S/N : 20090928 
Feature(s) : RDI,FlashDL,FlashBP,JFlash,GDBFull 
 
* JLink Info: Found SWD-DP with ID 0x1BA01477
* JLink Info: Found SWD-DP with ID 0x1BA01477
* JLink Info: Found Cortex-M3 r1p1, Little endian.
* JLink Info: FPUnit: 6 code (BP) slots and 2 literal slots
* JLink Info: TPIU fitted.
ROMTableAddr = 0xE00FF003
 
Target info:
------------
Device: STM32F103C8
VTarget = 3.300V
State of Pins: 
TCK: 0, TDI: 0, TDO: 1, TMS: 0, TRES: 1, TRST: 1
Hardware-Breakpoints: 6
Software-Breakpoints: 8192
Watchpoints:          4
JTAG speed: 4000 kHz
 
Erase Done.
Programming Done.
Verify OK.
Application running ...
